Analyzing SportsApp...

  error - lib\screens\home_dashboard.dart:566:75 - The name 'PredictionMarketScreen' isn't a class. Try correcting the name to match an existing class. - creation_with_non_type
   info - lib\screens\ai_match_insights_screen.dart:78:45 - 'withOpacity' is deprecated and shouldn't be used. Use .withValues() to avoid precision loss. Try replacing the use of the deprecated member with the replacement. - deprecated_member_use
   info - lib\screens\ai_match_insights_screen.dart:162:29 - 'withOpacity' is deprecated and shouldn't be used. Use .withValues() to avoid precision loss. Try replacing the use of the deprecated member with the replacement. - deprecated_member_use
   info - lib\screens\ai_match_insights_screen.dart:165:41 - 'withOpacity' is deprecated and shouldn't be used. Use .withValues() to avoid precision loss. Try replacing the use of the deprecated member with the replacement. - deprecated_member_use
   info - lib\screens\ai_match_insights_screen.dart:200:55 - 'withOpacity' is deprecated and shouldn't be used. Use .withValues() to avoid precision loss. Try replacing the use of the deprecated member with the replacement. - deprecated_member_use
   info - lib\screens\ai_match_insights_screen.dart:206:92 - 'withOpacity' is deprecated and shouldn't be used. Use .withValues() to avoid precision loss. Try replacing the use of the deprecated member with the replacement. - deprecated_member_use
   info - lib\screens\ai_match_insights_screen.dart:208:188 - 'withOpacity' is deprecated and shouldn't be used. Use .withValues() to avoid precision loss. Try replacing the use of the deprecated member with the replacement. - deprecated_member_use
   info - lib\screens\ai_match_insights_screen.dart:235:68 - 'withOpacity' is deprecated and shouldn't be used. Use .withValues() to avoid precision loss. Try replacing the use of the deprecated member with the replacement. - deprecated_member_use
   info - lib\screens\ai_match_insights_screen.dart:238:33 - 'withOpacity' is deprecated and shouldn't be used. Use .withValues() to avoid precision loss. Try replacing the use of the deprecated member with the replacement. - deprecated_member_use
   info - lib\screens\ai_match_insights_screen.dart:352:47 - 'withOpacity' is deprecated and shouldn't be used. Use .withValues() to avoid precision loss. Try replacing the use of the deprecated member with the replacement. - deprecated_member_use
   info - lib\screens\ai_match_insights_screen.dart:352:99 - 'withOpacity' is deprecated and shouldn't be used. Use .withValues() to avoid precision loss. Try replacing the use of the deprecated member with the replacement. - deprecated_member_use
   info - lib\screens\ai_match_insights_screen.dart:366:56 - 'withOpacity' is deprecated and shouldn't be used. Use .withValues() to avoid precision loss. Try replacing the use of the deprecated member with the replacement. - deprecated_member_use
   info - lib\screens\ai_match_insights_screen.dart:376:60 - 'withOpacity' is deprecated and shouldn't be used. Use .withValues() to avoid precision loss. Try replacing the use of the deprecated member with the replacement. - deprecated_member_use
   info - lib\screens\ai_match_insights_screen.dart:493:83 - 'withOpacity' is deprecated and shouldn't be used. Use .withValues() to avoid precision loss. Try replacing the use of the deprecated member with the replacement. - deprecated_member_use
   info - lib\screens\ai_match_insights_screen.dart:493:119 - 'withOpacity' is deprecated and shouldn't be used. Use .withValues() to avoid precision loss. Try replacing the use of the deprecated member with the replacement. - deprecated_member_use
   info - lib\screens\home_dashboard.dart:182:37 - 'withOpacity' is deprecated and shouldn't be used. Use .withValues() to avoid precision loss. Try replacing the use of the deprecated member with the replacement. - deprecated_member_use
   info - lib\screens\home_dashboard.dart:281:42 - 'withOpacity' is deprecated and shouldn't be used. Use .withValues() to avoid precision loss. Try replacing the use of the deprecated member with the replacement. - deprecated_member_use
   info - lib\screens\home_dashboard.dart:360:41 - 'withOpacity' is deprecated and shouldn't be used. Use .withValues() to avoid precision loss. Try replacing the use of the deprecated member with the replacement. - deprecated_member_use
   info - lib\screens\home_dashboard.dart:374:52 - 'withOpacity' is deprecated and shouldn't be used. Use .withValues() to avoid precision loss. Try replacing the use of the deprecated member with the replacement. - deprecated_member_use
   info - lib\screens\home_dashboard.dart:390:62 - 'withOpacity' is deprecated and shouldn't be used. Use .withValues() to avoid precision loss. Try replacing the use of the deprecated member with the replacement. - deprecated_member_use
   info - lib\screens\home_dashboard.dart:480:43 - 'withOpacity' is deprecated and shouldn't be used. Use .withValues() to avoid precision loss. Try replacing the use of the deprecated member with the replacement. - deprecated_member_use
   info - lib\screens\home_dashboard.dart:482:50 - 'withOpacity' is deprecated and shouldn't be used. Use .withValues() to avoid precision loss. Try replacing the use of the deprecated member with the replacement. - deprecated_member_use
   info - lib\screens\home_dashboard.dart:541:35 - 'withOpacity' is deprecated and shouldn't be used. Use .withValues() to avoid precision loss. Try replacing the use of the deprecated member with the replacement. - deprecated_member_use
   info - lib\screens\login_screen.dart:170:68 - 'withOpacity' is deprecated and shouldn't be used. Use .withValues() to avoid precision loss. Try replacing the use of the deprecated member with the replacement. - deprecated_member_use
   info - lib\screens\match_room_screen.dart:267:55 - 'withOpacity' is deprecated and shouldn't be used. Use .withValues() to avoid precision loss. Try replacing the use of the deprecated member with the replacement. - deprecated_member_use
   info - lib\screens\match_room_screen.dart:267:104 - 'withOpacity' is deprecated and shouldn't be used. Use .withValues() to avoid precision loss. Try replacing the use of the deprecated member with the replacement. - deprecated_member_use
   info - lib\screens\match_room_screen.dart:269:74 - 'withOpacity' is deprecated and shouldn't be used. Use .withValues() to avoid precision loss. Try replacing the use of the deprecated member with the replacement. - deprecated_member_use
   info - lib\screens\match_room_screen.dart:269:126 - 'withOpacity' is deprecated and shouldn't be used. Use .withValues() to avoid precision loss. Try replacing the use of the deprecated member with the replacement. - deprecated_member_use
   info - lib\screens\match_room_screen.dart:270:77 - 'withOpacity' is deprecated and shouldn't be used. Use .withValues() to avoid precision loss. Try replacing the use of the deprecated member with the replacement. - deprecated_member_use
   info - lib\screens\match_room_screen.dart:279:63 - 'withOpacity' is deprecated and shouldn't be used. Use .withValues() to avoid precision loss. Try replacing the use of the deprecated member with the replacement. - deprecated_member_use
   info - lib\screens\match_room_screen.dart:279:112 - 'withOpacity' is deprecated and shouldn't be used. Use .withValues() to avoid precision loss. Try replacing the use of the deprecated member with the replacement. - deprecated_member_use
   info - lib\screens\match_room_screen.dart:396:91 - 'withOpacity' is deprecated and shouldn't be used. Use .withValues() to avoid precision loss. Try replacing the use of the deprecated member with the replacement. - deprecated_member_use
   info - lib\screens\match_room_screen.dart:398:73 - 'withOpacity' is deprecated and shouldn't be used. Use .withValues() to avoid precision loss. Try replacing the use of the deprecated member with the replacement. - deprecated_member_use
   info - lib\screens\match_room_screen.dart:445:33 - 'withOpacity' is deprecated and shouldn't be used. Use .withValues() to avoid precision loss. Try replacing the use of the deprecated member with the replacement. - deprecated_member_use
   info - lib\screens\match_room_screen.dart:447:55 - 'withOpacity' is deprecated and shouldn't be used. Use .withValues() to avoid precision loss. Try replacing the use of the deprecated member with the replacement. - deprecated_member_use
   info - lib\screens\match_room_screen.dart:480:113 - 'withOpacity' is deprecated and shouldn't be used. Use .withValues() to avoid precision loss. Try replacing the use of the deprecated member with the replacement. - deprecated_member_use
   info - lib\screens\match_room_screen.dart:483:98 - 'withOpacity' is deprecated and shouldn't be used. Use .withValues() to avoid precision loss. Try replacing the use of the deprecated member with the replacement. - deprecated_member_use
   info - lib\screens\match_room_screen.dart:492:75 - 'withOpacity' is deprecated and shouldn't be used. Use .withValues() to avoid precision loss. Try replacing the use of the deprecated member with the replacement. - deprecated_member_use
   info - lib\screens\match_room_screen.dart:507:89 - 'withOpacity' is deprecated and shouldn't be used. Use .withValues() to avoid precision loss. Try replacing the use of the deprecated member with the replacement. - deprecated_member_use
   info - lib\screens\match_room_screen.dart:630:76 - 'withOpacity' is deprecated and shouldn't be used. Use .withValues() to avoid precision loss. Try replacing the use of the deprecated member with the replacement. - deprecated_member_use
   info - lib\screens\match_room_screen.dart:671:33 - 'withOpacity' is deprecated and shouldn't be used. Use .withValues() to avoid precision loss. Try replacing the use of the deprecated member with the replacement. - deprecated_member_use
   info - lib\screens\match_room_screen.dart:672:80 - 'withOpacity' is deprecated and shouldn't be used. Use .withValues() to avoid precision loss. Try replacing the use of the deprecated member with the replacement. - deprecated_member_use
   info - lib\screens\match_room_screen.dart:673:55 - 'withOpacity' is deprecated and shouldn't be used. Use .withValues() to avoid precision loss. Try replacing the use of the deprecated member with the replacement. - deprecated_member_use
   info - lib\screens\match_room_screen.dart:692:57 - 'withOpacity' is deprecated and shouldn't be used. Use .withValues() to avoid precision loss. Try replacing the use of the deprecated member with the replacement. - deprecated_member_use
   info - lib\screens\match_room_screen.dart:705:86 - 'withOpacity' is deprecated and shouldn't be used. Use .withValues() to avoid precision loss. Try replacing the use of the deprecated member with the replacement. - deprecated_member_use
   info - lib\screens\match_room_screen.dart:706:180 - 'withOpacity' is deprecated and shouldn't be used. Use .withValues() to avoid precision loss. Try replacing the use of the deprecated member with the replacement. - deprecated_member_use
   info - lib\screens\match_room_screen.dart:712:49 - 'withOpacity' is deprecated and shouldn't be used. Use .withValues() to avoid precision loss. Try replacing the use of the deprecated member with the replacement. - deprecated_member_use
   info - lib\screens\match_room_screen.dart:716:74 - 'withOpacity' is deprecated and shouldn't be used. Use .withValues() to avoid precision loss. Try replacing the use of the deprecated member with the replacement. - deprecated_member_use
   info - lib\screens\match_room_screen.dart:728:222 - 'withOpacity' is deprecated and shouldn't be used. Use .withValues() to avoid precision loss. Try replacing the use of the deprecated member with the replacement. - deprecated_member_use
   info - lib\screens\match_room_screen.dart:734:131 - 'withOpacity' is deprecated and shouldn't be used. Use .withValues() to avoid precision loss. Try replacing the use of the deprecated member with the replacement. - deprecated_member_use
   info - lib\screens\match_room_screen.dart:734:208 - 'withOpacity' is deprecated and shouldn't be used. Use .withValues() to avoid precision loss. Try replacing the use of the deprecated member with the replacement. - deprecated_member_use
   info - lib\screens\match_room_screen.dart:776:91 - 'withOpacity' is deprecated and shouldn't be used. Use .withValues() to avoid precision loss. Try replacing the use of the deprecated member with the replacement. - deprecated_member_use
   info - lib\screens\onboarding\components\onboarding_bottom_bar.dart:28:52 - 'withOpacity' is deprecated and shouldn't be used. Use .withValues() to avoid precision loss. Try replacing the use of the deprecated member with the replacement. - deprecated_member_use
   info - lib\screens\onboarding\components\onboarding_bottom_bar.dart:48:64 - 'withOpacity' is deprecated and shouldn't be used. Use .withValues() to avoid precision loss. Try replacing the use of the deprecated member with the replacement. - deprecated_member_use
   info - lib\screens\onboarding\components\onboarding_bottom_bar.dart:50:58 - 'withOpacity' is deprecated and shouldn't be used. Use .withValues() to avoid precision loss. Try replacing the use of the deprecated member with the replacement. - deprecated_member_use
   info - lib\screens\onboarding\components\progress_top_line.dart:23:60 - 'withOpacity' is deprecated and shouldn't be used. Use .withValues() to avoid precision loss. Try replacing the use of the deprecated member with the replacement. - deprecated_member_use
   info - lib\screens\onboarding\components\selection_card.dart:28:57 - 'withOpacity' is deprecated and shouldn't be used. Use .withValues() to avoid precision loss. Try replacing the use of the deprecated member with the replacement. - deprecated_member_use
   info - lib\screens\onboarding\components\selection_card.dart:35:59 - 'withOpacity' is deprecated and shouldn't be used. Use .withValues() to avoid precision loss. Try replacing the use of the deprecated member with the replacement. - deprecated_member_use
   info - lib\screens\onboarding\components\selection_card.dart:36:51 - 'withOpacity' is deprecated and shouldn't be used. Use .withValues() to avoid precision loss. Try replacing the use of the deprecated member with the replacement. - deprecated_member_use
   info - lib\screens\onboarding\notification_prefs_screen.dart:52:57 - 'withOpacity' is deprecated and shouldn't be used. Use .withValues() to avoid precision loss. Try replacing the use of the deprecated member with the replacement. - deprecated_member_use
   info - lib\screens\onboarding\notification_prefs_screen.dart:53:99 - 'withOpacity' is deprecated and shouldn't be used. Use .withValues() to avoid precision loss. Try replacing the use of the deprecated member with the replacement. - deprecated_member_use
   info - lib\screens\onboarding\notification_prefs_screen.dart:161:62 - 'withOpacity' is deprecated and shouldn't be used. Use .withValues() to avoid precision loss. Try replacing the use of the deprecated member with the replacement. - deprecated_member_use
   info - lib\screens\onboarding\notification_prefs_screen.dart:182:53 - 'withOpacity' is deprecated and shouldn't be used. Use .withValues() to avoid precision loss. Try replacing the use of the deprecated member with the replacement. - deprecated_member_use
   info - lib\screens\onboarding\notification_prefs_screen.dart:218:54 - 'withOpacity' is deprecated and shouldn't be used. Use .withValues() to avoid precision loss. Try replacing the use of the deprecated member with the replacement. - deprecated_member_use
   info - lib\screens\onboarding\notification_prefs_screen.dart:244:44 - 'withOpacity' is deprecated and shouldn't be used. Use .withValues() to avoid precision loss. Try replacing the use of the deprecated member with the replacement. - deprecated_member_use
   info - lib\screens\onboarding\notification_prefs_screen.dart:247:46 - 'withOpacity' is deprecated and shouldn't be used. Use .withValues() to avoid precision loss. Try replacing the use of the deprecated member with the replacement. - deprecated_member_use
   info - lib\screens\onboarding\notification_prefs_screen.dart:296:62 - 'withOpacity' is deprecated and shouldn't be used. Use .withValues() to avoid precision loss. Try replacing the use of the deprecated member with the replacement. - deprecated_member_use
   info - lib\screens\onboarding\onboarding_ready_screen.dart:58:58 - 'withOpacity' is deprecated and shouldn't be used. Use .withValues() to avoid precision loss. Try replacing the use of the deprecated member with the replacement. - deprecated_member_use
   info - lib\screens\onboarding\onboarding_ready_screen.dart:91:76 - 'withOpacity' is deprecated and shouldn't be used. Use .withValues() to avoid precision loss. Try replacing the use of the deprecated member with the replacement. - deprecated_member_use
   info - lib\screens\onboarding\onboarding_ready_screen.dart:104:73 - 'withOpacity' is deprecated and shouldn't be used. Use .withValues() to avoid precision loss. Try replacing the use of the deprecated member with the replacement. - deprecated_member_use
   info - lib\screens\onboarding\pick_competitions_screen.dart:48:99 - 'withOpacity' is deprecated and shouldn't be used. Use .withValues() to avoid precision loss. Try replacing the use of the deprecated member with the replacement. - deprecated_member_use
   info - lib\screens\onboarding\pick_competitions_screen.dart:67:67 - 'withOpacity' is deprecated and shouldn't be used. Use .withValues() to avoid precision loss. Try replacing the use of the deprecated member with the replacement. - deprecated_member_use
   info - lib\screens\onboarding\pick_competitions_screen.dart:86:60 - 'withOpacity' is deprecated and shouldn't be used. Use .withValues() to avoid precision loss. Try replacing the use of the deprecated member with the replacement. - deprecated_member_use
   info - lib\screens\onboarding\pick_competitions_screen.dart:137:67 - 'withOpacity' is deprecated and shouldn't be used. Use .withValues() to avoid precision loss. Try replacing the use of the deprecated member with the replacement. - deprecated_member_use
   info - lib\screens\onboarding\pick_competitions_screen.dart:181:58 - 'withOpacity' is deprecated and shouldn't be used. Use .withValues() to avoid precision loss. Try replacing the use of the deprecated member with the replacement. - deprecated_member_use
   info - lib\screens\onboarding\pick_teams_screen.dart:105:104 - 'withOpacity' is deprecated and shouldn't be used. Use .withValues() to avoid precision loss. Try replacing the use of the deprecated member with the replacement. - deprecated_member_use
   info - lib\screens\onboarding\pick_teams_screen.dart:112:67 - 'withOpacity' is deprecated and shouldn't be used. Use .withValues() to avoid precision loss. Try replacing the use of the deprecated member with the replacement. - deprecated_member_use
   info - lib\screens\onboarding\pick_teams_screen.dart:327:78 - 'withOpacity' is deprecated and shouldn't be used. Use .withValues() to avoid precision loss. Try replacing the use of the deprecated member with the replacement. - deprecated_member_use
   info - lib\screens\onboarding\pick_teams_screen.dart:336:54 - 'withOpacity' is deprecated and shouldn't be used. Use .withValues() to avoid precision loss. Try replacing the use of the deprecated member with the replacement. - deprecated_member_use
   info - lib\screens\onboarding\welcome_screen.dart:32:58 - 'withOpacity' is deprecated and shouldn't be used. Use .withValues() to avoid precision loss. Try replacing the use of the deprecated member with the replacement. - deprecated_member_use
   info - lib\screens\prediction_market_screen.dart:1:8 - The import of 'dart:ui' is unnecessary because all of the used elements are also provided by the import of 'package:flutter/material.dart'. Try removing the import directive. - unnecessary_import
   info - lib\screens\prediction_market_screen.dart:136:57 - 'withOpacity' is deprecated and shouldn't be used. Use .withValues() to avoid precision loss. Try replacing the use of the deprecated member with the replacement. - deprecated_member_use
   info - lib\screens\prediction_market_screen.dart:192:37 - 'withOpacity' is deprecated and shouldn't be used. Use .withValues() to avoid precision loss. Try replacing the use of the deprecated member with the replacement. - deprecated_member_use
   info - lib\screens\prediction_market_screen.dart:197:56 - 'withOpacity' is deprecated and shouldn't be used. Use .withValues() to avoid precision loss. Try replacing the use of the deprecated member with the replacement. - deprecated_member_use
   info - lib\screens\prediction_market_screen.dart:206:50 - 'withOpacity' is deprecated and shouldn't be used. Use .withValues() to avoid precision loss. Try replacing the use of the deprecated member with the replacement. - deprecated_member_use
   info - lib\screens\prediction_market_screen.dart:253:68 - 'withOpacity' is deprecated and shouldn't be used. Use .withValues() to avoid precision loss. Try replacing the use of the deprecated member with the replacement. - deprecated_member_use
   info - lib\screens\prediction_market_screen.dart:281:72 - 'withOpacity' is deprecated and shouldn't be used. Use .withValues() to avoid precision loss. Try replacing the use of the deprecated member with the replacement. - deprecated_member_use
   info - lib\screens\prediction_market_screen.dart:300:58 - 'withOpacity' is deprecated and shouldn't be used. Use .withValues() to avoid precision loss. Try replacing the use of the deprecated member with the replacement. - deprecated_member_use
   info - lib\screens\prediction_market_screen.dart:352:56 - 'withOpacity' is deprecated and shouldn't be used. Use .withValues() to avoid precision loss. Try replacing the use of the deprecated member with the replacement. - deprecated_member_use
   info - lib\screens\prediction_market_screen.dart:355:37 - 'withOpacity' is deprecated and shouldn't be used. Use .withValues() to avoid precision loss. Try replacing the use of the deprecated member with the replacement. - deprecated_member_use
   info - lib\screens\prediction_market_screen.dart:498:33 - 'withOpacity' is deprecated and shouldn't be used. Use .withValues() to avoid precision loss. Try replacing the use of the deprecated member with the replacement. - deprecated_member_use
   info - lib\screens\prediction_market_screen.dart:517:45 - 'withOpacity' is deprecated and shouldn't be used. Use .withValues() to avoid precision loss. Try replacing the use of the deprecated member with the replacement. - deprecated_member_use
   info - lib\screens\prediction_market_screen.dart:534:50 - 'withOpacity' is deprecated and shouldn't be used. Use .withValues() to avoid precision loss. Try replacing the use of the deprecated member with the replacement. - deprecated_member_use
   info - lib\screens\prediction_market_screen.dart:536:62 - 'withOpacity' is deprecated and shouldn't be used. Use .withValues() to avoid precision loss. Try replacing the use of the deprecated member with the replacement. - deprecated_member_use
   info - lib\screens\prediction_market_screen.dart:555:48 - 'withOpacity' is deprecated and shouldn't be used. Use .withValues() to avoid precision loss. Try replacing the use of the deprecated member with the replacement. - deprecated_member_use
   info - lib\screens\prediction_market_screen.dart:673:54 - 'withOpacity' is deprecated and shouldn't be used. Use .withValues() to avoid precision loss. Try replacing the use of the deprecated member with the replacement. - deprecated_member_use
   info - lib\screens\verification_screen.dart:221:96 - 'withOpacity' is deprecated and shouldn't be used. Use .withValues() to avoid precision loss. Try replacing the use of the deprecated member with the replacement. - deprecated_member_use
   info - lib\screens\verification_screen.dart:240:106 - 'withOpacity' is deprecated and shouldn't be used. Use .withValues() to avoid precision loss. Try replacing the use of the deprecated member with the replacement. - deprecated_member_use
   info - lib\screens\verification_success_screen.dart:62:52 - 'withOpacity' is deprecated and shouldn't be used. Use .withValues() to avoid precision loss. Try replacing the use of the deprecated member with the replacement. - deprecated_member_use
   info - lib\screens\verification_success_screen.dart:78:54 - 'withOpacity' is deprecated and shouldn't be used. Use .withValues() to avoid precision loss. Try replacing the use of the deprecated member with the replacement. - deprecated_member_use
   info - lib\screens\verification_success_screen.dart:100:46 - 'withOpacity' is deprecated and shouldn't be used. Use .withValues() to avoid precision loss. Try replacing the use of the deprecated member with the replacement. - deprecated_member_use
   info - lib\screens\verification_success_screen.dart:169:76 - 'withOpacity' is deprecated and shouldn't be used. Use .withValues() to avoid precision loss. Try replacing the use of the deprecated member with the replacement. - deprecated_member_use
   info - lib\screens\verification_success_screen.dart:182:73 - 'withOpacity' is deprecated and shouldn't be used. Use .withValues() to avoid precision loss. Try replacing the use of the deprecated member with the replacement. - deprecated_member_use
   info - lib\screens\verification_success_screen.dart:231:65 - 'withOpacity' is deprecated and shouldn't be used. Use .withValues() to avoid precision loss. Try replacing the use of the deprecated member with the replacement. - deprecated_member_use
   info - lib\screens\verification_success_screen.dart:264:86 - 'withOpacity' is deprecated and shouldn't be used. Use .withValues() to avoid precision loss. Try replacing the use of the deprecated member with the replacement. - deprecated_member_use
   info - lib\theme\app_theme.dart:39:9 - 'background' is deprecated and shouldn't be used. Use surface instead. This feature was deprecated after v3.18.0-0.1.pre. Try replacing the use of the deprecated member with the replacement. - deprecated_member_use
   info - lib\theme\app_theme.dart:41:9 - 'surfaceVariant' is deprecated and shouldn't be used. Use surfaceContainerHighest instead. This feature was deprecated after v3.18.0-0.1.pre. Try replacing the use of the deprecated member with the replacement. - deprecated_member_use
   info - lib\widgets\filter_row.dart:40:82 - 'withOpacity' is deprecated and shouldn't be used. Use .withValues() to avoid precision loss. Try replacing the use of the deprecated member with the replacement. - deprecated_member_use
   info - lib\widgets\league_group.dart:75:61 - 'withOpacity' is deprecated and shouldn't be used. Use .withValues() to avoid precision loss. Try replacing the use of the deprecated member with the replacement. - deprecated_member_use

109 issues found.
