00:00 +0: loading D:/Projects/SportsApp/test/data/supabase_match_provider_test.dart
00:00 +0: D:/Projects/SportsApp/test/data/supabase_match_provider_test.dart: Supabase JSON -> Match mapping maps live match correctly
00:00 +1: D:/Projects/SportsApp/test/data/supabase_match_provider_test.dart: Supabase JSON -> Match mapping maps finished match correctly
00:00 +2: D:/Projects/SportsApp/test/data/supabase_match_provider_test.dart: Supabase JSON -> Match mapping maps pre_match as upcoming
00:00 +3: D:/Projects/SportsApp/test/data/supabase_match_provider_test.dart: Supabase JSON -> Match mapping unknown status defaults to upcoming
00:00 +4: D:/Projects/SportsApp/test/data/supabase_match_provider_test.dart: Supabase JSON -> Match mapping null league_id defaults to premier_league
00:00 +5: D:/Projects/SportsApp/test/data/supabase_match_provider_test.dart: Supabase JSON -> Match mapping null logo URLs get fallback values
00:00 +6: D:/Projects/SportsApp/test/data/supabase_match_provider_test.dart: Supabase JSON -> Match mapping null league_name stays null
00:00 +7: D:/Projects/SportsApp/test/data/supabase_match_provider_test.dart: Supabase JSON -> Match mapping scores are converted to strings
00:00 +8: D:/Projects/SportsApp/test/integration/home_dashboard_test.dart: HomeDashboard Integration Tests Dashboard renders live matches and filters correctly
00:00 +9: D:/Projects/SportsApp/test/integration/home_dashboard_test.dart: HomeDashboard Integration Tests Dashboard renders live matches and filters correctly
00:00 +10: D:/Projects/SportsApp/test/integration/home_dashboard_test.dart: HomeDashboard Integration Tests Dashboard renders live matches and filters correctly
00:00 +11: D:/Projects/SportsApp/test/integration/home_dashboard_test.dart: HomeDashboard Integration Tests Dashboard renders live matches and filters correctly
00:00 +12: D:/Projects/SportsApp/test/integration/home_dashboard_test.dart: HomeDashboard Integration Tests Dashboard renders live matches and filters correctly
00:00 +13: D:/Projects/SportsApp/test/integration/home_dashboard_test.dart: HomeDashboard Integration Tests Dashboard renders live matches and filters correctly
00:00 +14: D:/Projects/SportsApp/test/integration/home_dashboard_test.dart: HomeDashboard Integration Tests Dashboard renders live matches and filters correctly
00:00 +15: D:/Projects/SportsApp/test/integration/home_dashboard_test.dart: HomeDashboard Integration Tests Dashboard renders live matches and filters correctly
00:00 +16: D:/Projects/SportsApp/test/integration/home_dashboard_test.dart: HomeDashboard Integration Tests Dashboard renders live matches and filters correctly
00:00 +17: D:/Projects/SportsApp/test/integration/home_dashboard_test.dart: HomeDashboard Integration Tests Dashboard renders live matches and filters correctly
00:00 +18: D:/Projects/SportsApp/test/integration/home_dashboard_test.dart: HomeDashboard Integration Tests Dashboard renders live matches and filters correctly
00:00 +19: D:/Projects/SportsApp/test/integration/home_dashboard_test.dart: HomeDashboard Integration Tests Dashboard renders live matches and filters correctly
00:00 +20: D:/Projects/SportsApp/test/integration/home_dashboard_test.dart: HomeDashboard Integration Tests Dashboard renders live matches and filters correctly
00:00 +21: D:/Projects/SportsApp/test/integration/home_dashboard_test.dart: HomeDashboard Integration Tests Dashboard renders live matches and filters correctly
00:00 +22: D:/Projects/SportsApp/test/integration/home_dashboard_test.dart: HomeDashboard Integration Tests Dashboard renders live matches and filters correctly
00:00 +23: D:/Projects/SportsApp/test/integration/home_dashboard_test.dart: HomeDashboard Integration Tests Dashboard renders live matches and filters correctly
00:00 +24: D:/Projects/SportsApp/test/integration/home_dashboard_test.dart: HomeDashboard Integration Tests Dashboard renders live matches and filters correctly
ΓòÉΓòÉΓòí EXCEPTION CAUGHT BY WIDGETS LIBRARY Γò₧ΓòÉΓòÉΓòÉΓòÉΓòÉΓòÉΓòÉΓòÉΓòÉΓòÉΓòÉΓòÉΓòÉΓòÉΓòÉΓòÉΓòÉΓòÉΓòÉΓòÉΓòÉΓòÉΓòÉΓòÉΓòÉΓòÉΓòÉΓòÉΓòÉΓòÉΓòÉΓòÉΓòÉΓòÉΓòÉΓòÉΓòÉΓòÉΓòÉΓòÉΓòÉΓòÉΓòÉΓòÉΓòÉΓòÉΓòÉΓòÉΓòÉΓòÉΓòÉΓòÉΓòÉΓòÉΓòÉΓòÉΓòÉΓòÉΓòÉ
The following _TypeError was thrown building HomeDashboard(dirty, dependencies:
[InheritedCupertinoTheme, _InheritedTheme, _LocalizationsScope-[GlobalKey#7526a],
_UncontrolledProviderScope], state: _HomeDashboardState#c1ed2):
Null check operator used on a null value

The relevant error-causing widget was:
  HomeDashboard
  HomeDashboard:file:///D:/Projects/SportsApp/test/integration/home_dashboard_test.dart:25:17

When the exception was thrown, this was the stack:
#0      ThemeContext.colors (package:sports_app/theme/app_theme.dart:4:64)
#1      _HomeDashboardState.build (package:sports_app/screens/home_dashboard.dart:134:32)
#2      StatefulElement.build (package:flutter/src/widgets/framework.dart:5931:27)
#3      ConsumerStatefulElement.build (package:flutter_riverpod/src/core/consumer.dart:445:20)
#4      ComponentElement.performRebuild (package:flutter/src/widgets/framework.dart:5817:15)
#5      StatefulElement.performRebuild (package:flutter/src/widgets/framework.dart:5982:11)
#6      Element.rebuild (package:flutter/src/widgets/framework.dart:5529:7)
#7      ComponentElement._firstBuild (package:flutter/src/widgets/framework.dart:5799:5)
#8      StatefulElement._firstBuild (package:flutter/src/widgets/framework.dart:5973:11)
#9      ComponentElement.mount (package:flutter/src/widgets/framework.dart:5793:5)
...     Normal element mounting (260 frames)
#269    Element.inflateWidget (package:flutter/src/widgets/framework.dart:4587:20)
#270    MultiChildRenderObjectElement.inflateWidget (package:flutter/src/widgets/framework.dart:7264:36)
#271    MultiChildRenderObjectElement.mount (package:flutter/src/widgets/framework.dart:7279:32)
...     Normal element mounting (489 frames)
#760    Element.inflateWidget (package:flutter/src/widgets/framework.dart:4587:20)
#761    Element.updateChild (package:flutter/src/widgets/framework.dart:4053:20)
#762    ComponentElement.performRebuild (package:flutter/src/widgets/framework.dart:5841:16)
#763    Element.rebuild (package:flutter/src/widgets/framework.dart:5529:7)
#764    ProxyElement.update (package:flutter/src/widgets/framework.dart:6149:5)
#765    _InheritedNotifierElement.update (package:flutter/src/widgets/inherited_notifier.dart:108:11)
#766    Element.updateChild (package:flutter/src/widgets/framework.dart:4037:15)
#767    ComponentElement.performRebuild (package:flutter/src/widgets/framework.dart:5841:16)
#768    StatefulElement.performRebuild (package:flutter/src/widgets/framework.dart:5982:11)
#769    Element.rebuild (package:flutter/src/widgets/framework.dart:5529:7)
#770    StatefulElement.update (package:flutter/src/widgets/framework.dart:6007:5)
#771    Element.updateChild (package:flutter/src/widgets/framework.dart:4037:15)
#772    ComponentElement.performRebuild (package:flutter/src/widgets/framework.dart:5841:16)
#773    Element.rebuild (package:flutter/src/widgets/framework.dart:5529:7)
#774    ProxyElement.update (package:flutter/src/widgets/framework.dart:6149:5)
#775    _InheritedNotifierElement.update (package:flutter/src/widgets/inherited_notifier.dart:108:11)
#776    Element.updateChild (package:flutter/src/widgets/framework.dart:4037:15)
#777    ComponentElement.performRebuild (package:flutter/src/widgets/framework.dart:5841:16)
#778    StatefulElement.performRebuild (package:flutter/src/widgets/framework.dart:5982:11)
#779    Element.rebuild (package:flutter/src/widgets/framework.dart:5529:7)
#780    StatefulElement.update (package:flutter/src/widgets/framework.dart:6007:5)
#781    Element.updateChild (package:flutter/src/widgets/framework.dart:4037:15)
#782    ComponentElement.performRebuild (package:flutter/src/widgets/framework.dart:5841:16)
#783    StatefulElement.performRebuild (package:flutter/src/widgets/framework.dart:5982:11)
#784    Element.rebuild (package:flutter/src/widgets/framework.dart:5529:7)
#785    StatefulElement.update (package:flutter/src/widgets/framework.dart:6007:5)
#786    Element.updateChild (package:flutter/src/widgets/framework.dart:4037:15)
#787    ComponentElement.performRebuild (package:flutter/src/widgets/framework.dart:5841:16)
#788    Element.rebuild (package:flutter/src/widgets/framework.dart:5529:7)
#789    ProxyElement.update (package:flutter/src/widgets/framework.dart:6149:5)
#790    Element.updateChild (package:flutter/src/widgets/framework.dart:4037:15)
#791    ComponentElement.performRebuild (package:flutter/src/widgets/framework.dart:5841:16)
#792    StatefulElement.performRebuild (package:flutter/src/widgets/framework.dart:5982:11)
#793    Element.rebuild (package:flutter/src/widgets/framework.dart:5529:7)
#794    StatefulElement.update (package:flutter/src/widgets/framework.dart:6007:5)
#795    Element.updateChild (package:flutter/src/widgets/framework.dart:4037:15)
#796    ComponentElement.performRebuild (package:flutter/src/widgets/framework.dart:5841:16)
#797    Element.rebuild (package:flutter/src/widgets/framework.dart:5529:7)
#798    ProxyElement.update (package:flutter/src/widgets/framework.dart:6149:5)
#799    Element.updateChild (package:flutter/src/widgets/framework.dart:4037:15)
#800    ComponentElement.performRebuild (package:flutter/src/widgets/framework.dart:5841:16)
#801    Element.rebuild (package:flutter/src/widgets/framework.dart:5529:7)
#802    ProxyElement.update (package:flutter/src/widgets/framework.dart:6149:5)
#803    Element.updateChild (package:flutter/src/widgets/framework.dart:4037:15)
#804    _RawViewElement._updateChild (package:flutter/src/widgets/view.dart:481:16)
#805    _RawViewElement.update (package:flutter/src/widgets/view.dart:568:5)
#806    Element.updateChild (package:flutter/src/widgets/framework.dart:4037:15)
#807    ComponentElement.performRebuild (package:flutter/src/widgets/framework.dart:5841:16)
#808    Element.rebuild (package:flutter/src/widgets/framework.dart:5529:7)
#809    StatelessElement.update (package:flutter/src/widgets/framework.dart:5895:5)
#810    Element.updateChild (package:flutter/src/widgets/framework.dart:4037:15)
#811    ComponentElement.performRebuild (package:flutter/src/widgets/framework.dart:5841:16)
#812    StatefulElement.performRebuild (package:flutter/src/widgets/framework.dart:5982:11)
#813    Element.rebuild (package:flutter/src/widgets/framework.dart:5529:7)
#814    StatefulElement.update (package:flutter/src/widgets/framework.dart:6007:5)
#815    Element.updateChild (package:flutter/src/widgets/framework.dart:4037:15)
#816    RootElement._rebuild (package:flutter/src/widgets/binding.dart:1822:16)
#817    RootElement.update (package:flutter/src/widgets/binding.dart:1800:5)
#818    RootElement.performRebuild (package:flutter/src/widgets/binding.dart:1814:7)
#819    Element.rebuild (package:flutter/src/widgets/framework.dart:5529:7)
#820    BuildScope._tryRebuild (package:flutter/src/widgets/framework.dart:2750:15)
#821    BuildScope._flushDirtyElements (package:flutter/src/widgets/framework.dart:2807:11)
#822    BuildOwner.buildScope (package:flutter/src/widgets/framework.dart:3111:18)
#823    AutomatedTestWidgetsFlutterBinding.drawFrame (package:flutter_test/src/binding.dart:2131:19)
#824    RendererBinding._handlePersistentFrameCallback (package:flutter/src/rendering/binding.dart:495:5)
#825    SchedulerBinding._invokeFrameCallback (package:flutter/src/scheduler/binding.dart:1430:15)
#826    SchedulerBinding.handleDrawFrame (package:flutter/src/scheduler/binding.dart:1345:9)
#827    AutomatedTestWidgetsFlutterBinding.pump.<anonymous closure> (package:flutter_test/src/binding.dart:1960:9)
#830    TestAsyncUtils.guard (package:flutter_test/src/test_async_utils.dart:74:41)
#831    AutomatedTestWidgetsFlutterBinding.pump (package:flutter_test/src/binding.dart:1949:27)
#832    WidgetTester.pumpWidget.<anonymous closure> (package:flutter_test/src/widget_tester.dart:598:22)
#835    TestAsyncUtils.guard (package:flutter_test/src/test_async_utils.dart:74:41)
#836    WidgetTester.pumpWidget (package:flutter_test/src/widget_tester.dart:595:27)
#837    main.<anonymous closure>.<anonymous closure>.<anonymous closure> (file:///D:/Projects/SportsApp/test/integration/home_dashboard_test.dart:38:22)
#842    HttpOverrides.runZoned (dart:_http/overrides.dart:59:23)
#843    mockNetworkImagesFor (package:network_image_mock/src/network_image_mock.dart:9:24)
#844    main.<anonymous closure>.<anonymous closure> (file:///D:/Projects/SportsApp/test/integration/home_dashboard_test.dart:31:13)
#845    testWidgets.<anonymous closure>.<anonymous closure> (package:flutter_test/src/widget_tester.dart:192:29)
<asynchronous suspension>
#846    TestWidgetsFlutterBinding._runTestBody (package:flutter_test/src/binding.dart:1682:5)
<asynchronous suspension>
<asynchronous suspension>
(elided 9 frames from dart:async and package:stack_trace)

ΓòÉΓòÉΓòÉΓòÉΓòÉΓòÉΓòÉΓòÉΓòÉΓòÉΓòÉΓòÉΓòÉΓòÉΓòÉΓòÉΓòÉΓòÉΓòÉΓòÉΓòÉΓòÉΓòÉΓòÉΓòÉΓòÉΓòÉΓòÉΓòÉΓòÉΓòÉΓòÉΓòÉΓòÉΓòÉΓòÉΓòÉΓòÉΓòÉΓòÉΓòÉΓòÉΓòÉΓòÉΓòÉΓòÉΓòÉΓòÉΓòÉΓòÉΓòÉΓòÉΓòÉΓòÉΓòÉΓòÉΓòÉΓòÉΓòÉΓòÉΓòÉΓòÉΓòÉΓòÉΓòÉΓòÉΓòÉΓòÉΓòÉΓòÉΓòÉΓòÉΓòÉΓòÉΓòÉΓòÉΓòÉΓòÉΓòÉΓòÉΓòÉΓòÉΓòÉΓòÉΓòÉΓòÉΓòÉΓòÉΓòÉΓòÉΓòÉΓòÉΓòÉΓòÉΓòÉΓòÉΓòÉΓòÉΓòÉΓòÉ
ΓòÉΓòÉΓòí EXCEPTION CAUGHT BY WIDGETS LIBRARY Γò₧ΓòÉΓòÉΓòÉΓòÉΓòÉΓòÉΓòÉΓòÉΓòÉΓòÉΓòÉΓòÉΓòÉΓòÉΓòÉΓòÉΓòÉΓòÉΓòÉΓòÉΓòÉΓòÉΓòÉΓòÉΓòÉΓòÉΓòÉΓòÉΓòÉΓòÉΓòÉΓòÉΓòÉΓòÉΓòÉΓòÉΓòÉΓòÉΓòÉΓòÉΓòÉΓòÉΓòÉΓòÉΓòÉΓòÉΓòÉΓòÉΓòÉΓòÉΓòÉΓòÉΓòÉΓòÉΓòÉΓòÉΓòÉΓòÉΓòÉ
The following _TypeError was thrown building HomeDashboard(dirty, dependencies:
[InheritedCupertinoTheme, _InheritedTheme, _LocalizationsScope-[GlobalKey#7526a],
_UncontrolledProviderScope], state: _HomeDashboardState#c1ed2):
Null check operator used on a null value

The relevant error-causing widget was:
  HomeDashboard
  HomeDashboard:file:///D:/Projects/SportsApp/test/integration/home_dashboard_test.dart:25:17

When the exception was thrown, this was the stack:
#0      ThemeContext.colors (package:sports_app/theme/app_theme.dart:4:64)
#1      _HomeDashboardState.build (package:sports_app/screens/home_dashboard.dart:134:32)
#2      StatefulElement.build (package:flutter/src/widgets/framework.dart:5931:27)
#3      ConsumerStatefulElement.build (package:flutter_riverpod/src/core/consumer.dart:445:20)
#4      ComponentElement.performRebuild (package:flutter/src/widgets/framework.dart:5817:15)
#5      StatefulElement.performRebuild (package:flutter/src/widgets/framework.dart:5982:11)
#6      Element.rebuild (package:flutter/src/widgets/framework.dart:5529:7)
#7      BuildScope._tryRebuild (package:flutter/src/widgets/framework.dart:2750:15)
#8      BuildScope._flushDirtyElements (package:flutter/src/widgets/framework.dart:2807:11)
#9      BuildOwner.buildScope (package:flutter/src/widgets/framework.dart:3111:18)
#10     AutomatedTestWidgetsFlutterBinding.drawFrame (package:flutter_test/src/binding.dart:2131:19)
#11     RendererBinding._handlePersistentFrameCallback (package:flutter/src/rendering/binding.dart:495:5)
#12     SchedulerBinding._invokeFrameCallback (package:flutter/src/scheduler/binding.dart:1430:15)
#13     SchedulerBinding.handleDrawFrame (package:flutter/src/scheduler/binding.dart:1345:9)
#14     AutomatedTestWidgetsFlutterBinding.pump.<anonymous closure> (package:flutter_test/src/binding.dart:1960:9)
#17     TestAsyncUtils.guard (package:flutter_test/src/test_async_utils.dart:74:41)
#18     AutomatedTestWidgetsFlutterBinding.pump (package:flutter_test/src/binding.dart:1949:27)
#19     WidgetTester.pumpAndSettle.<anonymous closure> (package:flutter_test/src/widget_tester.dart:719:23)
#22     TestAsyncUtils.guard (package:flutter_test/src/test_async_utils.dart:74:41)
#23     WidgetTester.pumpAndSettle (package:flutter_test/src/widget_tester.dart:712:27)
#24     main.<anonymous closure>.<anonymous closure>.<anonymous closure> (file:///D:/Projects/SportsApp/test/integration/home_dashboard_test.dart:39:22)
<asynchronous suspension>
#25     main.<anonymous closure>.<anonymous closure> (file:///D:/Projects/SportsApp/test/integration/home_dashboard_test.dart:31:7)
<asynchronous suspension>
#26     testWidgets.<anonymous closure>.<anonymous closure> (package:flutter_test/src/widget_tester.dart:192:15)
<asynchronous suspension>
#27     TestWidgetsFlutterBinding._runTestBody (package:flutter_test/src/binding.dart:1682:5)
<asynchronous suspension>
<asynchronous suspension>
(elided 5 frames from dart:async and package:stack_trace)

ΓòÉΓòÉΓòÉΓòÉΓòÉΓòÉΓòÉΓòÉΓòÉΓòÉΓòÉΓòÉΓòÉΓòÉΓòÉΓòÉΓòÉΓòÉΓòÉΓòÉΓòÉΓòÉΓòÉΓòÉΓòÉΓòÉΓòÉΓòÉΓòÉΓòÉΓòÉΓòÉΓòÉΓòÉΓòÉΓòÉΓòÉΓòÉΓòÉΓòÉΓòÉΓòÉΓòÉΓòÉΓòÉΓòÉΓòÉΓòÉΓòÉΓòÉΓòÉΓòÉΓòÉΓòÉΓòÉΓòÉΓòÉΓòÉΓòÉΓòÉΓòÉΓòÉΓòÉΓòÉΓòÉΓòÉΓòÉΓòÉΓòÉΓòÉΓòÉΓòÉΓòÉΓòÉΓòÉΓòÉΓòÉΓòÉΓòÉΓòÉΓòÉΓòÉΓòÉΓòÉΓòÉΓòÉΓòÉΓòÉΓòÉΓòÉΓòÉΓòÉΓòÉΓòÉΓòÉΓòÉΓòÉΓòÉΓòÉΓòÉ
ΓòÉΓòÉΓòí EXCEPTION CAUGHT BY FLUTTER TEST FRAMEWORK Γò₧ΓòÉΓòÉΓòÉΓòÉΓòÉΓòÉΓòÉΓòÉΓòÉΓòÉΓòÉΓòÉΓòÉΓòÉΓòÉΓòÉΓòÉΓòÉΓòÉΓòÉΓòÉΓòÉΓòÉΓòÉΓòÉΓòÉΓòÉΓòÉΓòÉΓòÉΓòÉΓòÉΓòÉΓòÉΓòÉΓòÉΓòÉΓòÉΓòÉΓòÉΓòÉΓòÉΓòÉΓòÉΓòÉΓòÉΓòÉΓòÉΓòÉΓòÉΓòÉΓòÉ
The following TestFailure was thrown running a test:
Expected: exactly one matching candidate
  Actual: _TextWidgetFinder:<Found 0 widgets with text "Arsenal": []>
   Which: means none were found but one was expected

When the exception was thrown, this was the stack:
#4      main.<anonymous closure>.<anonymous closure>.<anonymous closure> (file:///D:/Projects/SportsApp/test/integration/home_dashboard_test.dart:41:9)
<asynchronous suspension>
#5      main.<anonymous closure>.<anonymous closure> (file:///D:/Projects/SportsApp/test/integration/home_dashboard_test.dart:31:7)
<asynchronous suspension>
#6      testWidgets.<anonymous closure>.<anonymous closure> (package:flutter_test/src/widget_tester.dart:192:15)
<asynchronous suspension>
#7      TestWidgetsFlutterBinding._runTestBody (package:flutter_test/src/binding.dart:1682:5)
<asynchronous suspension>
<asynchronous suspension>
(elided one frame from package:stack_trace)

This was caught by the test expectation on the following line:
  file:///D:/Projects/SportsApp/test/integration/home_dashboard_test.dart line 41
The test description was:
  Dashboard renders live matches and filters correctly
ΓòÉΓòÉΓòÉΓòÉΓòÉΓòÉΓòÉΓòÉΓòÉΓòÉΓòÉΓòÉΓòÉΓòÉΓòÉΓòÉΓòÉΓòÉΓòÉΓòÉΓòÉΓòÉΓòÉΓòÉΓòÉΓòÉΓòÉΓòÉΓòÉΓòÉΓòÉΓòÉΓòÉΓòÉΓòÉΓòÉΓòÉΓòÉΓòÉΓòÉΓòÉΓòÉΓòÉΓòÉΓòÉΓòÉΓòÉΓòÉΓòÉΓòÉΓòÉΓòÉΓòÉΓòÉΓòÉΓòÉΓòÉΓòÉΓòÉΓòÉΓòÉΓòÉΓòÉΓòÉΓòÉΓòÉΓòÉΓòÉΓòÉΓòÉΓòÉΓòÉΓòÉΓòÉΓòÉΓòÉΓòÉΓòÉΓòÉΓòÉΓòÉΓòÉΓòÉΓòÉΓòÉΓòÉΓòÉΓòÉΓòÉΓòÉΓòÉΓòÉΓòÉΓòÉΓòÉΓòÉΓòÉΓòÉΓòÉΓòÉ
ΓòÉΓòÉΓòí EXCEPTION CAUGHT BY FLUTTER TEST FRAMEWORK Γò₧ΓòÉΓòÉΓòÉΓòÉΓòÉΓòÉΓòÉΓòÉΓòÉΓòÉΓòÉΓòÉΓòÉΓòÉΓòÉΓòÉΓòÉΓòÉΓòÉΓòÉΓòÉΓòÉΓòÉΓòÉΓòÉΓòÉΓòÉΓòÉΓòÉΓòÉΓòÉΓòÉΓòÉΓòÉΓòÉΓòÉΓòÉΓòÉΓòÉΓòÉΓòÉΓòÉΓòÉΓòÉΓòÉΓòÉΓòÉΓòÉΓòÉΓòÉΓòÉΓòÉ
The following message was thrown:
Multiple exceptions (3) were detected during the running of the current test, and at least one was
unexpected.
ΓòÉΓòÉΓòÉΓòÉΓòÉΓòÉΓòÉΓòÉΓòÉΓòÉΓòÉΓòÉΓòÉΓòÉΓòÉΓòÉΓòÉΓòÉΓòÉΓòÉΓòÉΓòÉΓòÉΓòÉΓòÉΓòÉΓòÉΓòÉΓòÉΓòÉΓòÉΓòÉΓòÉΓòÉΓòÉΓòÉΓòÉΓòÉΓòÉΓòÉΓòÉΓòÉΓòÉΓòÉΓòÉΓòÉΓòÉΓòÉΓòÉΓòÉΓòÉΓòÉΓòÉΓòÉΓòÉΓòÉΓòÉΓòÉΓòÉΓòÉΓòÉΓòÉΓòÉΓòÉΓòÉΓòÉΓòÉΓòÉΓòÉΓòÉΓòÉΓòÉΓòÉΓòÉΓòÉΓòÉΓòÉΓòÉΓòÉΓòÉΓòÉΓòÉΓòÉΓòÉΓòÉΓòÉΓòÉΓòÉΓòÉΓòÉΓòÉΓòÉΓòÉΓòÉΓòÉΓòÉΓòÉΓòÉΓòÉΓòÉ
00:00 +24 -1: D:/Projects/SportsApp/test/integration/home_dashboard_test.dart: HomeDashboard Integration Tests Dashboard renders live matches and filters correctly [E]
  Test failed. See exception logs above.
  The test description was: Dashboard renders live matches and filters correctly
  
00:00 +24 -1: D:/Projects/SportsApp/test/integration/home_dashboard_test.dart: HomeDashboard Integration Tests Dashboard displays empty state when no matches pass filter
00:00 +25 -1: D:/Projects/SportsApp/test/integration/home_dashboard_test.dart: HomeDashboard Integration Tests Dashboard displays empty state when no matches pass filter
00:01 +26 -1: D:/Projects/SportsApp/test/integration/home_dashboard_test.dart: HomeDashboard Integration Tests Dashboard displays empty state when no matches pass filter
00:01 +27 -1: D:/Projects/SportsApp/test/integration/home_dashboard_test.dart: HomeDashboard Integration Tests Dashboard displays empty state when no matches pass filter
00:01 +28 -1: D:/Projects/SportsApp/test/integration/home_dashboard_test.dart: HomeDashboard Integration Tests Dashboard displays empty state when no matches pass filter
00:01 +29 -1: D:/Projects/SportsApp/test/integration/home_dashboard_test.dart: HomeDashboard Integration Tests Dashboard displays empty state when no matches pass filter
ΓòÉΓòÉΓòí EXCEPTION CAUGHT BY WIDGETS LIBRARY Γò₧ΓòÉΓòÉΓòÉΓòÉΓòÉΓòÉΓòÉΓòÉΓòÉΓòÉΓòÉΓòÉΓòÉΓòÉΓòÉΓòÉΓòÉΓòÉΓòÉΓòÉΓòÉΓòÉΓòÉΓòÉΓòÉΓòÉΓòÉΓòÉΓòÉΓòÉΓòÉΓòÉΓòÉΓòÉΓòÉΓòÉΓòÉΓòÉΓòÉΓòÉΓòÉΓòÉΓòÉΓòÉΓòÉΓòÉΓòÉΓòÉΓòÉΓòÉΓòÉΓòÉΓòÉΓòÉΓòÉΓòÉΓòÉΓòÉΓòÉ
The following _TypeError was thrown building HomeDashboard(dirty, dependencies:
[InheritedCupertinoTheme, _InheritedTheme, _LocalizationsScope-[GlobalKey#4a3fe],
_UncontrolledProviderScope], state: _HomeDashboardState#27980):
Null check operator used on a null value

The relevant error-causing widget was:
  HomeDashboard
  HomeDashboard:file:///D:/Projects/SportsApp/test/integration/home_dashboard_test.dart:25:17

When the exception was thrown, this was the stack:
#0      ThemeContext.colors (package:sports_app/theme/app_theme.dart:4:64)
#1      _HomeDashboardState.build (package:sports_app/screens/home_dashboard.dart:134:32)
#2      StatefulElement.build (package:flutter/src/widgets/framework.dart:5931:27)
#3      ConsumerStatefulElement.build (package:flutter_riverpod/src/core/consumer.dart:445:20)
#4      ComponentElement.performRebuild (package:flutter/src/widgets/framework.dart:5817:15)
#5      StatefulElement.performRebuild (package:flutter/src/widgets/framework.dart:5982:11)
#6      Element.rebuild (package:flutter/src/widgets/framework.dart:5529:7)
#7      ComponentElement._firstBuild (package:flutter/src/widgets/framework.dart:5799:5)
#8      StatefulElement._firstBuild (package:flutter/src/widgets/framework.dart:5973:11)
#9      ComponentElement.mount (package:flutter/src/widgets/framework.dart:5793:5)
...     Normal element mounting (260 frames)
#269    Element.inflateWidget (package:flutter/src/widgets/framework.dart:4587:20)
#270    MultiChildRenderObjectElement.inflateWidget (package:flutter/src/widgets/framework.dart:7264:36)
#271    MultiChildRenderObjectElement.mount (package:flutter/src/widgets/framework.dart:7279:32)
...     Normal element mounting (489 frames)
#760    Element.inflateWidget (package:flutter/src/widgets/framework.dart:4587:20)
#761    Element.updateChild (package:flutter/src/widgets/framework.dart:4053:20)
#762    ComponentElement.performRebuild (package:flutter/src/widgets/framework.dart:5841:16)
#763    Element.rebuild (package:flutter/src/widgets/framework.dart:5529:7)
#764    ProxyElement.update (package:flutter/src/widgets/framework.dart:6149:5)
#765    _InheritedNotifierElement.update (package:flutter/src/widgets/inherited_notifier.dart:108:11)
#766    Element.updateChild (package:flutter/src/widgets/framework.dart:4037:15)
#767    ComponentElement.performRebuild (package:flutter/src/widgets/framework.dart:5841:16)
#768    StatefulElement.performRebuild (package:flutter/src/widgets/framework.dart:5982:11)
#769    Element.rebuild (package:flutter/src/widgets/framework.dart:5529:7)
#770    StatefulElement.update (package:flutter/src/widgets/framework.dart:6007:5)
#771    Element.updateChild (package:flutter/src/widgets/framework.dart:4037:15)
#772    ComponentElement.performRebuild (package:flutter/src/widgets/framework.dart:5841:16)
#773    Element.rebuild (package:flutter/src/widgets/framework.dart:5529:7)
#774    ProxyElement.update (package:flutter/src/widgets/framework.dart:6149:5)
#775    _InheritedNotifierElement.update (package:flutter/src/widgets/inherited_notifier.dart:108:11)
#776    Element.updateChild (package:flutter/src/widgets/framework.dart:4037:15)
#777    ComponentElement.performRebuild (package:flutter/src/widgets/framework.dart:5841:16)
#778    StatefulElement.performRebuild (package:flutter/src/widgets/framework.dart:5982:11)
#779    Element.rebuild (package:flutter/src/widgets/framework.dart:5529:7)
#780    StatefulElement.update (package:flutter/src/widgets/framework.dart:6007:5)
#781    Element.updateChild (package:flutter/src/widgets/framework.dart:4037:15)
#782    ComponentElement.performRebuild (package:flutter/src/widgets/framework.dart:5841:16)
#783    StatefulElement.performRebuild (package:flutter/src/widgets/framework.dart:5982:11)
#784    Element.rebuild (package:flutter/src/widgets/framework.dart:5529:7)
#785    StatefulElement.update (package:flutter/src/widgets/framework.dart:6007:5)
#786    Element.updateChild (package:flutter/src/widgets/framework.dart:4037:15)
#787    ComponentElement.performRebuild (package:flutter/src/widgets/framework.dart:5841:16)
#788    Element.rebuild (package:flutter/src/widgets/framework.dart:5529:7)
#789    ProxyElement.update (package:flutter/src/widgets/framework.dart:6149:5)
#790    Element.updateChild (package:flutter/src/widgets/framework.dart:4037:15)
#791    ComponentElement.performRebuild (package:flutter/src/widgets/framework.dart:5841:16)
#792    StatefulElement.performRebuild (package:flutter/src/widgets/framework.dart:5982:11)
#793    Element.rebuild (package:flutter/src/widgets/framework.dart:5529:7)
#794    StatefulElement.update (package:flutter/src/widgets/framework.dart:6007:5)
#795    Element.updateChild (package:flutter/src/widgets/framework.dart:4037:15)
#796    ComponentElement.performRebuild (package:flutter/src/widgets/framework.dart:5841:16)
#797    Element.rebuild (package:flutter/src/widgets/framework.dart:5529:7)
#798    ProxyElement.update (package:flutter/src/widgets/framework.dart:6149:5)
#799    Element.updateChild (package:flutter/src/widgets/framework.dart:4037:15)
#800    ComponentElement.performRebuild (package:flutter/src/widgets/framework.dart:5841:16)
#801    Element.rebuild (package:flutter/src/widgets/framework.dart:5529:7)
#802    ProxyElement.update (package:flutter/src/widgets/framework.dart:6149:5)
#803    Element.updateChild (package:flutter/src/widgets/framework.dart:4037:15)
#804    _RawViewElement._updateChild (package:flutter/src/widgets/view.dart:481:16)
#805    _RawViewElement.update (package:flutter/src/widgets/view.dart:568:5)
#806    Element.updateChild (package:flutter/src/widgets/framework.dart:4037:15)
#807    ComponentElement.performRebuild (package:flutter/src/widgets/framework.dart:5841:16)
#808    Element.rebuild (package:flutter/src/widgets/framework.dart:5529:7)
#809    StatelessElement.update (package:flutter/src/widgets/framework.dart:5895:5)
#810    Element.updateChild (package:flutter/src/widgets/framework.dart:4037:15)
#811    ComponentElement.performRebuild (package:flutter/src/widgets/framework.dart:5841:16)
#812    StatefulElement.performRebuild (package:flutter/src/widgets/framework.dart:5982:11)
#813    Element.rebuild (package:flutter/src/widgets/framework.dart:5529:7)
#814    StatefulElement.update (package:flutter/src/widgets/framework.dart:6007:5)
#815    Element.updateChild (package:flutter/src/widgets/framework.dart:4037:15)
#816    RootElement._rebuild (package:flutter/src/widgets/binding.dart:1822:16)
#817    RootElement.update (package:flutter/src/widgets/binding.dart:1800:5)
#818    RootElement.performRebuild (package:flutter/src/widgets/binding.dart:1814:7)
#819    Element.rebuild (package:flutter/src/widgets/framework.dart:5529:7)
#820    BuildScope._tryRebuild (package:flutter/src/widgets/framework.dart:2750:15)
#821    BuildScope._flushDirtyElements (package:flutter/src/widgets/framework.dart:2807:11)
#822    BuildOwner.buildScope (package:flutter/src/widgets/framework.dart:3111:18)
#823    AutomatedTestWidgetsFlutterBinding.drawFrame (package:flutter_test/src/binding.dart:2131:19)
#824    RendererBinding._handlePersistentFrameCallback (package:flutter/src/rendering/binding.dart:495:5)
#825    SchedulerBinding._invokeFrameCallback (package:flutter/src/scheduler/binding.dart:1430:15)
#826    SchedulerBinding.handleDrawFrame (package:flutter/src/scheduler/binding.dart:1345:9)
#827    AutomatedTestWidgetsFlutterBinding.pump.<anonymous closure> (package:flutter_test/src/binding.dart:1960:9)
#830    TestAsyncUtils.guard (package:flutter_test/src/test_async_utils.dart:74:41)
#831    AutomatedTestWidgetsFlutterBinding.pump (package:flutter_test/src/binding.dart:1949:27)
#832    WidgetTester.pumpWidget.<anonymous closure> (package:flutter_test/src/widget_tester.dart:598:22)
#835    TestAsyncUtils.guard (package:flutter_test/src/test_async_utils.dart:74:41)
#836    WidgetTester.pumpWidget (package:flutter_test/src/widget_tester.dart:595:27)
#837    main.<anonymous closure>.<anonymous closure>.<anonymous closure> (file:///D:/Projects/SportsApp/test/integration/home_dashboard_test.dart:68:22)
#842    HttpOverrides.runZoned (dart:_http/overrides.dart:59:23)
#843    mockNetworkImagesFor (package:network_image_mock/src/network_image_mock.dart:9:24)
#844    main.<anonymous closure>.<anonymous closure> (file:///D:/Projects/SportsApp/test/integration/home_dashboard_test.dart:62:13)
#845    testWidgets.<anonymous closure>.<anonymous closure> (package:flutter_test/src/widget_tester.dart:192:29)
<asynchronous suspension>
#846    TestWidgetsFlutterBinding._runTestBody (package:flutter_test/src/binding.dart:1682:5)
<asynchronous suspension>
<asynchronous suspension>
(elided 9 frames from dart:async and package:stack_trace)

ΓòÉΓòÉΓòÉΓòÉΓòÉΓòÉΓòÉΓòÉΓòÉΓòÉΓòÉΓòÉΓòÉΓòÉΓòÉΓòÉΓòÉΓòÉΓòÉΓòÉΓòÉΓòÉΓòÉΓòÉΓòÉΓòÉΓòÉΓòÉΓòÉΓòÉΓòÉΓòÉΓòÉΓòÉΓòÉΓòÉΓòÉΓòÉΓòÉΓòÉΓòÉΓòÉΓòÉΓòÉΓòÉΓòÉΓòÉΓòÉΓòÉΓòÉΓòÉΓòÉΓòÉΓòÉΓòÉΓòÉΓòÉΓòÉΓòÉΓòÉΓòÉΓòÉΓòÉΓòÉΓòÉΓòÉΓòÉΓòÉΓòÉΓòÉΓòÉΓòÉΓòÉΓòÉΓòÉΓòÉΓòÉΓòÉΓòÉΓòÉΓòÉΓòÉΓòÉΓòÉΓòÉΓòÉΓòÉΓòÉΓòÉΓòÉΓòÉΓòÉΓòÉΓòÉΓòÉΓòÉΓòÉΓòÉΓòÉΓòÉ
ΓòÉΓòÉΓòí EXCEPTION CAUGHT BY WIDGETS LIBRARY Γò₧ΓòÉΓòÉΓòÉΓòÉΓòÉΓòÉΓòÉΓòÉΓòÉΓòÉΓòÉΓòÉΓòÉΓòÉΓòÉΓòÉΓòÉΓòÉΓòÉΓòÉΓòÉΓòÉΓòÉΓòÉΓòÉΓòÉΓòÉΓòÉΓòÉΓòÉΓòÉΓòÉΓòÉΓòÉΓòÉΓòÉΓòÉΓòÉΓòÉΓòÉΓòÉΓòÉΓòÉΓòÉΓòÉΓòÉΓòÉΓòÉΓòÉΓòÉΓòÉΓòÉΓòÉΓòÉΓòÉΓòÉΓòÉΓòÉΓòÉ
The following _TypeError was thrown building HomeDashboard(dirty, dependencies:
[InheritedCupertinoTheme, _InheritedTheme, _LocalizationsScope-[GlobalKey#4a3fe],
_UncontrolledProviderScope], state: _HomeDashboardState#27980):
Null check operator used on a null value

The relevant error-causing widget was:
  HomeDashboard
  HomeDashboard:file:///D:/Projects/SportsApp/test/integration/home_dashboard_test.dart:25:17

When the exception was thrown, this was the stack:
#0      ThemeContext.colors (package:sports_app/theme/app_theme.dart:4:64)
#1      _HomeDashboardState.build (package:sports_app/screens/home_dashboard.dart:134:32)
#2      StatefulElement.build (package:flutter/src/widgets/framework.dart:5931:27)
#3      ConsumerStatefulElement.build (package:flutter_riverpod/src/core/consumer.dart:445:20)
#4      ComponentElement.performRebuild (package:flutter/src/widgets/framework.dart:5817:15)
#5      StatefulElement.performRebuild (package:flutter/src/widgets/framework.dart:5982:11)
#6      Element.rebuild (package:flutter/src/widgets/framework.dart:5529:7)
#7      BuildScope._tryRebuild (package:flutter/src/widgets/framework.dart:2750:15)
#8      BuildScope._flushDirtyElements (package:flutter/src/widgets/framework.dart:2807:11)
#9      BuildOwner.buildScope (package:flutter/src/widgets/framework.dart:3111:18)
#10     AutomatedTestWidgetsFlutterBinding.drawFrame (package:flutter_test/src/binding.dart:2131:19)
#11     RendererBinding._handlePersistentFrameCallback (package:flutter/src/rendering/binding.dart:495:5)
#12     SchedulerBinding._invokeFrameCallback (package:flutter/src/scheduler/binding.dart:1430:15)
#13     SchedulerBinding.handleDrawFrame (package:flutter/src/scheduler/binding.dart:1345:9)
#14     AutomatedTestWidgetsFlutterBinding.pump.<anonymous closure> (package:flutter_test/src/binding.dart:1960:9)
#17     TestAsyncUtils.guard (package:flutter_test/src/test_async_utils.dart:74:41)
#18     AutomatedTestWidgetsFlutterBinding.pump (package:flutter_test/src/binding.dart:1949:27)
#19     WidgetTester.pumpAndSettle.<anonymous closure> (package:flutter_test/src/widget_tester.dart:719:23)
#22     TestAsyncUtils.guard (package:flutter_test/src/test_async_utils.dart:74:41)
#23     WidgetTester.pumpAndSettle (package:flutter_test/src/widget_tester.dart:712:27)
#24     main.<anonymous closure>.<anonymous closure>.<anonymous closure> (file:///D:/Projects/SportsApp/test/integration/home_dashboard_test.dart:69:22)
<asynchronous suspension>
#25     main.<anonymous closure>.<anonymous closure> (file:///D:/Projects/SportsApp/test/integration/home_dashboard_test.dart:62:7)
<asynchronous suspension>
#26     testWidgets.<anonymous closure>.<anonymous closure> (package:flutter_test/src/widget_tester.dart:192:15)
<asynchronous suspension>
#27     TestWidgetsFlutterBinding._runTestBody (package:flutter_test/src/binding.dart:1682:5)
<asynchronous suspension>
<asynchronous suspension>
(elided 5 frames from dart:async and package:stack_trace)

ΓòÉΓòÉΓòÉΓòÉΓòÉΓòÉΓòÉΓòÉΓòÉΓòÉΓòÉΓòÉΓòÉΓòÉΓòÉΓòÉΓòÉΓòÉΓòÉΓòÉΓòÉΓòÉΓòÉΓòÉΓòÉΓòÉΓòÉΓòÉΓòÉΓòÉΓòÉΓòÉΓòÉΓòÉΓòÉΓòÉΓòÉΓòÉΓòÉΓòÉΓòÉΓòÉΓòÉΓòÉΓòÉΓòÉΓòÉΓòÉΓòÉΓòÉΓòÉΓòÉΓòÉΓòÉΓòÉΓòÉΓòÉΓòÉΓòÉΓòÉΓòÉΓòÉΓòÉΓòÉΓòÉΓòÉΓòÉΓòÉΓòÉΓòÉΓòÉΓòÉΓòÉΓòÉΓòÉΓòÉΓòÉΓòÉΓòÉΓòÉΓòÉΓòÉΓòÉΓòÉΓòÉΓòÉΓòÉΓòÉΓòÉΓòÉΓòÉΓòÉΓòÉΓòÉΓòÉΓòÉΓòÉΓòÉΓòÉΓòÉ
ΓòÉΓòÉΓòí EXCEPTION CAUGHT BY FLUTTER TEST FRAMEWORK Γò₧ΓòÉΓòÉΓòÉΓòÉΓòÉΓòÉΓòÉΓòÉΓòÉΓòÉΓòÉΓòÉΓòÉΓòÉΓòÉΓòÉΓòÉΓòÉΓòÉΓòÉΓòÉΓòÉΓòÉΓòÉΓòÉΓòÉΓòÉΓòÉΓòÉΓòÉΓòÉΓòÉΓòÉΓòÉΓòÉΓòÉΓòÉΓòÉΓòÉΓòÉΓòÉΓòÉΓòÉΓòÉΓòÉΓòÉΓòÉΓòÉΓòÉΓòÉΓòÉΓòÉ
The following assertion was thrown running a test:
The finder "Found 0 widgets with text "Live ≡ƒö┤": []" (used in a call to "tap()") could not find any
matching widgets.

When the exception was thrown, this was the stack:
#0      WidgetController._getElementPoint (package:flutter_test/src/controller.dart:2090:7)
#1      WidgetController.getCenter (package:flutter_test/src/controller.dart:1942:12)
#2      WidgetController.tap (package:flutter_test/src/controller.dart:1075:7)
#3      main.<anonymous closure>.<anonymous closure>.<anonymous closure> (file:///D:/Projects/SportsApp/test/integration/home_dashboard_test.dart:71:22)
<asynchronous suspension>
#4      main.<anonymous closure>.<anonymous closure> (file:///D:/Projects/SportsApp/test/integration/home_dashboard_test.dart:62:7)
<asynchronous suspension>
#5      testWidgets.<anonymous closure>.<anonymous closure> (package:flutter_test/src/widget_tester.dart:192:15)
<asynchronous suspension>
#6      TestWidgetsFlutterBinding._runTestBody (package:flutter_test/src/binding.dart:1682:5)
<asynchronous suspension>
<asynchronous suspension>
(elided one frame from package:stack_trace)

The test description was:
  Dashboard displays empty state when no matches pass filter
ΓòÉΓòÉΓòÉΓòÉΓòÉΓòÉΓòÉΓòÉΓòÉΓòÉΓòÉΓòÉΓòÉΓòÉΓòÉΓòÉΓòÉΓòÉΓòÉΓòÉΓòÉΓòÉΓòÉΓòÉΓòÉΓòÉΓòÉΓòÉΓòÉΓòÉΓòÉΓòÉΓòÉΓòÉΓòÉΓòÉΓòÉΓòÉΓòÉΓòÉΓòÉΓòÉΓòÉΓòÉΓòÉΓòÉΓòÉΓòÉΓòÉΓòÉΓòÉΓòÉΓòÉΓòÉΓòÉΓòÉΓòÉΓòÉΓòÉΓòÉΓòÉΓòÉΓòÉΓòÉΓòÉΓòÉΓòÉΓòÉΓòÉΓòÉΓòÉΓòÉΓòÉΓòÉΓòÉΓòÉΓòÉΓòÉΓòÉΓòÉΓòÉΓòÉΓòÉΓòÉΓòÉΓòÉΓòÉΓòÉΓòÉΓòÉΓòÉΓòÉΓòÉΓòÉΓòÉΓòÉΓòÉΓòÉΓòÉΓòÉ
ΓòÉΓòÉΓòí EXCEPTION CAUGHT BY FLUTTER TEST FRAMEWORK Γò₧ΓòÉΓòÉΓòÉΓòÉΓòÉΓòÉΓòÉΓòÉΓòÉΓòÉΓòÉΓòÉΓòÉΓòÉΓòÉΓòÉΓòÉΓòÉΓòÉΓòÉΓòÉΓòÉΓòÉΓòÉΓòÉΓòÉΓòÉΓòÉΓòÉΓòÉΓòÉΓòÉΓòÉΓòÉΓòÉΓòÉΓòÉΓòÉΓòÉΓòÉΓòÉΓòÉΓòÉΓòÉΓòÉΓòÉΓòÉΓòÉΓòÉΓòÉΓòÉΓòÉ
The following message was thrown:
Multiple exceptions (3) were detected during the running of the current test, and at least one was
unexpected.
ΓòÉΓòÉΓòÉΓòÉΓòÉΓòÉΓòÉΓòÉΓòÉΓòÉΓòÉΓòÉΓòÉΓòÉΓòÉΓòÉΓòÉΓòÉΓòÉΓòÉΓòÉΓòÉΓòÉΓòÉΓòÉΓòÉΓòÉΓòÉΓòÉΓòÉΓòÉΓòÉΓòÉΓòÉΓòÉΓòÉΓòÉΓòÉΓòÉΓòÉΓòÉΓòÉΓòÉΓòÉΓòÉΓòÉΓòÉΓòÉΓòÉΓòÉΓòÉΓòÉΓòÉΓòÉΓòÉΓòÉΓòÉΓòÉΓòÉΓòÉΓòÉΓòÉΓòÉΓòÉΓòÉΓòÉΓòÉΓòÉΓòÉΓòÉΓòÉΓòÉΓòÉΓòÉΓòÉΓòÉΓòÉΓòÉΓòÉΓòÉΓòÉΓòÉΓòÉΓòÉΓòÉΓòÉΓòÉΓòÉΓòÉΓòÉΓòÉΓòÉΓòÉΓòÉΓòÉΓòÉΓòÉΓòÉΓòÉΓòÉ
00:01 +29 -2: D:/Projects/SportsApp/test/integration/home_dashboard_test.dart: HomeDashboard Integration Tests Dashboard displays empty state when no matches pass filter [E]
  Test failed. See exception logs above.
  The test description was: Dashboard displays empty state when no matches pass filter
  
00:01 +29 -2: D:/Projects/SportsApp/test/widgets/empty_state_test.dart: EmptyState Widget renders correct message and icon
ΓòÉΓòÉΓòí EXCEPTION CAUGHT BY WIDGETS LIBRARY Γò₧ΓòÉΓòÉΓòÉΓòÉΓòÉΓòÉΓòÉΓòÉΓòÉΓòÉΓòÉΓòÉΓòÉΓòÉΓòÉΓòÉΓòÉΓòÉΓòÉΓòÉΓòÉΓòÉΓòÉΓòÉΓòÉΓòÉΓòÉΓòÉΓòÉΓòÉΓòÉΓòÉΓòÉΓòÉΓòÉΓòÉΓòÉΓòÉΓòÉΓòÉΓòÉΓòÉΓòÉΓòÉΓòÉΓòÉΓòÉΓòÉΓòÉΓòÉΓòÉΓòÉΓòÉΓòÉΓòÉΓòÉΓòÉΓòÉΓòÉ
The following _TypeError was thrown building EmptyState(dirty, dependencies:
[InheritedCupertinoTheme, _InheritedTheme, _LocalizationsScope-[GlobalKey#0e4be]]):
Null check operator used on a null value

The relevant error-causing widget was:
  EmptyState EmptyState:file:///D:/Projects/SportsApp/test/widgets/empty_state_test.dart:22:57

When the exception was thrown, this was the stack:
#0      ThemeContext.colors (package:sports_app/theme/app_theme.dart:4:64)
#1      EmptyState.build (package:sports_app/widgets/empty_state.dart:17:64)
#2      StatelessElement.build (package:flutter/src/widgets/framework.dart:5889:49)
#3      ComponentElement.performRebuild (package:flutter/src/widgets/framework.dart:5817:15)
#4      Element.rebuild (package:flutter/src/widgets/framework.dart:5529:7)
#5      ComponentElement._firstBuild (package:flutter/src/widgets/framework.dart:5799:5)
#6      ComponentElement.mount (package:flutter/src/widgets/framework.dart:5793:5)
#7      Element.inflateWidget (package:flutter/src/widgets/framework.dart:4587:20)
#8      MultiChildRenderObjectElement.inflateWidget (package:flutter/src/widgets/framework.dart:7264:36)
#9      MultiChildRenderObjectElement.mount (package:flutter/src/widgets/framework.dart:7279:32)
#10     _ViewportElement.mount (package:flutter/src/widgets/viewport.dart:254:11)
...     Normal element mounting (117 frames)
#127    Element.inflateWidget (package:flutter/src/widgets/framework.dart:4587:20)
#128    MultiChildRenderObjectElement.inflateWidget (package:flutter/src/widgets/framework.dart:7264:36)
#129    MultiChildRenderObjectElement.mount (package:flutter/src/widgets/framework.dart:7279:32)
...     Normal element mounting (364 frames)
#493    Element.inflateWidget (package:flutter/src/widgets/framework.dart:4587:20)
#494    MultiChildRenderObjectElement.inflateWidget (package:flutter/src/widgets/framework.dart:7264:36)
#495    MultiChildRenderObjectElement.mount (package:flutter/src/widgets/framework.dart:7279:32)
...     Normal element mounting (467 frames)
#962    Element.inflateWidget (package:flutter/src/widgets/framework.dart:4587:20)
#963    Element.updateChild (package:flutter/src/widgets/framework.dart:4053:20)
#964    ComponentElement.performRebuild (package:flutter/src/widgets/framework.dart:5841:16)
#965    Element.rebuild (package:flutter/src/widgets/framework.dart:5529:7)
#966    ProxyElement.update (package:flutter/src/widgets/framework.dart:6149:5)
#967    _InheritedNotifierElement.update (package:flutter/src/widgets/inherited_notifier.dart:108:11)
#968    Element.updateChild (package:flutter/src/widgets/framework.dart:4037:15)
#969    ComponentElement.performRebuild (package:flutter/src/widgets/framework.dart:5841:16)
#970    StatefulElement.performRebuild (package:flutter/src/widgets/framework.dart:5982:11)
#971    Element.rebuild (package:flutter/src/widgets/framework.dart:5529:7)
#972    StatefulElement.update (package:flutter/src/widgets/framework.dart:6007:5)
#973    Element.updateChild (package:flutter/src/widgets/framework.dart:4037:15)
#974    ComponentElement.performRebuild (package:flutter/src/widgets/framework.dart:5841:16)
#975    Element.rebuild (package:flutter/src/widgets/framework.dart:5529:7)
#976    ProxyElement.update (package:flutter/src/widgets/framework.dart:6149:5)
#977    _InheritedNotifierElement.update (package:flutter/src/widgets/inherited_notifier.dart:108:11)
#978    Element.updateChild (package:flutter/src/widgets/framework.dart:4037:15)
#979    ComponentElement.performRebuild (package:flutter/src/widgets/framework.dart:5841:16)
#980    StatefulElement.performRebuild (package:flutter/src/widgets/framework.dart:5982:11)
#981    Element.rebuild (package:flutter/src/widgets/framework.dart:5529:7)
#982    StatefulElement.update (package:flutter/src/widgets/framework.dart:6007:5)
#983    Element.updateChild (package:flutter/src/widgets/framework.dart:4037:15)
#984    ComponentElement.performRebuild (package:flutter/src/widgets/framework.dart:5841:16)
#985    StatefulElement.performRebuild (package:flutter/src/widgets/framework.dart:5982:11)
#986    Element.rebuild (package:flutter/src/widgets/framework.dart:5529:7)
#987    StatefulElement.update (package:flutter/src/widgets/framework.dart:6007:5)
#988    Element.updateChild (package:flutter/src/widgets/framework.dart:4037:15)
#989    ComponentElement.performRebuild (package:flutter/src/widgets/framework.dart:5841:16)
#990    Element.rebuild (package:flutter/src/widgets/framework.dart:5529:7)
#991    ProxyElement.update (package:flutter/src/widgets/framework.dart:6149:5)
#992    Element.updateChild (package:flutter/src/widgets/framework.dart:4037:15)
#993    ComponentElement.performRebuild (package:flutter/src/widgets/framework.dart:5841:16)
#994    StatefulElement.performRebuild (package:flutter/src/widgets/framework.dart:5982:11)
#995    Element.rebuild (package:flutter/src/widgets/framework.dart:5529:7)
#996    StatefulElement.update (package:flutter/src/widgets/framework.dart:6007:5)
#997    Element.updateChild (package:flutter/src/widgets/framework.dart:4037:15)
#998    ComponentElement.performRebuild (package:flutter/src/widgets/framework.dart:5841:16)
#999    Element.rebuild (package:flutter/src/widgets/framework.dart:5529:7)
#1000   ProxyElement.update (package:flutter/src/widgets/framework.dart:6149:5)
#1001   Element.updateChild (package:flutter/src/widgets/framework.dart:4037:15)
#1002   ComponentElement.performRebuild (package:flutter/src/widgets/framework.dart:5841:16)
#1003   Element.rebuild (package:flutter/src/widgets/framework.dart:5529:7)
#1004   ProxyElement.update (package:flutter/src/widgets/framework.dart:6149:5)
#1005   Element.updateChild (package:flutter/src/widgets/framework.dart:4037:15)
#1006   _RawViewElement._updateChild (package:flutter/src/widgets/view.dart:481:16)
#1007   _RawViewElement.update (package:flutter/src/widgets/view.dart:568:5)
#1008   Element.updateChild (package:flutter/src/widgets/framework.dart:4037:15)
#1009   ComponentElement.performRebuild (package:flutter/src/widgets/framework.dart:5841:16)
#1010   Element.rebuild (package:flutter/src/widgets/framework.dart:5529:7)
#1011   StatelessElement.update (package:flutter/src/widgets/framework.dart:5895:5)
#1012   Element.updateChild (package:flutter/src/widgets/framework.dart:4037:15)
#1013   ComponentElement.performRebuild (package:flutter/src/widgets/framework.dart:5841:16)
#1014   StatefulElement.performRebuild (package:flutter/src/widgets/framework.dart:5982:11)
#1015   Element.rebuild (package:flutter/src/widgets/framework.dart:5529:7)
#1016   StatefulElement.update (package:flutter/src/widgets/framework.dart:6007:5)
#1017   Element.updateChild (package:flutter/src/widgets/framework.dart:4037:15)
#1018   RootElement._rebuild (package:flutter/src/widgets/binding.dart:1822:16)
#1019   RootElement.update (package:flutter/src/widgets/binding.dart:1800:5)
#1020   RootElement.performRebuild (package:flutter/src/widgets/binding.dart:1814:7)
#1021   Element.rebuild (package:flutter/src/widgets/framework.dart:5529:7)
#1022   BuildScope._tryRebuild (package:flutter/src/widgets/framework.dart:2750:15)
#1023   BuildScope._flushDirtyElements (package:flutter/src/widgets/framework.dart:2807:11)
#1024   BuildOwner.buildScope (package:flutter/src/widgets/framework.dart:3111:18)
#1025   AutomatedTestWidgetsFlutterBinding.drawFrame (package:flutter_test/src/binding.dart:2131:19)
#1026   RendererBinding._handlePersistentFrameCallback (package:flutter/src/rendering/binding.dart:495:5)
#1027   SchedulerBinding._invokeFrameCallback (package:flutter/src/scheduler/binding.dart:1430:15)
#1028   SchedulerBinding.handleDrawFrame (package:flutter/src/scheduler/binding.dart:1345:9)
#1029   AutomatedTestWidgetsFlutterBinding.pump.<anonymous closure> (package:flutter_test/src/binding.dart:1960:9)
#1032   TestAsyncUtils.guard (package:flutter_test/src/test_async_utils.dart:74:41)
#1033   AutomatedTestWidgetsFlutterBinding.pump (package:flutter_test/src/binding.dart:1949:27)
#1034   WidgetTester.pumpWidget.<anonymous closure> (package:flutter_test/src/widget_tester.dart:598:22)
#1037   TestAsyncUtils.guard (package:flutter_test/src/test_async_utils.dart:74:41)
#1038   WidgetTester.pumpWidget (package:flutter_test/src/widget_tester.dart:595:27)
#1039   main.<anonymous closure>.<anonymous closure> (file:///D:/Projects/SportsApp/test/widgets/empty_state_test.dart:22:20)
#1040   testWidgets.<anonymous closure>.<anonymous closure> (package:flutter_test/src/widget_tester.dart:192:29)
<asynchronous suspension>
#1041   TestWidgetsFlutterBinding._runTestBody (package:flutter_test/src/binding.dart:1682:5)
<asynchronous suspension>
<asynchronous suspension>
(elided 5 frames from dart:async and package:stack_trace)

ΓòÉΓòÉΓòÉΓòÉΓòÉΓòÉΓòÉΓòÉΓòÉΓòÉΓòÉΓòÉΓòÉΓòÉΓòÉΓòÉΓòÉΓòÉΓòÉΓòÉΓòÉΓòÉΓòÉΓòÉΓòÉΓòÉΓòÉΓòÉΓòÉΓòÉΓòÉΓòÉΓòÉΓòÉΓòÉΓòÉΓòÉΓòÉΓòÉΓòÉΓòÉΓòÉΓòÉΓòÉΓòÉΓòÉΓòÉΓòÉΓòÉΓòÉΓòÉΓòÉΓòÉΓòÉΓòÉΓòÉΓòÉΓòÉΓòÉΓòÉΓòÉΓòÉΓòÉΓòÉΓòÉΓòÉΓòÉΓòÉΓòÉΓòÉΓòÉΓòÉΓòÉΓòÉΓòÉΓòÉΓòÉΓòÉΓòÉΓòÉΓòÉΓòÉΓòÉΓòÉΓòÉΓòÉΓòÉΓòÉΓòÉΓòÉΓòÉΓòÉΓòÉΓòÉΓòÉΓòÉΓòÉΓòÉΓòÉΓòÉ
ΓòÉΓòÉΓòí EXCEPTION CAUGHT BY WIDGETS LIBRARY Γò₧ΓòÉΓòÉΓòÉΓòÉΓòÉΓòÉΓòÉΓòÉΓòÉΓòÉΓòÉΓòÉΓòÉΓòÉΓòÉΓòÉΓòÉΓòÉΓòÉΓòÉΓòÉΓòÉΓòÉΓòÉΓòÉΓòÉΓòÉΓòÉΓòÉΓòÉΓòÉΓòÉΓòÉΓòÉΓòÉΓòÉΓòÉΓòÉΓòÉΓòÉΓòÉΓòÉΓòÉΓòÉΓòÉΓòÉΓòÉΓòÉΓòÉΓòÉΓòÉΓòÉΓòÉΓòÉΓòÉΓòÉΓòÉΓòÉΓòÉ
The following assertion was thrown building EmptyState(dependencies: [InheritedCupertinoTheme,
_InheritedTheme, _LocalizationsScope-[GlobalKey#0e4be]]):
A RenderViewport expected a child of type RenderSliver but received a child of type RenderErrorBox.
RenderObjects expect specific types of children because they coordinate with their children during
layout and paint. For example, a RenderSliver cannot be the child of a RenderBox because a
RenderSliver does not understand the RenderBox layout protocol.

The RenderViewport that expected a RenderSliver child was created by:
  Viewport ΓåÉ IgnorePointer-[GlobalKey#08e82] ΓåÉ Semantics ΓåÉ Listener ΓåÉ _GestureSemantics ΓåÉ
  RawGestureDetector-[LabeledGlobalKey<RawGestureDetectorState>#fd3f5] ΓåÉ Listener ΓåÉ _ScrollableScope
  ΓåÉ _ScrollSemantics-[GlobalKey#7a534] ΓåÉ NotificationListener<ScrollMetricsNotification> ΓåÉ Transform
  ΓåÉ StretchEffect ΓåÉ Γï»

The RenderErrorBox that did not match the expected child type was created by:
  ErrorWidget-[#830ee]

The relevant error-causing widget was:
  EmptyState EmptyState:file:///D:/Projects/SportsApp/test/widgets/empty_state_test.dart:22:57

When the exception was thrown, this was the stack:
#0      ContainerRenderObjectMixin.debugValidateChild.<anonymous closure> (package:flutter/src/rendering/object.dart:4274:9)
#1      ContainerRenderObjectMixin.debugValidateChild (package:flutter/src/rendering/object.dart:4301:6)
#2      MultiChildRenderObjectElement.insertRenderObjectChild (package:flutter/src/widgets/framework.dart:7192:25)
#3      _ViewportElement.insertRenderObjectChild (package:flutter/src/widgets/viewport.dart:295:11)
#4      RenderObjectElement.attachRenderObject (package:flutter/src/widgets/framework.dart:6941:35)
#5      RenderObjectElement.mount (package:flutter/src/widgets/framework.dart:6801:5)
...     Normal element mounting (7 frames)
#12     Element.inflateWidget (package:flutter/src/widgets/framework.dart:4587:20)
#13     MultiChildRenderObjectElement.inflateWidget (package:flutter/src/widgets/framework.dart:7264:36)
#14     MultiChildRenderObjectElement.mount (package:flutter/src/widgets/framework.dart:7279:32)
#15     _ViewportElement.mount (package:flutter/src/widgets/viewport.dart:254:11)
...     Normal element mounting (117 frames)
#132    Element.inflateWidget (package:flutter/src/widgets/framework.dart:4587:20)
#133    MultiChildRenderObjectElement.inflateWidget (package:flutter/src/widgets/framework.dart:7264:36)
#134    MultiChildRenderObjectElement.mount (package:flutter/src/widgets/framework.dart:7279:32)
...     Normal element mounting (364 frames)
#498    Element.inflateWidget (package:flutter/src/widgets/framework.dart:4587:20)
#499    MultiChildRenderObjectElement.inflateWidget (package:flutter/src/widgets/framework.dart:7264:36)
#500    MultiChildRenderObjectElement.mount (package:flutter/src/widgets/framework.dart:7279:32)
...     Normal element mounting (467 frames)
#967    Element.inflateWidget (package:flutter/src/widgets/framework.dart:4587:20)
#968    Element.updateChild (package:flutter/src/widgets/framework.dart:4053:20)
#969    ComponentElement.performRebuild (package:flutter/src/widgets/framework.dart:5841:16)
#970    Element.rebuild (package:flutter/src/widgets/framework.dart:5529:7)
#971    ProxyElement.update (package:flutter/src/widgets/framework.dart:6149:5)
#972    _InheritedNotifierElement.update (package:flutter/src/widgets/inherited_notifier.dart:108:11)
#973    Element.updateChild (package:flutter/src/widgets/framework.dart:4037:15)
#974    ComponentElement.performRebuild (package:flutter/src/widgets/framework.dart:5841:16)
#975    StatefulElement.performRebuild (package:flutter/src/widgets/framework.dart:5982:11)
#976    Element.rebuild (package:flutter/src/widgets/framework.dart:5529:7)
#977    StatefulElement.update (package:flutter/src/widgets/framework.dart:6007:5)
#978    Element.updateChild (package:flutter/src/widgets/framework.dart:4037:15)
#979    ComponentElement.performRebuild (package:flutter/src/widgets/framework.dart:5841:16)
#980    Element.rebuild (package:flutter/src/widgets/framework.dart:5529:7)
#981    ProxyElement.update (package:flutter/src/widgets/framework.dart:6149:5)
#982    _InheritedNotifierElement.update (package:flutter/src/widgets/inherited_notifier.dart:108:11)
#983    Element.updateChild (package:flutter/src/widgets/framework.dart:4037:15)
#984    ComponentElement.performRebuild (package:flutter/src/widgets/framework.dart:5841:16)
#985    StatefulElement.performRebuild (package:flutter/src/widgets/framework.dart:5982:11)
#986    Element.rebuild (package:flutter/src/widgets/framework.dart:5529:7)
#987    StatefulElement.update (package:flutter/src/widgets/framework.dart:6007:5)
#988    Element.updateChild (package:flutter/src/widgets/framework.dart:4037:15)
#989    ComponentElement.performRebuild (package:flutter/src/widgets/framework.dart:5841:16)
#990    StatefulElement.performRebuild (package:flutter/src/widgets/framework.dart:5982:11)
#991    Element.rebuild (package:flutter/src/widgets/framework.dart:5529:7)
#992    StatefulElement.update (package:flutter/src/widgets/framework.dart:6007:5)
#993    Element.updateChild (package:flutter/src/widgets/framework.dart:4037:15)
#994    ComponentElement.performRebuild (package:flutter/src/widgets/framework.dart:5841:16)
#995    Element.rebuild (package:flutter/src/widgets/framework.dart:5529:7)
#996    ProxyElement.update (package:flutter/src/widgets/framework.dart:6149:5)
#997    Element.updateChild (package:flutter/src/widgets/framework.dart:4037:15)
#998    ComponentElement.performRebuild (package:flutter/src/widgets/framework.dart:5841:16)
#999    StatefulElement.performRebuild (package:flutter/src/widgets/framework.dart:5982:11)
#1000   Element.rebuild (package:flutter/src/widgets/framework.dart:5529:7)
#1001   StatefulElement.update (package:flutter/src/widgets/framework.dart:6007:5)
#1002   Element.updateChild (package:flutter/src/widgets/framework.dart:4037:15)
#1003   ComponentElement.performRebuild (package:flutter/src/widgets/framework.dart:5841:16)
#1004   Element.rebuild (package:flutter/src/widgets/framework.dart:5529:7)
#1005   ProxyElement.update (package:flutter/src/widgets/framework.dart:6149:5)
#1006   Element.updateChild (package:flutter/src/widgets/framework.dart:4037:15)
#1007   ComponentElement.performRebuild (package:flutter/src/widgets/framework.dart:5841:16)
#1008   Element.rebuild (package:flutter/src/widgets/framework.dart:5529:7)
#1009   ProxyElement.update (package:flutter/src/widgets/framework.dart:6149:5)
#1010   Element.updateChild (package:flutter/src/widgets/framework.dart:4037:15)
#1011   _RawViewElement._updateChild (package:flutter/src/widgets/view.dart:481:16)
#1012   _RawViewElement.update (package:flutter/src/widgets/view.dart:568:5)
#1013   Element.updateChild (package:flutter/src/widgets/framework.dart:4037:15)
#1014   ComponentElement.performRebuild (package:flutter/src/widgets/framework.dart:5841:16)
#1015   Element.rebuild (package:flutter/src/widgets/framework.dart:5529:7)
#1016   StatelessElement.update (package:flutter/src/widgets/framework.dart:5895:5)
#1017   Element.updateChild (package:flutter/src/widgets/framework.dart:4037:15)
#1018   ComponentElement.performRebuild (package:flutter/src/widgets/framework.dart:5841:16)
#1019   StatefulElement.performRebuild (package:flutter/src/widgets/framework.dart:5982:11)
#1020   Element.rebuild (package:flutter/src/widgets/framework.dart:5529:7)
#1021   StatefulElement.update (package:flutter/src/widgets/framework.dart:6007:5)
#1022   Element.updateChild (package:flutter/src/widgets/framework.dart:4037:15)
#1023   RootElement._rebuild (package:flutter/src/widgets/binding.dart:1822:16)
#1024   RootElement.update (package:flutter/src/widgets/binding.dart:1800:5)
#1025   RootElement.performRebuild (package:flutter/src/widgets/binding.dart:1814:7)
#1026   Element.rebuild (package:flutter/src/widgets/framework.dart:5529:7)
#1027   BuildScope._tryRebuild (package:flutter/src/widgets/framework.dart:2750:15)
#1028   BuildScope._flushDirtyElements (package:flutter/src/widgets/framework.dart:2807:11)
#1029   BuildOwner.buildScope (package:flutter/src/widgets/framework.dart:3111:18)
#1030   AutomatedTestWidgetsFlutterBinding.drawFrame (package:flutter_test/src/binding.dart:2131:19)
#1031   RendererBinding._handlePersistentFrameCallback (package:flutter/src/rendering/binding.dart:495:5)
#1032   SchedulerBinding._invokeFrameCallback (package:flutter/src/scheduler/binding.dart:1430:15)
#1033   SchedulerBinding.handleDrawFrame (package:flutter/src/scheduler/binding.dart:1345:9)
#1034   AutomatedTestWidgetsFlutterBinding.pump.<anonymous closure> (package:flutter_test/src/binding.dart:1960:9)
#1037   TestAsyncUtils.guard (package:flutter_test/src/test_async_utils.dart:74:41)
#1038   AutomatedTestWidgetsFlutterBinding.pump (package:flutter_test/src/binding.dart:1949:27)
#1039   WidgetTester.pumpWidget.<anonymous closure> (package:flutter_test/src/widget_tester.dart:598:22)
#1042   TestAsyncUtils.guard (package:flutter_test/src/test_async_utils.dart:74:41)
#1043   WidgetTester.pumpWidget (package:flutter_test/src/widget_tester.dart:595:27)
#1044   main.<anonymous closure>.<anonymous closure> (file:///D:/Projects/SportsApp/test/widgets/empty_state_test.dart:22:20)
#1045   testWidgets.<anonymous closure>.<anonymous closure> (package:flutter_test/src/widget_tester.dart:192:29)
<asynchronous suspension>
#1046   TestWidgetsFlutterBinding._runTestBody (package:flutter_test/src/binding.dart:1682:5)
<asynchronous suspension>
<asynchronous suspension>
(elided 5 frames from dart:async and package:stack_trace)

ΓòÉΓòÉΓòÉΓòÉΓòÉΓòÉΓòÉΓòÉΓòÉΓòÉΓòÉΓòÉΓòÉΓòÉΓòÉΓòÉΓòÉΓòÉΓòÉΓòÉΓòÉΓòÉΓòÉΓòÉΓòÉΓòÉΓòÉΓòÉΓòÉΓòÉΓòÉΓòÉΓòÉΓòÉΓòÉΓòÉΓòÉΓòÉΓòÉΓòÉΓòÉΓòÉΓòÉΓòÉΓòÉΓòÉΓòÉΓòÉΓòÉΓòÉΓòÉΓòÉΓòÉΓòÉΓòÉΓòÉΓòÉΓòÉΓòÉΓòÉΓòÉΓòÉΓòÉΓòÉΓòÉΓòÉΓòÉΓòÉΓòÉΓòÉΓòÉΓòÉΓòÉΓòÉΓòÉΓòÉΓòÉΓòÉΓòÉΓòÉΓòÉΓòÉΓòÉΓòÉΓòÉΓòÉΓòÉΓòÉΓòÉΓòÉΓòÉΓòÉΓòÉΓòÉΓòÉΓòÉΓòÉΓòÉΓòÉΓòÉ
ΓòÉΓòÉΓòí EXCEPTION CAUGHT BY WIDGETS LIBRARY Γò₧ΓòÉΓòÉΓòÉΓòÉΓòÉΓòÉΓòÉΓòÉΓòÉΓòÉΓòÉΓòÉΓòÉΓòÉΓòÉΓòÉΓòÉΓòÉΓòÉΓòÉΓòÉΓòÉΓòÉΓòÉΓòÉΓòÉΓòÉΓòÉΓòÉΓòÉΓòÉΓòÉΓòÉΓòÉΓòÉΓòÉΓòÉΓòÉΓòÉΓòÉΓòÉΓòÉΓòÉΓòÉΓòÉΓòÉΓòÉΓòÉΓòÉΓòÉΓòÉΓòÉΓòÉΓòÉΓòÉΓòÉΓòÉΓòÉΓòÉ
The following assertion was thrown building
RawGestureDetector-[LabeledGlobalKey<RawGestureDetectorState>#fd3f5](state:
RawGestureDetectorState#210ba(gestures: <none>, behavior: opaque)):
A RenderViewport expected a child of type RenderSliver but received a child of type RenderErrorBox.
RenderObjects expect specific types of children because they coordinate with their children during
layout and paint. For example, a RenderSliver cannot be the child of a RenderBox because a
RenderSliver does not understand the RenderBox layout protocol.

The RenderViewport that expected a RenderSliver child was created by:
  Viewport

The RenderErrorBox that did not match the expected child type was created by:
  ErrorWidget-[#2c245]

The relevant error-causing widget was:
  CustomScrollView
  CustomScrollView:file:///D:/Projects/SportsApp/test/widgets/empty_state_test.dart:9:15

When the exception was thrown, this was the stack:
#0      ContainerRenderObjectMixin.debugValidateChild.<anonymous closure> (package:flutter/src/rendering/object.dart:4274:9)
#1      ContainerRenderObjectMixin.debugValidateChild (package:flutter/src/rendering/object.dart:4301:6)
#2      MultiChildRenderObjectElement.insertRenderObjectChild (package:flutter/src/widgets/framework.dart:7192:25)
#3      _ViewportElement.insertRenderObjectChild (package:flutter/src/widgets/viewport.dart:295:11)
#4      RenderObjectElement.attachRenderObject (package:flutter/src/widgets/framework.dart:6941:35)
#5      RenderObjectElement.mount (package:flutter/src/widgets/framework.dart:6801:5)
...     Normal element mounting (7 frames)
#12     Element.inflateWidget (package:flutter/src/widgets/framework.dart:4587:20)
#13     MultiChildRenderObjectElement.inflateWidget (package:flutter/src/widgets/framework.dart:7264:36)
#14     MultiChildRenderObjectElement.mount (package:flutter/src/widgets/framework.dart:7279:32)
#15     _ViewportElement.mount (package:flutter/src/widgets/viewport.dart:254:11)
...     Normal element mounting (117 frames)
#132    Element.inflateWidget (package:flutter/src/widgets/framework.dart:4587:20)
#133    MultiChildRenderObjectElement.inflateWidget (package:flutter/src/widgets/framework.dart:7264:36)
#134    MultiChildRenderObjectElement.mount (package:flutter/src/widgets/framework.dart:7279:32)
...     Normal element mounting (364 frames)
#498    Element.inflateWidget (package:flutter/src/widgets/framework.dart:4587:20)
#499    MultiChildRenderObjectElement.inflateWidget (package:flutter/src/widgets/framework.dart:7264:36)
#500    MultiChildRenderObjectElement.mount (package:flutter/src/widgets/framework.dart:7279:32)
...     Normal element mounting (467 frames)
#967    Element.inflateWidget (package:flutter/src/widgets/framework.dart:4587:20)
#968    Element.updateChild (package:flutter/src/widgets/framework.dart:4053:20)
#969    ComponentElement.performRebuild (package:flutter/src/widgets/framework.dart:5841:16)
#970    Element.rebuild (package:flutter/src/widgets/framework.dart:5529:7)
#971    ProxyElement.update (package:flutter/src/widgets/framework.dart:6149:5)
#972    _InheritedNotifierElement.update (package:flutter/src/widgets/inherited_notifier.dart:108:11)
#973    Element.updateChild (package:flutter/src/widgets/framework.dart:4037:15)
#974    ComponentElement.performRebuild (package:flutter/src/widgets/framework.dart:5841:16)
#975    StatefulElement.performRebuild (package:flutter/src/widgets/framework.dart:5982:11)
#976    Element.rebuild (package:flutter/src/widgets/framework.dart:5529:7)
#977    StatefulElement.update (package:flutter/src/widgets/framework.dart:6007:5)
#978    Element.updateChild (package:flutter/src/widgets/framework.dart:4037:15)
#979    ComponentElement.performRebuild (package:flutter/src/widgets/framework.dart:5841:16)
#980    Element.rebuild (package:flutter/src/widgets/framework.dart:5529:7)
#981    ProxyElement.update (package:flutter/src/widgets/framework.dart:6149:5)
#982    _InheritedNotifierElement.update (package:flutter/src/widgets/inherited_notifier.dart:108:11)
#983    Element.updateChild (package:flutter/src/widgets/framework.dart:4037:15)
#984    ComponentElement.performRebuild (package:flutter/src/widgets/framework.dart:5841:16)
#985    StatefulElement.performRebuild (package:flutter/src/widgets/framework.dart:5982:11)
#986    Element.rebuild (package:flutter/src/widgets/framework.dart:5529:7)
#987    StatefulElement.update (package:flutter/src/widgets/framework.dart:6007:5)
#988    Element.updateChild (package:flutter/src/widgets/framework.dart:4037:15)
#989    ComponentElement.performRebuild (package:flutter/src/widgets/framework.dart:5841:16)
#990    StatefulElement.performRebuild (package:flutter/src/widgets/framework.dart:5982:11)
#991    Element.rebuild (package:flutter/src/widgets/framework.dart:5529:7)
#992    StatefulElement.update (package:flutter/src/widgets/framework.dart:6007:5)
#993    Element.updateChild (package:flutter/src/widgets/framework.dart:4037:15)
#994    ComponentElement.performRebuild (package:flutter/src/widgets/framework.dart:5841:16)
#995    Element.rebuild (package:flutter/src/widgets/framework.dart:5529:7)
#996    ProxyElement.update (package:flutter/src/widgets/framework.dart:6149:5)
#997    Element.updateChild (package:flutter/src/widgets/framework.dart:4037:15)
#998    ComponentElement.performRebuild (package:flutter/src/widgets/framework.dart:5841:16)
#999    StatefulElement.performRebuild (package:flutter/src/widgets/framework.dart:5982:11)
#1000   Element.rebuild (package:flutter/src/widgets/framework.dart:5529:7)
#1001   StatefulElement.update (package:flutter/src/widgets/framework.dart:6007:5)
#1002   Element.updateChild (package:flutter/src/widgets/framework.dart:4037:15)
#1003   ComponentElement.performRebuild (package:flutter/src/widgets/framework.dart:5841:16)
#1004   Element.rebuild (package:flutter/src/widgets/framework.dart:5529:7)
#1005   ProxyElement.update (package:flutter/src/widgets/framework.dart:6149:5)
#1006   Element.updateChild (package:flutter/src/widgets/framework.dart:4037:15)
#1007   ComponentElement.performRebuild (package:flutter/src/widgets/framework.dart:5841:16)
#1008   Element.rebuild (package:flutter/src/widgets/framework.dart:5529:7)
#1009   ProxyElement.update (package:flutter/src/widgets/framework.dart:6149:5)
#1010   Element.updateChild (package:flutter/src/widgets/framework.dart:4037:15)
#1011   _RawViewElement._updateChild (package:flutter/src/widgets/view.dart:481:16)
#1012   _RawViewElement.update (package:flutter/src/widgets/view.dart:568:5)
#1013   Element.updateChild (package:flutter/src/widgets/framework.dart:4037:15)
#1014   ComponentElement.performRebuild (package:flutter/src/widgets/framework.dart:5841:16)
#1015   Element.rebuild (package:flutter/src/widgets/framework.dart:5529:7)
#1016   StatelessElement.update (package:flutter/src/widgets/framework.dart:5895:5)
#1017   Element.updateChild (package:flutter/src/widgets/framework.dart:4037:15)
#1018   ComponentElement.performRebuild (package:flutter/src/widgets/framework.dart:5841:16)
#1019   StatefulElement.performRebuild (package:flutter/src/widgets/framework.dart:5982:11)
#1020   Element.rebuild (package:flutter/src/widgets/framework.dart:5529:7)
#1021   StatefulElement.update (package:flutter/src/widgets/framework.dart:6007:5)
#1022   Element.updateChild (package:flutter/src/widgets/framework.dart:4037:15)
#1023   RootElement._rebuild (package:flutter/src/widgets/binding.dart:1822:16)
#1024   RootElement.update (package:flutter/src/widgets/binding.dart:1800:5)
#1025   RootElement.performRebuild (package:flutter/src/widgets/binding.dart:1814:7)
#1026   Element.rebuild (package:flutter/src/widgets/framework.dart:5529:7)
#1027   BuildScope._tryRebuild (package:flutter/src/widgets/framework.dart:2750:15)
#1028   BuildScope._flushDirtyElements (package:flutter/src/widgets/framework.dart:2807:11)
#1029   BuildOwner.buildScope (package:flutter/src/widgets/framework.dart:3111:18)
#1030   AutomatedTestWidgetsFlutterBinding.drawFrame (package:flutter_test/src/binding.dart:2131:19)
#1031   RendererBinding._handlePersistentFrameCallback (package:flutter/src/rendering/binding.dart:495:5)
#1032   SchedulerBinding._invokeFrameCallback (package:flutter/src/scheduler/binding.dart:1430:15)
#1033   SchedulerBinding.handleDrawFrame (package:flutter/src/scheduler/binding.dart:1345:9)
#1034   AutomatedTestWidgetsFlutterBinding.pump.<anonymous closure> (package:flutter_test/src/binding.dart:1960:9)
#1037   TestAsyncUtils.guard (package:flutter_test/src/test_async_utils.dart:74:41)
#1038   AutomatedTestWidgetsFlutterBinding.pump (package:flutter_test/src/binding.dart:1949:27)
#1039   WidgetTester.pumpWidget.<anonymous closure> (package:flutter_test/src/widget_tester.dart:598:22)
#1042   TestAsyncUtils.guard (package:flutter_test/src/test_async_utils.dart:74:41)
#1043   WidgetTester.pumpWidget (package:flutter_test/src/widget_tester.dart:595:27)
#1044   main.<anonymous closure>.<anonymous closure> (file:///D:/Projects/SportsApp/test/widgets/empty_state_test.dart:22:20)
#1045   testWidgets.<anonymous closure>.<anonymous closure> (package:flutter_test/src/widget_tester.dart:192:29)
<asynchronous suspension>
#1046   TestWidgetsFlutterBinding._runTestBody (package:flutter_test/src/binding.dart:1682:5)
<asynchronous suspension>
<asynchronous suspension>
(elided 5 frames from dart:async and package:stack_trace)

ΓòÉΓòÉΓòÉΓòÉΓòÉΓòÉΓòÉΓòÉΓòÉΓòÉΓòÉΓòÉΓòÉΓòÉΓòÉΓòÉΓòÉΓòÉΓòÉΓòÉΓòÉΓòÉΓòÉΓòÉΓòÉΓòÉΓòÉΓòÉΓòÉΓòÉΓòÉΓòÉΓòÉΓòÉΓòÉΓòÉΓòÉΓòÉΓòÉΓòÉΓòÉΓòÉΓòÉΓòÉΓòÉΓòÉΓòÉΓòÉΓòÉΓòÉΓòÉΓòÉΓòÉΓòÉΓòÉΓòÉΓòÉΓòÉΓòÉΓòÉΓòÉΓòÉΓòÉΓòÉΓòÉΓòÉΓòÉΓòÉΓòÉΓòÉΓòÉΓòÉΓòÉΓòÉΓòÉΓòÉΓòÉΓòÉΓòÉΓòÉΓòÉΓòÉΓòÉΓòÉΓòÉΓòÉΓòÉΓòÉΓòÉΓòÉΓòÉΓòÉΓòÉΓòÉΓòÉΓòÉΓòÉΓòÉΓòÉΓòÉ
ΓòÉΓòÉΓòí EXCEPTION CAUGHT BY FLUTTER TEST FRAMEWORK Γò₧ΓòÉΓòÉΓòÉΓòÉΓòÉΓòÉΓòÉΓòÉΓòÉΓòÉΓòÉΓòÉΓòÉΓòÉΓòÉΓòÉΓòÉΓòÉΓòÉΓòÉΓòÉΓòÉΓòÉΓòÉΓòÉΓòÉΓòÉΓòÉΓòÉΓòÉΓòÉΓòÉΓòÉΓòÉΓòÉΓòÉΓòÉΓòÉΓòÉΓòÉΓòÉΓòÉΓòÉΓòÉΓòÉΓòÉΓòÉΓòÉΓòÉΓòÉΓòÉΓòÉ
The following TestFailure was thrown running a test:
Expected: exactly one matching candidate
  Actual: _TextWidgetFinder:<Found 0 widgets with text "No live matches found right now.": []>
   Which: means none were found but one was expected

When the exception was thrown, this was the stack:
#4      main.<anonymous closure>.<anonymous closure> (file:///D:/Projects/SportsApp/test/widgets/empty_state_test.dart:25:7)
<asynchronous suspension>
#5      testWidgets.<anonymous closure>.<anonymous closure> (package:flutter_test/src/widget_tester.dart:192:15)
<asynchronous suspension>
#6      TestWidgetsFlutterBinding._runTestBody (package:flutter_test/src/binding.dart:1682:5)
<asynchronous suspension>
<asynchronous suspension>
(elided one frame from package:stack_trace)

This was caught by the test expectation on the following line:
  file:///D:/Projects/SportsApp/test/widgets/empty_state_test.dart line 25
The test description was:
  renders correct message and icon
ΓòÉΓòÉΓòÉΓòÉΓòÉΓòÉΓòÉΓòÉΓòÉΓòÉΓòÉΓòÉΓòÉΓòÉΓòÉΓòÉΓòÉΓòÉΓòÉΓòÉΓòÉΓòÉΓòÉΓòÉΓòÉΓòÉΓòÉΓòÉΓòÉΓòÉΓòÉΓòÉΓòÉΓòÉΓòÉΓòÉΓòÉΓòÉΓòÉΓòÉΓòÉΓòÉΓòÉΓòÉΓòÉΓòÉΓòÉΓòÉΓòÉΓòÉΓòÉΓòÉΓòÉΓòÉΓòÉΓòÉΓòÉΓòÉΓòÉΓòÉΓòÉΓòÉΓòÉΓòÉΓòÉΓòÉΓòÉΓòÉΓòÉΓòÉΓòÉΓòÉΓòÉΓòÉΓòÉΓòÉΓòÉΓòÉΓòÉΓòÉΓòÉΓòÉΓòÉΓòÉΓòÉΓòÉΓòÉΓòÉΓòÉΓòÉΓòÉΓòÉΓòÉΓòÉΓòÉΓòÉΓòÉΓòÉΓòÉΓòÉ
ΓòÉΓòÉΓòí EXCEPTION CAUGHT BY FLUTTER TEST FRAMEWORK Γò₧ΓòÉΓòÉΓòÉΓòÉΓòÉΓòÉΓòÉΓòÉΓòÉΓòÉΓòÉΓòÉΓòÉΓòÉΓòÉΓòÉΓòÉΓòÉΓòÉΓòÉΓòÉΓòÉΓòÉΓòÉΓòÉΓòÉΓòÉΓòÉΓòÉΓòÉΓòÉΓòÉΓòÉΓòÉΓòÉΓòÉΓòÉΓòÉΓòÉΓòÉΓòÉΓòÉΓòÉΓòÉΓòÉΓòÉΓòÉΓòÉΓòÉΓòÉΓòÉΓòÉ
The following message was thrown:
Multiple exceptions (4) were detected during the running of the current test, and at least one was
unexpected.
ΓòÉΓòÉΓòÉΓòÉΓòÉΓòÉΓòÉΓòÉΓòÉΓòÉΓòÉΓòÉΓòÉΓòÉΓòÉΓòÉΓòÉΓòÉΓòÉΓòÉΓòÉΓòÉΓòÉΓòÉΓòÉΓòÉΓòÉΓòÉΓòÉΓòÉΓòÉΓòÉΓòÉΓòÉΓòÉΓòÉΓòÉΓòÉΓòÉΓòÉΓòÉΓòÉΓòÉΓòÉΓòÉΓòÉΓòÉΓòÉΓòÉΓòÉΓòÉΓòÉΓòÉΓòÉΓòÉΓòÉΓòÉΓòÉΓòÉΓòÉΓòÉΓòÉΓòÉΓòÉΓòÉΓòÉΓòÉΓòÉΓòÉΓòÉΓòÉΓòÉΓòÉΓòÉΓòÉΓòÉΓòÉΓòÉΓòÉΓòÉΓòÉΓòÉΓòÉΓòÉΓòÉΓòÉΓòÉΓòÉΓòÉΓòÉΓòÉΓòÉΓòÉΓòÉΓòÉΓòÉΓòÉΓòÉΓòÉΓòÉ
00:02 +29 -3: D:/Projects/SportsApp/test/widgets/filter_row_test.dart: FilterRow Widget renders all four filter chips
00:02 +29 -3: D:/Projects/SportsApp/test/widgets/empty_state_test.dart: EmptyState Widget renders correct message and icon [E]
  Test failed. See exception logs above.
  The test description was: renders correct message and icon
  
00:02 +29 -3: D:/Projects/SportsApp/test/widgets/filter_row_test.dart: FilterRow Widget renders all four filter chips
ΓòÉΓòÉΓòí EXCEPTION CAUGHT BY WIDGETS LIBRARY Γò₧ΓòÉΓòÉΓòÉΓòÉΓòÉΓòÉΓòÉΓòÉΓòÉΓòÉΓòÉΓòÉΓòÉΓòÉΓòÉΓòÉΓòÉΓòÉΓòÉΓòÉΓòÉΓòÉΓòÉΓòÉΓòÉΓòÉΓòÉΓòÉΓòÉΓòÉΓòÉΓòÉΓòÉΓòÉΓòÉΓòÉΓòÉΓòÉΓòÉΓòÉΓòÉΓòÉΓòÉΓòÉΓòÉΓòÉΓòÉΓòÉΓòÉΓòÉΓòÉΓòÉΓòÉΓòÉΓòÉΓòÉΓòÉΓòÉΓòÉ
The following _TypeError was thrown building FilterRow(dirty, dependencies:
[InheritedCupertinoTheme, _InheritedTheme, _LocalizationsScope-[GlobalKey#a616d],
_UncontrolledProviderScope], state: _ConsumerState#1b752):
Null check operator used on a null value

The relevant error-causing widget was:
  FilterRow FilterRow:file:///D:/Projects/SportsApp/test/widgets/filter_row_test.dart:23:34

When the exception was thrown, this was the stack:
#0      ThemeContext.colors (package:sports_app/theme/app_theme.dart:4:64)
#1      FilterRow._buildFilterChip (package:sports_app/widgets/filter_row.dart:42:64)
#2      FilterRow.build (package:sports_app/widgets/filter_row.dart:19:11)
#3      _ConsumerState.build (package:flutter_riverpod/src/core/consumer.dart:283:48)
#4      StatefulElement.build (package:flutter/src/widgets/framework.dart:5931:27)
#5      ConsumerStatefulElement.build (package:flutter_riverpod/src/core/consumer.dart:445:20)
#6      ComponentElement.performRebuild (package:flutter/src/widgets/framework.dart:5817:15)
#7      StatefulElement.performRebuild (package:flutter/src/widgets/framework.dart:5982:11)
#8      Element.rebuild (package:flutter/src/widgets/framework.dart:5529:7)
#9      ComponentElement._firstBuild (package:flutter/src/widgets/framework.dart:5799:5)
#10     StatefulElement._firstBuild (package:flutter/src/widgets/framework.dart:5973:11)
#11     ComponentElement.mount (package:flutter/src/widgets/framework.dart:5793:5)
...     Normal element mounting (25 frames)
#36     Element.inflateWidget (package:flutter/src/widgets/framework.dart:4587:20)
#37     MultiChildRenderObjectElement.inflateWidget (package:flutter/src/widgets/framework.dart:7264:36)
#38     MultiChildRenderObjectElement.mount (package:flutter/src/widgets/framework.dart:7279:32)
...     Normal element mounting (364 frames)
#402    Element.inflateWidget (package:flutter/src/widgets/framework.dart:4587:20)
#403    MultiChildRenderObjectElement.inflateWidget (package:flutter/src/widgets/framework.dart:7264:36)
#404    MultiChildRenderObjectElement.mount (package:flutter/src/widgets/framework.dart:7279:32)
...     Normal element mounting (489 frames)
#893    Element.inflateWidget (package:flutter/src/widgets/framework.dart:4587:20)
#894    Element.updateChild (package:flutter/src/widgets/framework.dart:4053:20)
#895    ComponentElement.performRebuild (package:flutter/src/widgets/framework.dart:5841:16)
#896    Element.rebuild (package:flutter/src/widgets/framework.dart:5529:7)
#897    ProxyElement.update (package:flutter/src/widgets/framework.dart:6149:5)
#898    _InheritedNotifierElement.update (package:flutter/src/widgets/inherited_notifier.dart:108:11)
#899    Element.updateChild (package:flutter/src/widgets/framework.dart:4037:15)
#900    ComponentElement.performRebuild (package:flutter/src/widgets/framework.dart:5841:16)
#901    StatefulElement.performRebuild (package:flutter/src/widgets/framework.dart:5982:11)
#902    Element.rebuild (package:flutter/src/widgets/framework.dart:5529:7)
#903    StatefulElement.update (package:flutter/src/widgets/framework.dart:6007:5)
#904    Element.updateChild (package:flutter/src/widgets/framework.dart:4037:15)
#905    ComponentElement.performRebuild (package:flutter/src/widgets/framework.dart:5841:16)
#906    Element.rebuild (package:flutter/src/widgets/framework.dart:5529:7)
#907    ProxyElement.update (package:flutter/src/widgets/framework.dart:6149:5)
#908    _InheritedNotifierElement.update (package:flutter/src/widgets/inherited_notifier.dart:108:11)
#909    Element.updateChild (package:flutter/src/widgets/framework.dart:4037:15)
#910    ComponentElement.performRebuild (package:flutter/src/widgets/framework.dart:5841:16)
#911    StatefulElement.performRebuild (package:flutter/src/widgets/framework.dart:5982:11)
#912    Element.rebuild (package:flutter/src/widgets/framework.dart:5529:7)
#913    StatefulElement.update (package:flutter/src/widgets/framework.dart:6007:5)
#914    Element.updateChild (package:flutter/src/widgets/framework.dart:4037:15)
#915    ComponentElement.performRebuild (package:flutter/src/widgets/framework.dart:5841:16)
#916    StatefulElement.performRebuild (package:flutter/src/widgets/framework.dart:5982:11)
#917    Element.rebuild (package:flutter/src/widgets/framework.dart:5529:7)
#918    StatefulElement.update (package:flutter/src/widgets/framework.dart:6007:5)
#919    Element.updateChild (package:flutter/src/widgets/framework.dart:4037:15)
#920    ComponentElement.performRebuild (package:flutter/src/widgets/framework.dart:5841:16)
#921    Element.rebuild (package:flutter/src/widgets/framework.dart:5529:7)
#922    ProxyElement.update (package:flutter/src/widgets/framework.dart:6149:5)
#923    Element.updateChild (package:flutter/src/widgets/framework.dart:4037:15)
#924    ComponentElement.performRebuild (package:flutter/src/widgets/framework.dart:5841:16)
#925    StatefulElement.performRebuild (package:flutter/src/widgets/framework.dart:5982:11)
#926    Element.rebuild (package:flutter/src/widgets/framework.dart:5529:7)
#927    StatefulElement.update (package:flutter/src/widgets/framework.dart:6007:5)
#928    Element.updateChild (package:flutter/src/widgets/framework.dart:4037:15)
#929    ComponentElement.performRebuild (package:flutter/src/widgets/framework.dart:5841:16)
#930    Element.rebuild (package:flutter/src/widgets/framework.dart:5529:7)
#931    ProxyElement.update (package:flutter/src/widgets/framework.dart:6149:5)
#932    Element.updateChild (package:flutter/src/widgets/framework.dart:4037:15)
#933    ComponentElement.performRebuild (package:flutter/src/widgets/framework.dart:5841:16)
#934    Element.rebuild (package:flutter/src/widgets/framework.dart:5529:7)
#935    ProxyElement.update (package:flutter/src/widgets/framework.dart:6149:5)
#936    Element.updateChild (package:flutter/src/widgets/framework.dart:4037:15)
#937    _RawViewElement._updateChild (package:flutter/src/widgets/view.dart:481:16)
#938    _RawViewElement.update (package:flutter/src/widgets/view.dart:568:5)
#939    Element.updateChild (package:flutter/src/widgets/framework.dart:4037:15)
#940    ComponentElement.performRebuild (package:flutter/src/widgets/framework.dart:5841:16)
#941    Element.rebuild (package:flutter/src/widgets/framework.dart:5529:7)
#942    StatelessElement.update (package:flutter/src/widgets/framework.dart:5895:5)
#943    Element.updateChild (package:flutter/src/widgets/framework.dart:4037:15)
#944    ComponentElement.performRebuild (package:flutter/src/widgets/framework.dart:5841:16)
#945    StatefulElement.performRebuild (package:flutter/src/widgets/framework.dart:5982:11)
#946    Element.rebuild (package:flutter/src/widgets/framework.dart:5529:7)
#947    StatefulElement.update (package:flutter/src/widgets/framework.dart:6007:5)
#948    Element.updateChild (package:flutter/src/widgets/framework.dart:4037:15)
#949    RootElement._rebuild (package:flutter/src/widgets/binding.dart:1822:16)
#950    RootElement.update (package:flutter/src/widgets/binding.dart:1800:5)
#951    RootElement.performRebuild (package:flutter/src/widgets/binding.dart:1814:7)
#952    Element.rebuild (package:flutter/src/widgets/framework.dart:5529:7)
#953    BuildScope._tryRebuild (package:flutter/src/widgets/framework.dart:2750:15)
#954    BuildScope._flushDirtyElements (package:flutter/src/widgets/framework.dart:2807:11)
#955    BuildOwner.buildScope (package:flutter/src/widgets/framework.dart:3111:18)
#956    AutomatedTestWidgetsFlutterBinding.drawFrame (package:flutter_test/src/binding.dart:2131:19)
#957    RendererBinding._handlePersistentFrameCallback (package:flutter/src/rendering/binding.dart:495:5)
#958    SchedulerBinding._invokeFrameCallback (package:flutter/src/scheduler/binding.dart:1430:15)
#959    SchedulerBinding.handleDrawFrame (package:flutter/src/scheduler/binding.dart:1345:9)
#960    AutomatedTestWidgetsFlutterBinding.pump.<anonymous closure> (package:flutter_test/src/binding.dart:1960:9)
#963    TestAsyncUtils.guard (package:flutter_test/src/test_async_utils.dart:74:41)
#964    AutomatedTestWidgetsFlutterBinding.pump (package:flutter_test/src/binding.dart:1949:27)
#965    WidgetTester.pumpWidget.<anonymous closure> (package:flutter_test/src/widget_tester.dart:598:22)
#968    TestAsyncUtils.guard (package:flutter_test/src/test_async_utils.dart:74:41)
#969    WidgetTester.pumpWidget (package:flutter_test/src/widget_tester.dart:595:27)
#970    main.<anonymous closure>.<anonymous closure> (file:///D:/Projects/SportsApp/test/widgets/filter_row_test.dart:17:20)
#971    testWidgets.<anonymous closure>.<anonymous closure> (package:flutter_test/src/widget_tester.dart:192:29)
<asynchronous suspension>
#972    TestWidgetsFlutterBinding._runTestBody (package:flutter_test/src/binding.dart:1682:5)
<asynchronous suspension>
<asynchronous suspension>
(elided 5 frames from dart:async and package:stack_trace)

ΓòÉΓòÉΓòÉΓòÉΓòÉΓòÉΓòÉΓòÉΓòÉΓòÉΓòÉΓòÉΓòÉΓòÉΓòÉΓòÉΓòÉΓòÉΓòÉΓòÉΓòÉΓòÉΓòÉΓòÉΓòÉΓòÉΓòÉΓòÉΓòÉΓòÉΓòÉΓòÉΓòÉΓòÉΓòÉΓòÉΓòÉΓòÉΓòÉΓòÉΓòÉΓòÉΓòÉΓòÉΓòÉΓòÉΓòÉΓòÉΓòÉΓòÉΓòÉΓòÉΓòÉΓòÉΓòÉΓòÉΓòÉΓòÉΓòÉΓòÉΓòÉΓòÉΓòÉΓòÉΓòÉΓòÉΓòÉΓòÉΓòÉΓòÉΓòÉΓòÉΓòÉΓòÉΓòÉΓòÉΓòÉΓòÉΓòÉΓòÉΓòÉΓòÉΓòÉΓòÉΓòÉΓòÉΓòÉΓòÉΓòÉΓòÉΓòÉΓòÉΓòÉΓòÉΓòÉΓòÉΓòÉΓòÉΓòÉΓòÉ
ΓòÉΓòÉΓòí EXCEPTION CAUGHT BY FLUTTER TEST FRAMEWORK Γò₧ΓòÉΓòÉΓòÉΓòÉΓòÉΓòÉΓòÉΓòÉΓòÉΓòÉΓòÉΓòÉΓòÉΓòÉΓòÉΓòÉΓòÉΓòÉΓòÉΓòÉΓòÉΓòÉΓòÉΓòÉΓòÉΓòÉΓòÉΓòÉΓòÉΓòÉΓòÉΓòÉΓòÉΓòÉΓòÉΓòÉΓòÉΓòÉΓòÉΓòÉΓòÉΓòÉΓòÉΓòÉΓòÉΓòÉΓòÉΓòÉΓòÉΓòÉΓòÉΓòÉ
The following TestFailure was thrown running a test:
Expected: exactly one matching candidate
  Actual: _TextWidgetFinder:<Found 0 widgets with text "All": []>
   Which: means none were found but one was expected

When the exception was thrown, this was the stack:
#4      main.<anonymous closure>.<anonymous closure> (file:///D:/Projects/SportsApp/test/widgets/filter_row_test.dart:28:7)
<asynchronous suspension>
#5      testWidgets.<anonymous closure>.<anonymous closure> (package:flutter_test/src/widget_tester.dart:192:15)
<asynchronous suspension>
#6      TestWidgetsFlutterBinding._runTestBody (package:flutter_test/src/binding.dart:1682:5)
<asynchronous suspension>
<asynchronous suspension>
(elided one frame from package:stack_trace)

This was caught by the test expectation on the following line:
  file:///D:/Projects/SportsApp/test/widgets/filter_row_test.dart line 28
The test description was:
  renders all four filter chips
ΓòÉΓòÉΓòÉΓòÉΓòÉΓòÉΓòÉΓòÉΓòÉΓòÉΓòÉΓòÉΓòÉΓòÉΓòÉΓòÉΓòÉΓòÉΓòÉΓòÉΓòÉΓòÉΓòÉΓòÉΓòÉΓòÉΓòÉΓòÉΓòÉΓòÉΓòÉΓòÉΓòÉΓòÉΓòÉΓòÉΓòÉΓòÉΓòÉΓòÉΓòÉΓòÉΓòÉΓòÉΓòÉΓòÉΓòÉΓòÉΓòÉΓòÉΓòÉΓòÉΓòÉΓòÉΓòÉΓòÉΓòÉΓòÉΓòÉΓòÉΓòÉΓòÉΓòÉΓòÉΓòÉΓòÉΓòÉΓòÉΓòÉΓòÉΓòÉΓòÉΓòÉΓòÉΓòÉΓòÉΓòÉΓòÉΓòÉΓòÉΓòÉΓòÉΓòÉΓòÉΓòÉΓòÉΓòÉΓòÉΓòÉΓòÉΓòÉΓòÉΓòÉΓòÉΓòÉΓòÉΓòÉΓòÉΓòÉΓòÉ
ΓòÉΓòÉΓòí EXCEPTION CAUGHT BY FLUTTER TEST FRAMEWORK Γò₧ΓòÉΓòÉΓòÉΓòÉΓòÉΓòÉΓòÉΓòÉΓòÉΓòÉΓòÉΓòÉΓòÉΓòÉΓòÉΓòÉΓòÉΓòÉΓòÉΓòÉΓòÉΓòÉΓòÉΓòÉΓòÉΓòÉΓòÉΓòÉΓòÉΓòÉΓòÉΓòÉΓòÉΓòÉΓòÉΓòÉΓòÉΓòÉΓòÉΓòÉΓòÉΓòÉΓòÉΓòÉΓòÉΓòÉΓòÉΓòÉΓòÉΓòÉΓòÉΓòÉ
The following message was thrown:
Multiple exceptions (2) were detected during the running of the current test, and at least one was
unexpected.
ΓòÉΓòÉΓòÉΓòÉΓòÉΓòÉΓòÉΓòÉΓòÉΓòÉΓòÉΓòÉΓòÉΓòÉΓòÉΓòÉΓòÉΓòÉΓòÉΓòÉΓòÉΓòÉΓòÉΓòÉΓòÉΓòÉΓòÉΓòÉΓòÉΓòÉΓòÉΓòÉΓòÉΓòÉΓòÉΓòÉΓòÉΓòÉΓòÉΓòÉΓòÉΓòÉΓòÉΓòÉΓòÉΓòÉΓòÉΓòÉΓòÉΓòÉΓòÉΓòÉΓòÉΓòÉΓòÉΓòÉΓòÉΓòÉΓòÉΓòÉΓòÉΓòÉΓòÉΓòÉΓòÉΓòÉΓòÉΓòÉΓòÉΓòÉΓòÉΓòÉΓòÉΓòÉΓòÉΓòÉΓòÉΓòÉΓòÉΓòÉΓòÉΓòÉΓòÉΓòÉΓòÉΓòÉΓòÉΓòÉΓòÉΓòÉΓòÉΓòÉΓòÉΓòÉΓòÉΓòÉΓòÉΓòÉΓòÉΓòÉ
00:02 +29 -4: D:/Projects/SportsApp/test/widgets/league_group_test.dart: LeagueGroup Widget renders league header and match count
00:02 +29 -4: D:/Projects/SportsApp/test/widgets/filter_row_test.dart: FilterRow Widget renders all four filter chips [E]
  Test failed. See exception logs above.
  The test description was: renders all four filter chips
  
00:02 +29 -4: D:/Projects/SportsApp/test/widgets/filter_row_test.dart: FilterRow Widget updates global provider state on click
ΓòÉΓòÉΓòí EXCEPTION CAUGHT BY WIDGETS LIBRARY Γò₧ΓòÉΓòÉΓòÉΓòÉΓòÉΓòÉΓòÉΓòÉΓòÉΓòÉΓòÉΓòÉΓòÉΓòÉΓòÉΓòÉΓòÉΓòÉΓòÉΓòÉΓòÉΓòÉΓòÉΓòÉΓòÉΓòÉΓòÉΓòÉΓòÉΓòÉΓòÉΓòÉΓòÉΓòÉΓòÉΓòÉΓòÉΓòÉΓòÉΓòÉΓòÉΓòÉΓòÉΓòÉΓòÉΓòÉΓòÉΓòÉΓòÉΓòÉΓòÉΓòÉΓòÉΓòÉΓòÉΓòÉΓòÉΓòÉΓòÉ
The following _TypeError was thrown building FilterRow(dirty, dependencies:
[InheritedCupertinoTheme, _InheritedTheme, _LocalizationsScope-[GlobalKey#56cfb],
_UncontrolledProviderScope], state: _ConsumerState#082c8):
Null check operator used on a null value

The relevant error-causing widget was:
  FilterRow FilterRow:file:///D:/Projects/SportsApp/test/widgets/filter_row_test.dart:46:34

When the exception was thrown, this was the stack:
#0      ThemeContext.colors (package:sports_app/theme/app_theme.dart:4:64)
#1      FilterRow._buildFilterChip (package:sports_app/widgets/filter_row.dart:42:64)
#2      FilterRow.build (package:sports_app/widgets/filter_row.dart:19:11)
#3      _ConsumerState.build (package:flutter_riverpod/src/core/consumer.dart:283:48)
#4      StatefulElement.build (package:flutter/src/widgets/framework.dart:5931:27)
#5      ConsumerStatefulElement.build (package:flutter_riverpod/src/core/consumer.dart:445:20)
#6      ComponentElement.performRebuild (package:flutter/src/widgets/framework.dart:5817:15)
#7      StatefulElement.performRebuild (package:flutter/src/widgets/framework.dart:5982:11)
#8      Element.rebuild (package:flutter/src/widgets/framework.dart:5529:7)
#9      ComponentElement._firstBuild (package:flutter/src/widgets/framework.dart:5799:5)
#10     StatefulElement._firstBuild (package:flutter/src/widgets/framework.dart:5973:11)
#11     ComponentElement.mount (package:flutter/src/widgets/framework.dart:5793:5)
...     Normal element mounting (25 frames)
#36     Element.inflateWidget (package:flutter/src/widgets/framework.dart:4587:20)
#37     MultiChildRenderObjectElement.inflateWidget (package:flutter/src/widgets/framework.dart:7264:36)
#38     MultiChildRenderObjectElement.mount (package:flutter/src/widgets/framework.dart:7279:32)
...     Normal element mounting (364 frames)
#402    Element.inflateWidget (package:flutter/src/widgets/framework.dart:4587:20)
#403    MultiChildRenderObjectElement.inflateWidget (package:flutter/src/widgets/framework.dart:7264:36)
#404    MultiChildRenderObjectElement.mount (package:flutter/src/widgets/framework.dart:7279:32)
...     Normal element mounting (481 frames)
#885    Element.inflateWidget (package:flutter/src/widgets/framework.dart:4587:20)
#886    Element.updateChild (package:flutter/src/widgets/framework.dart:4053:20)
#887    ComponentElement.performRebuild (package:flutter/src/widgets/framework.dart:5841:16)
#888    Element.rebuild (package:flutter/src/widgets/framework.dart:5529:7)
#889    ProxyElement.update (package:flutter/src/widgets/framework.dart:6149:5)
#890    _InheritedNotifierElement.update (package:flutter/src/widgets/inherited_notifier.dart:108:11)
#891    Element.updateChild (package:flutter/src/widgets/framework.dart:4037:15)
#892    ComponentElement.performRebuild (package:flutter/src/widgets/framework.dart:5841:16)
#893    StatefulElement.performRebuild (package:flutter/src/widgets/framework.dart:5982:11)
#894    Element.rebuild (package:flutter/src/widgets/framework.dart:5529:7)
#895    StatefulElement.update (package:flutter/src/widgets/framework.dart:6007:5)
#896    Element.updateChild (package:flutter/src/widgets/framework.dart:4037:15)
#897    ComponentElement.performRebuild (package:flutter/src/widgets/framework.dart:5841:16)
#898    Element.rebuild (package:flutter/src/widgets/framework.dart:5529:7)
#899    ProxyElement.update (package:flutter/src/widgets/framework.dart:6149:5)
#900    _InheritedNotifierElement.update (package:flutter/src/widgets/inherited_notifier.dart:108:11)
#901    Element.updateChild (package:flutter/src/widgets/framework.dart:4037:15)
#902    ComponentElement.performRebuild (package:flutter/src/widgets/framework.dart:5841:16)
#903    StatefulElement.performRebuild (package:flutter/src/widgets/framework.dart:5982:11)
#904    Element.rebuild (package:flutter/src/widgets/framework.dart:5529:7)
#905    StatefulElement.update (package:flutter/src/widgets/framework.dart:6007:5)
#906    Element.updateChild (package:flutter/src/widgets/framework.dart:4037:15)
#907    ComponentElement.performRebuild (package:flutter/src/widgets/framework.dart:5841:16)
#908    StatefulElement.performRebuild (package:flutter/src/widgets/framework.dart:5982:11)
#909    Element.rebuild (package:flutter/src/widgets/framework.dart:5529:7)
#910    StatefulElement.update (package:flutter/src/widgets/framework.dart:6007:5)
#911    Element.updateChild (package:flutter/src/widgets/framework.dart:4037:15)
#912    ComponentElement.performRebuild (package:flutter/src/widgets/framework.dart:5841:16)
#913    Element.rebuild (package:flutter/src/widgets/framework.dart:5529:7)
#914    ProxyElement.update (package:flutter/src/widgets/framework.dart:6149:5)
#915    Element.updateChild (package:flutter/src/widgets/framework.dart:4037:15)
#916    ComponentElement.performRebuild (package:flutter/src/widgets/framework.dart:5841:16)
#917    StatefulElement.performRebuild (package:flutter/src/widgets/framework.dart:5982:11)
#918    Element.rebuild (package:flutter/src/widgets/framework.dart:5529:7)
#919    StatefulElement.update (package:flutter/src/widgets/framework.dart:6007:5)
#920    Element.updateChild (package:flutter/src/widgets/framework.dart:4037:15)
#921    ComponentElement.performRebuild (package:flutter/src/widgets/framework.dart:5841:16)
#922    Element.rebuild (package:flutter/src/widgets/framework.dart:5529:7)
#923    ProxyElement.update (package:flutter/src/widgets/framework.dart:6149:5)
#924    Element.updateChild (package:flutter/src/widgets/framework.dart:4037:15)
#925    ComponentElement.performRebuild (package:flutter/src/widgets/framework.dart:5841:16)
#926    Element.rebuild (package:flutter/src/widgets/framework.dart:5529:7)
#927    ProxyElement.update (package:flutter/src/widgets/framework.dart:6149:5)
#928    Element.updateChild (package:flutter/src/widgets/framework.dart:4037:15)
#929    _RawViewElement._updateChild (package:flutter/src/widgets/view.dart:481:16)
#930    _RawViewElement.update (package:flutter/src/widgets/view.dart:568:5)
#931    Element.updateChild (package:flutter/src/widgets/framework.dart:4037:15)
#932    ComponentElement.performRebuild (package:flutter/src/widgets/framework.dart:5841:16)
#933    Element.rebuild (package:flutter/src/widgets/framework.dart:5529:7)
#934    StatelessElement.update (package:flutter/src/widgets/framework.dart:5895:5)
#935    Element.updateChild (package:flutter/src/widgets/framework.dart:4037:15)
#936    ComponentElement.performRebuild (package:flutter/src/widgets/framework.dart:5841:16)
#937    StatefulElement.performRebuild (package:flutter/src/widgets/framework.dart:5982:11)
#938    Element.rebuild (package:flutter/src/widgets/framework.dart:5529:7)
#939    StatefulElement.update (package:flutter/src/widgets/framework.dart:6007:5)
#940    Element.updateChild (package:flutter/src/widgets/framework.dart:4037:15)
#941    RootElement._rebuild (package:flutter/src/widgets/binding.dart:1822:16)
#942    RootElement.update (package:flutter/src/widgets/binding.dart:1800:5)
#943    RootElement.performRebuild (package:flutter/src/widgets/binding.dart:1814:7)
#944    Element.rebuild (package:flutter/src/widgets/framework.dart:5529:7)
#945    BuildScope._tryRebuild (package:flutter/src/widgets/framework.dart:2750:15)
#946    BuildScope._flushDirtyElements (package:flutter/src/widgets/framework.dart:2807:11)
#947    BuildOwner.buildScope (package:flutter/src/widgets/framework.dart:3111:18)
#948    AutomatedTestWidgetsFlutterBinding.drawFrame (package:flutter_test/src/binding.dart:2131:19)
#949    RendererBinding._handlePersistentFrameCallback (package:flutter/src/rendering/binding.dart:495:5)
#950    SchedulerBinding._invokeFrameCallback (package:flutter/src/scheduler/binding.dart:1430:15)
#951    SchedulerBinding.handleDrawFrame (package:flutter/src/scheduler/binding.dart:1345:9)
#952    AutomatedTestWidgetsFlutterBinding.pump.<anonymous closure> (package:flutter_test/src/binding.dart:1960:9)
#955    TestAsyncUtils.guard (package:flutter_test/src/test_async_utils.dart:74:41)
#956    AutomatedTestWidgetsFlutterBinding.pump (package:flutter_test/src/binding.dart:1949:27)
#957    WidgetTester.pumpWidget.<anonymous closure> (package:flutter_test/src/widget_tester.dart:598:22)
#960    TestAsyncUtils.guard (package:flutter_test/src/test_async_utils.dart:74:41)
#961    WidgetTester.pumpWidget (package:flutter_test/src/widget_tester.dart:595:27)
#962    main.<anonymous closure>.<anonymous closure> (file:///D:/Projects/SportsApp/test/widgets/filter_row_test.dart:42:20)
#963    testWidgets.<anonymous closure>.<anonymous closure> (package:flutter_test/src/widget_tester.dart:192:29)
<asynchronous suspension>
#964    TestWidgetsFlutterBinding._runTestBody (package:flutter_test/src/binding.dart:1682:5)
<asynchronous suspension>
<asynchronous suspension>
(elided 5 frames from dart:async and package:stack_trace)

ΓòÉΓòÉΓòÉΓòÉΓòÉΓòÉΓòÉΓòÉΓòÉΓòÉΓòÉΓòÉΓòÉΓòÉΓòÉΓòÉΓòÉΓòÉΓòÉΓòÉΓòÉΓòÉΓòÉΓòÉΓòÉΓòÉΓòÉΓòÉΓòÉΓòÉΓòÉΓòÉΓòÉΓòÉΓòÉΓòÉΓòÉΓòÉΓòÉΓòÉΓòÉΓòÉΓòÉΓòÉΓòÉΓòÉΓòÉΓòÉΓòÉΓòÉΓòÉΓòÉΓòÉΓòÉΓòÉΓòÉΓòÉΓòÉΓòÉΓòÉΓòÉΓòÉΓòÉΓòÉΓòÉΓòÉΓòÉΓòÉΓòÉΓòÉΓòÉΓòÉΓòÉΓòÉΓòÉΓòÉΓòÉΓòÉΓòÉΓòÉΓòÉΓòÉΓòÉΓòÉΓòÉΓòÉΓòÉΓòÉΓòÉΓòÉΓòÉΓòÉΓòÉΓòÉΓòÉΓòÉΓòÉΓòÉΓòÉΓòÉ
ΓòÉΓòÉΓòí EXCEPTION CAUGHT BY FLUTTER TEST FRAMEWORK Γò₧ΓòÉΓòÉΓòÉΓòÉΓòÉΓòÉΓòÉΓòÉΓòÉΓòÉΓòÉΓòÉΓòÉΓòÉΓòÉΓòÉΓòÉΓòÉΓòÉΓòÉΓòÉΓòÉΓòÉΓòÉΓòÉΓòÉΓòÉΓòÉΓòÉΓòÉΓòÉΓòÉΓòÉΓòÉΓòÉΓòÉΓòÉΓòÉΓòÉΓòÉΓòÉΓòÉΓòÉΓòÉΓòÉΓòÉΓòÉΓòÉΓòÉΓòÉΓòÉΓòÉ
The following assertion was thrown running a test:
The finder "Found 0 widgets with text "Live ≡ƒö┤": []" (used in a call to "tap()") could not find any
matching widgets.

When the exception was thrown, this was the stack:
#0      WidgetController._getElementPoint (package:flutter_test/src/controller.dart:2090:7)
#1      WidgetController.getCenter (package:flutter_test/src/controller.dart:1942:12)
#2      WidgetController.tap (package:flutter_test/src/controller.dart:1075:7)
#3      main.<anonymous closure>.<anonymous closure> (file:///D:/Projects/SportsApp/test/widgets/filter_row_test.dart:55:20)
<asynchronous suspension>
#4      testWidgets.<anonymous closure>.<anonymous closure> (package:flutter_test/src/widget_tester.dart:192:15)
<asynchronous suspension>
#5      TestWidgetsFlutterBinding._runTestBody (package:flutter_test/src/binding.dart:1682:5)
<asynchronous suspension>
<asynchronous suspension>
(elided one frame from package:stack_trace)

The test description was:
  updates global provider state on click
ΓòÉΓòÉΓòÉΓòÉΓòÉΓòÉΓòÉΓòÉΓòÉΓòÉΓòÉΓòÉΓòÉΓòÉΓòÉΓòÉΓòÉΓòÉΓòÉΓòÉΓòÉΓòÉΓòÉΓòÉΓòÉΓòÉΓòÉΓòÉΓòÉΓòÉΓòÉΓòÉΓòÉΓòÉΓòÉΓòÉΓòÉΓòÉΓòÉΓòÉΓòÉΓòÉΓòÉΓòÉΓòÉΓòÉΓòÉΓòÉΓòÉΓòÉΓòÉΓòÉΓòÉΓòÉΓòÉΓòÉΓòÉΓòÉΓòÉΓòÉΓòÉΓòÉΓòÉΓòÉΓòÉΓòÉΓòÉΓòÉΓòÉΓòÉΓòÉΓòÉΓòÉΓòÉΓòÉΓòÉΓòÉΓòÉΓòÉΓòÉΓòÉΓòÉΓòÉΓòÉΓòÉΓòÉΓòÉΓòÉΓòÉΓòÉΓòÉΓòÉΓòÉΓòÉΓòÉΓòÉΓòÉΓòÉΓòÉΓòÉ
ΓòÉΓòÉΓòí EXCEPTION CAUGHT BY FLUTTER TEST FRAMEWORK Γò₧ΓòÉΓòÉΓòÉΓòÉΓòÉΓòÉΓòÉΓòÉΓòÉΓòÉΓòÉΓòÉΓòÉΓòÉΓòÉΓòÉΓòÉΓòÉΓòÉΓòÉΓòÉΓòÉΓòÉΓòÉΓòÉΓòÉΓòÉΓòÉΓòÉΓòÉΓòÉΓòÉΓòÉΓòÉΓòÉΓòÉΓòÉΓòÉΓòÉΓòÉΓòÉΓòÉΓòÉΓòÉΓòÉΓòÉΓòÉΓòÉΓòÉΓòÉΓòÉΓòÉ
The following message was thrown:
Multiple exceptions (2) were detected during the running of the current test, and at least one was
unexpected.
ΓòÉΓòÉΓòÉΓòÉΓòÉΓòÉΓòÉΓòÉΓòÉΓòÉΓòÉΓòÉΓòÉΓòÉΓòÉΓòÉΓòÉΓòÉΓòÉΓòÉΓòÉΓòÉΓòÉΓòÉΓòÉΓòÉΓòÉΓòÉΓòÉΓòÉΓòÉΓòÉΓòÉΓòÉΓòÉΓòÉΓòÉΓòÉΓòÉΓòÉΓòÉΓòÉΓòÉΓòÉΓòÉΓòÉΓòÉΓòÉΓòÉΓòÉΓòÉΓòÉΓòÉΓòÉΓòÉΓòÉΓòÉΓòÉΓòÉΓòÉΓòÉΓòÉΓòÉΓòÉΓòÉΓòÉΓòÉΓòÉΓòÉΓòÉΓòÉΓòÉΓòÉΓòÉΓòÉΓòÉΓòÉΓòÉΓòÉΓòÉΓòÉΓòÉΓòÉΓòÉΓòÉΓòÉΓòÉΓòÉΓòÉΓòÉΓòÉΓòÉΓòÉΓòÉΓòÉΓòÉΓòÉΓòÉΓòÉΓòÉ
00:02 +29 -5: D:/Projects/SportsApp/test/widgets/league_group_test.dart: LeagueGroup Widget renders league header and match count
00:02 +29 -5: D:/Projects/SportsApp/test/widgets/filter_row_test.dart: FilterRow Widget updates global provider state on click [E]
  Test failed. See exception logs above.
  The test description was: updates global provider state on click
  
00:02 +29 -5: D:/Projects/SportsApp/test/widgets/league_group_test.dart: LeagueGroup Widget renders league header and match count
ΓòÉΓòÉΓòí EXCEPTION CAUGHT BY WIDGETS LIBRARY Γò₧ΓòÉΓòÉΓòÉΓòÉΓòÉΓòÉΓòÉΓòÉΓòÉΓòÉΓòÉΓòÉΓòÉΓòÉΓòÉΓòÉΓòÉΓòÉΓòÉΓòÉΓòÉΓòÉΓòÉΓòÉΓòÉΓòÉΓòÉΓòÉΓòÉΓòÉΓòÉΓòÉΓòÉΓòÉΓòÉΓòÉΓòÉΓòÉΓòÉΓòÉΓòÉΓòÉΓòÉΓòÉΓòÉΓòÉΓòÉΓòÉΓòÉΓòÉΓòÉΓòÉΓòÉΓòÉΓòÉΓòÉΓòÉΓòÉΓòÉ
The following _TypeError was thrown building LeagueGroup(dirty, dependencies:
[InheritedCupertinoTheme, _InheritedTheme, _LocalizationsScope-[GlobalKey#8425a]]):
Null check operator used on a null value

The relevant error-causing widget was:
  LeagueGroup LeagueGroup:file:///D:/Projects/SportsApp/test/widgets/league_group_test.dart:25:11

When the exception was thrown, this was the stack:
#0      ThemeContext.colors (package:sports_app/theme/app_theme.dart:4:64)
#1      LeagueGroup.build (package:sports_app/widgets/league_group.dart:36:32)
#2      StatelessElement.build (package:flutter/src/widgets/framework.dart:5889:49)
#3      ComponentElement.performRebuild (package:flutter/src/widgets/framework.dart:5817:15)
#4      Element.rebuild (package:flutter/src/widgets/framework.dart:5529:7)
#5      ComponentElement._firstBuild (package:flutter/src/widgets/framework.dart:5799:5)
#6      ComponentElement.mount (package:flutter/src/widgets/framework.dart:5793:5)
#7      Element.inflateWidget (package:flutter/src/widgets/framework.dart:4587:20)
#8      MultiChildRenderObjectElement.inflateWidget (package:flutter/src/widgets/framework.dart:7264:36)
#9      MultiChildRenderObjectElement.mount (package:flutter/src/widgets/framework.dart:7279:32)
#10     _ViewportElement.mount (package:flutter/src/widgets/viewport.dart:254:11)
...     Normal element mounting (117 frames)
#127    Element.inflateWidget (package:flutter/src/widgets/framework.dart:4587:20)
#128    MultiChildRenderObjectElement.inflateWidget (package:flutter/src/widgets/framework.dart:7264:36)
#129    MultiChildRenderObjectElement.mount (package:flutter/src/widgets/framework.dart:7279:32)
...     Normal element mounting (364 frames)
#493    Element.inflateWidget (package:flutter/src/widgets/framework.dart:4587:20)
#494    MultiChildRenderObjectElement.inflateWidget (package:flutter/src/widgets/framework.dart:7264:36)
#495    MultiChildRenderObjectElement.mount (package:flutter/src/widgets/framework.dart:7279:32)
...     Normal element mounting (467 frames)
#962    Element.inflateWidget (package:flutter/src/widgets/framework.dart:4587:20)
#963    Element.updateChild (package:flutter/src/widgets/framework.dart:4053:20)
#964    ComponentElement.performRebuild (package:flutter/src/widgets/framework.dart:5841:16)
#965    Element.rebuild (package:flutter/src/widgets/framework.dart:5529:7)
#966    ProxyElement.update (package:flutter/src/widgets/framework.dart:6149:5)
#967    _InheritedNotifierElement.update (package:flutter/src/widgets/inherited_notifier.dart:108:11)
#968    Element.updateChild (package:flutter/src/widgets/framework.dart:4037:15)
#969    ComponentElement.performRebuild (package:flutter/src/widgets/framework.dart:5841:16)
#970    StatefulElement.performRebuild (package:flutter/src/widgets/framework.dart:5982:11)
#971    Element.rebuild (package:flutter/src/widgets/framework.dart:5529:7)
#972    StatefulElement.update (package:flutter/src/widgets/framework.dart:6007:5)
#973    Element.updateChild (package:flutter/src/widgets/framework.dart:4037:15)
#974    ComponentElement.performRebuild (package:flutter/src/widgets/framework.dart:5841:16)
#975    Element.rebuild (package:flutter/src/widgets/framework.dart:5529:7)
#976    ProxyElement.update (package:flutter/src/widgets/framework.dart:6149:5)
#977    _InheritedNotifierElement.update (package:flutter/src/widgets/inherited_notifier.dart:108:11)
#978    Element.updateChild (package:flutter/src/widgets/framework.dart:4037:15)
#979    ComponentElement.performRebuild (package:flutter/src/widgets/framework.dart:5841:16)
#980    StatefulElement.performRebuild (package:flutter/src/widgets/framework.dart:5982:11)
#981    Element.rebuild (package:flutter/src/widgets/framework.dart:5529:7)
#982    StatefulElement.update (package:flutter/src/widgets/framework.dart:6007:5)
#983    Element.updateChild (package:flutter/src/widgets/framework.dart:4037:15)
#984    ComponentElement.performRebuild (package:flutter/src/widgets/framework.dart:5841:16)
#985    StatefulElement.performRebuild (package:flutter/src/widgets/framework.dart:5982:11)
#986    Element.rebuild (package:flutter/src/widgets/framework.dart:5529:7)
#987    StatefulElement.update (package:flutter/src/widgets/framework.dart:6007:5)
#988    Element.updateChild (package:flutter/src/widgets/framework.dart:4037:15)
#989    ComponentElement.performRebuild (package:flutter/src/widgets/framework.dart:5841:16)
#990    Element.rebuild (package:flutter/src/widgets/framework.dart:5529:7)
#991    ProxyElement.update (package:flutter/src/widgets/framework.dart:6149:5)
#992    Element.updateChild (package:flutter/src/widgets/framework.dart:4037:15)
#993    ComponentElement.performRebuild (package:flutter/src/widgets/framework.dart:5841:16)
#994    StatefulElement.performRebuild (package:flutter/src/widgets/framework.dart:5982:11)
#995    Element.rebuild (package:flutter/src/widgets/framework.dart:5529:7)
#996    StatefulElement.update (package:flutter/src/widgets/framework.dart:6007:5)
#997    Element.updateChild (package:flutter/src/widgets/framework.dart:4037:15)
#998    ComponentElement.performRebuild (package:flutter/src/widgets/framework.dart:5841:16)
#999    Element.rebuild (package:flutter/src/widgets/framework.dart:5529:7)
#1000   ProxyElement.update (package:flutter/src/widgets/framework.dart:6149:5)
#1001   Element.updateChild (package:flutter/src/widgets/framework.dart:4037:15)
#1002   ComponentElement.performRebuild (package:flutter/src/widgets/framework.dart:5841:16)
#1003   Element.rebuild (package:flutter/src/widgets/framework.dart:5529:7)
#1004   ProxyElement.update (package:flutter/src/widgets/framework.dart:6149:5)
#1005   Element.updateChild (package:flutter/src/widgets/framework.dart:4037:15)
#1006   _RawViewElement._updateChild (package:flutter/src/widgets/view.dart:481:16)
#1007   _RawViewElement.update (package:flutter/src/widgets/view.dart:568:5)
#1008   Element.updateChild (package:flutter/src/widgets/framework.dart:4037:15)
#1009   ComponentElement.performRebuild (package:flutter/src/widgets/framework.dart:5841:16)
#1010   Element.rebuild (package:flutter/src/widgets/framework.dart:5529:7)
#1011   StatelessElement.update (package:flutter/src/widgets/framework.dart:5895:5)
#1012   Element.updateChild (package:flutter/src/widgets/framework.dart:4037:15)
#1013   ComponentElement.performRebuild (package:flutter/src/widgets/framework.dart:5841:16)
#1014   StatefulElement.performRebuild (package:flutter/src/widgets/framework.dart:5982:11)
#1015   Element.rebuild (package:flutter/src/widgets/framework.dart:5529:7)
#1016   StatefulElement.update (package:flutter/src/widgets/framework.dart:6007:5)
#1017   Element.updateChild (package:flutter/src/widgets/framework.dart:4037:15)
#1018   RootElement._rebuild (package:flutter/src/widgets/binding.dart:1822:16)
#1019   RootElement.update (package:flutter/src/widgets/binding.dart:1800:5)
#1020   RootElement.performRebuild (package:flutter/src/widgets/binding.dart:1814:7)
#1021   Element.rebuild (package:flutter/src/widgets/framework.dart:5529:7)
#1022   BuildScope._tryRebuild (package:flutter/src/widgets/framework.dart:2750:15)
#1023   BuildScope._flushDirtyElements (package:flutter/src/widgets/framework.dart:2807:11)
#1024   BuildOwner.buildScope (package:flutter/src/widgets/framework.dart:3111:18)
#1025   AutomatedTestWidgetsFlutterBinding.drawFrame (package:flutter_test/src/binding.dart:2131:19)
#1026   RendererBinding._handlePersistentFrameCallback (package:flutter/src/rendering/binding.dart:495:5)
#1027   SchedulerBinding._invokeFrameCallback (package:flutter/src/scheduler/binding.dart:1430:15)
#1028   SchedulerBinding.handleDrawFrame (package:flutter/src/scheduler/binding.dart:1345:9)
#1029   AutomatedTestWidgetsFlutterBinding.pump.<anonymous closure> (package:flutter_test/src/binding.dart:1960:9)
#1032   TestAsyncUtils.guard (package:flutter_test/src/test_async_utils.dart:74:41)
#1033   AutomatedTestWidgetsFlutterBinding.pump (package:flutter_test/src/binding.dart:1949:27)
#1034   WidgetTester.pumpWidget.<anonymous closure> (package:flutter_test/src/widget_tester.dart:598:22)
#1037   TestAsyncUtils.guard (package:flutter_test/src/test_async_utils.dart:74:41)
#1038   WidgetTester.pumpWidget (package:flutter_test/src/widget_tester.dart:595:27)
#1039   main.<anonymous closure>.<anonymous closure>.<anonymous closure> (file:///D:/Projects/SportsApp/test/widgets/league_group_test.dart:24:22)
#1044   HttpOverrides.runZoned (dart:_http/overrides.dart:59:23)
#1045   mockNetworkImagesFor (package:network_image_mock/src/network_image_mock.dart:9:24)
#1046   main.<anonymous closure>.<anonymous closure> (file:///D:/Projects/SportsApp/test/widgets/league_group_test.dart:20:13)
#1047   testWidgets.<anonymous closure>.<anonymous closure> (package:flutter_test/src/widget_tester.dart:192:29)
<asynchronous suspension>
#1048   TestWidgetsFlutterBinding._runTestBody (package:flutter_test/src/binding.dart:1682:5)
<asynchronous suspension>
<asynchronous suspension>
(elided 9 frames from dart:async and package:stack_trace)

ΓòÉΓòÉΓòÉΓòÉΓòÉΓòÉΓòÉΓòÉΓòÉΓòÉΓòÉΓòÉΓòÉΓòÉΓòÉΓòÉΓòÉΓòÉΓòÉΓòÉΓòÉΓòÉΓòÉΓòÉΓòÉΓòÉΓòÉΓòÉΓòÉΓòÉΓòÉΓòÉΓòÉΓòÉΓòÉΓòÉΓòÉΓòÉΓòÉΓòÉΓòÉΓòÉΓòÉΓòÉΓòÉΓòÉΓòÉΓòÉΓòÉΓòÉΓòÉΓòÉΓòÉΓòÉΓòÉΓòÉΓòÉΓòÉΓòÉΓòÉΓòÉΓòÉΓòÉΓòÉΓòÉΓòÉΓòÉΓòÉΓòÉΓòÉΓòÉΓòÉΓòÉΓòÉΓòÉΓòÉΓòÉΓòÉΓòÉΓòÉΓòÉΓòÉΓòÉΓòÉΓòÉΓòÉΓòÉΓòÉΓòÉΓòÉΓòÉΓòÉΓòÉΓòÉΓòÉΓòÉΓòÉΓòÉΓòÉΓòÉ
ΓòÉΓòÉΓòí EXCEPTION CAUGHT BY WIDGETS LIBRARY Γò₧ΓòÉΓòÉΓòÉΓòÉΓòÉΓòÉΓòÉΓòÉΓòÉΓòÉΓòÉΓòÉΓòÉΓòÉΓòÉΓòÉΓòÉΓòÉΓòÉΓòÉΓòÉΓòÉΓòÉΓòÉΓòÉΓòÉΓòÉΓòÉΓòÉΓòÉΓòÉΓòÉΓòÉΓòÉΓòÉΓòÉΓòÉΓòÉΓòÉΓòÉΓòÉΓòÉΓòÉΓòÉΓòÉΓòÉΓòÉΓòÉΓòÉΓòÉΓòÉΓòÉΓòÉΓòÉΓòÉΓòÉΓòÉΓòÉΓòÉ
The following assertion was thrown building LeagueGroup(dependencies: [InheritedCupertinoTheme,
_InheritedTheme, _LocalizationsScope-[GlobalKey#8425a]]):
A RenderViewport expected a child of type RenderSliver but received a child of type RenderErrorBox.
RenderObjects expect specific types of children because they coordinate with their children during
layout and paint. For example, a RenderSliver cannot be the child of a RenderBox because a
RenderSliver does not understand the RenderBox layout protocol.

The RenderViewport that expected a RenderSliver child was created by:
  Viewport ΓåÉ IgnorePointer-[GlobalKey#677cb] ΓåÉ Semantics ΓåÉ Listener ΓåÉ _GestureSemantics ΓåÉ
  RawGestureDetector-[LabeledGlobalKey<RawGestureDetectorState>#5de2d] ΓåÉ Listener ΓåÉ _ScrollableScope
  ΓåÉ _ScrollSemantics-[GlobalKey#8176f] ΓåÉ NotificationListener<ScrollMetricsNotification> ΓåÉ Transform
  ΓåÉ StretchEffect ΓåÉ Γï»

The RenderErrorBox that did not match the expected child type was created by:
  ErrorWidget-[#06611]

The relevant error-causing widget was:
  LeagueGroup LeagueGroup:file:///D:/Projects/SportsApp/test/widgets/league_group_test.dart:25:11

When the exception was thrown, this was the stack:
#0      ContainerRenderObjectMixin.debugValidateChild.<anonymous closure> (package:flutter/src/rendering/object.dart:4274:9)
#1      ContainerRenderObjectMixin.debugValidateChild (package:flutter/src/rendering/object.dart:4301:6)
#2      MultiChildRenderObjectElement.insertRenderObjectChild (package:flutter/src/widgets/framework.dart:7192:25)
#3      _ViewportElement.insertRenderObjectChild (package:flutter/src/widgets/viewport.dart:295:11)
#4      RenderObjectElement.attachRenderObject (package:flutter/src/widgets/framework.dart:6941:35)
#5      RenderObjectElement.mount (package:flutter/src/widgets/framework.dart:6801:5)
...     Normal element mounting (7 frames)
#12     Element.inflateWidget (package:flutter/src/widgets/framework.dart:4587:20)
#13     MultiChildRenderObjectElement.inflateWidget (package:flutter/src/widgets/framework.dart:7264:36)
#14     MultiChildRenderObjectElement.mount (package:flutter/src/widgets/framework.dart:7279:32)
#15     _ViewportElement.mount (package:flutter/src/widgets/viewport.dart:254:11)
...     Normal element mounting (117 frames)
#132    Element.inflateWidget (package:flutter/src/widgets/framework.dart:4587:20)
#133    MultiChildRenderObjectElement.inflateWidget (package:flutter/src/widgets/framework.dart:7264:36)
#134    MultiChildRenderObjectElement.mount (package:flutter/src/widgets/framework.dart:7279:32)
...     Normal element mounting (364 frames)
#498    Element.inflateWidget (package:flutter/src/widgets/framework.dart:4587:20)
#499    MultiChildRenderObjectElement.inflateWidget (package:flutter/src/widgets/framework.dart:7264:36)
#500    MultiChildRenderObjectElement.mount (package:flutter/src/widgets/framework.dart:7279:32)
...     Normal element mounting (467 frames)
#967    Element.inflateWidget (package:flutter/src/widgets/framework.dart:4587:20)
#968    Element.updateChild (package:flutter/src/widgets/framework.dart:4053:20)
#969    ComponentElement.performRebuild (package:flutter/src/widgets/framework.dart:5841:16)
#970    Element.rebuild (package:flutter/src/widgets/framework.dart:5529:7)
#971    ProxyElement.update (package:flutter/src/widgets/framework.dart:6149:5)
#972    _InheritedNotifierElement.update (package:flutter/src/widgets/inherited_notifier.dart:108:11)
#973    Element.updateChild (package:flutter/src/widgets/framework.dart:4037:15)
#974    ComponentElement.performRebuild (package:flutter/src/widgets/framework.dart:5841:16)
#975    StatefulElement.performRebuild (package:flutter/src/widgets/framework.dart:5982:11)
#976    Element.rebuild (package:flutter/src/widgets/framework.dart:5529:7)
#977    StatefulElement.update (package:flutter/src/widgets/framework.dart:6007:5)
#978    Element.updateChild (package:flutter/src/widgets/framework.dart:4037:15)
#979    ComponentElement.performRebuild (package:flutter/src/widgets/framework.dart:5841:16)
#980    Element.rebuild (package:flutter/src/widgets/framework.dart:5529:7)
#981    ProxyElement.update (package:flutter/src/widgets/framework.dart:6149:5)
#982    _InheritedNotifierElement.update (package:flutter/src/widgets/inherited_notifier.dart:108:11)
#983    Element.updateChild (package:flutter/src/widgets/framework.dart:4037:15)
#984    ComponentElement.performRebuild (package:flutter/src/widgets/framework.dart:5841:16)
#985    StatefulElement.performRebuild (package:flutter/src/widgets/framework.dart:5982:11)
#986    Element.rebuild (package:flutter/src/widgets/framework.dart:5529:7)
#987    StatefulElement.update (package:flutter/src/widgets/framework.dart:6007:5)
#988    Element.updateChild (package:flutter/src/widgets/framework.dart:4037:15)
#989    ComponentElement.performRebuild (package:flutter/src/widgets/framework.dart:5841:16)
#990    StatefulElement.performRebuild (package:flutter/src/widgets/framework.dart:5982:11)
#991    Element.rebuild (package:flutter/src/widgets/framework.dart:5529:7)
#992    StatefulElement.update (package:flutter/src/widgets/framework.dart:6007:5)
#993    Element.updateChild (package:flutter/src/widgets/framework.dart:4037:15)
#994    ComponentElement.performRebuild (package:flutter/src/widgets/framework.dart:5841:16)
#995    Element.rebuild (package:flutter/src/widgets/framework.dart:5529:7)
#996    ProxyElement.update (package:flutter/src/widgets/framework.dart:6149:5)
#997    Element.updateChild (package:flutter/src/widgets/framework.dart:4037:15)
#998    ComponentElement.performRebuild (package:flutter/src/widgets/framework.dart:5841:16)
#999    StatefulElement.performRebuild (package:flutter/src/widgets/framework.dart:5982:11)
#1000   Element.rebuild (package:flutter/src/widgets/framework.dart:5529:7)
#1001   StatefulElement.update (package:flutter/src/widgets/framework.dart:6007:5)
#1002   Element.updateChild (package:flutter/src/widgets/framework.dart:4037:15)
#1003   ComponentElement.performRebuild (package:flutter/src/widgets/framework.dart:5841:16)
#1004   Element.rebuild (package:flutter/src/widgets/framework.dart:5529:7)
#1005   ProxyElement.update (package:flutter/src/widgets/framework.dart:6149:5)
#1006   Element.updateChild (package:flutter/src/widgets/framework.dart:4037:15)
#1007   ComponentElement.performRebuild (package:flutter/src/widgets/framework.dart:5841:16)
#1008   Element.rebuild (package:flutter/src/widgets/framework.dart:5529:7)
#1009   ProxyElement.update (package:flutter/src/widgets/framework.dart:6149:5)
#1010   Element.updateChild (package:flutter/src/widgets/framework.dart:4037:15)
#1011   _RawViewElement._updateChild (package:flutter/src/widgets/view.dart:481:16)
#1012   _RawViewElement.update (package:flutter/src/widgets/view.dart:568:5)
#1013   Element.updateChild (package:flutter/src/widgets/framework.dart:4037:15)
#1014   ComponentElement.performRebuild (package:flutter/src/widgets/framework.dart:5841:16)
#1015   Element.rebuild (package:flutter/src/widgets/framework.dart:5529:7)
#1016   StatelessElement.update (package:flutter/src/widgets/framework.dart:5895:5)
#1017   Element.updateChild (package:flutter/src/widgets/framework.dart:4037:15)
#1018   ComponentElement.performRebuild (package:flutter/src/widgets/framework.dart:5841:16)
#1019   StatefulElement.performRebuild (package:flutter/src/widgets/framework.dart:5982:11)
#1020   Element.rebuild (package:flutter/src/widgets/framework.dart:5529:7)
#1021   StatefulElement.update (package:flutter/src/widgets/framework.dart:6007:5)
#1022   Element.updateChild (package:flutter/src/widgets/framework.dart:4037:15)
#1023   RootElement._rebuild (package:flutter/src/widgets/binding.dart:1822:16)
#1024   RootElement.update (package:flutter/src/widgets/binding.dart:1800:5)
#1025   RootElement.performRebuild (package:flutter/src/widgets/binding.dart:1814:7)
#1026   Element.rebuild (package:flutter/src/widgets/framework.dart:5529:7)
#1027   BuildScope._tryRebuild (package:flutter/src/widgets/framework.dart:2750:15)
#1028   BuildScope._flushDirtyElements (package:flutter/src/widgets/framework.dart:2807:11)
#1029   BuildOwner.buildScope (package:flutter/src/widgets/framework.dart:3111:18)
#1030   AutomatedTestWidgetsFlutterBinding.drawFrame (package:flutter_test/src/binding.dart:2131:19)
#1031   RendererBinding._handlePersistentFrameCallback (package:flutter/src/rendering/binding.dart:495:5)
#1032   SchedulerBinding._invokeFrameCallback (package:flutter/src/scheduler/binding.dart:1430:15)
#1033   SchedulerBinding.handleDrawFrame (package:flutter/src/scheduler/binding.dart:1345:9)
#1034   AutomatedTestWidgetsFlutterBinding.pump.<anonymous closure> (package:flutter_test/src/binding.dart:1960:9)
#1037   TestAsyncUtils.guard (package:flutter_test/src/test_async_utils.dart:74:41)
#1038   AutomatedTestWidgetsFlutterBinding.pump (package:flutter_test/src/binding.dart:1949:27)
#1039   WidgetTester.pumpWidget.<anonymous closure> (package:flutter_test/src/widget_tester.dart:598:22)
#1042   TestAsyncUtils.guard (package:flutter_test/src/test_async_utils.dart:74:41)
#1043   WidgetTester.pumpWidget (package:flutter_test/src/widget_tester.dart:595:27)
#1044   main.<anonymous closure>.<anonymous closure>.<anonymous closure> (file:///D:/Projects/SportsApp/test/widgets/league_group_test.dart:24:22)
#1049   HttpOverrides.runZoned (dart:_http/overrides.dart:59:23)
#1050   mockNetworkImagesFor (package:network_image_mock/src/network_image_mock.dart:9:24)
#1051   main.<anonymous closure>.<anonymous closure> (file:///D:/Projects/SportsApp/test/widgets/league_group_test.dart:20:13)
#1052   testWidgets.<anonymous closure>.<anonymous closure> (package:flutter_test/src/widget_tester.dart:192:29)
<asynchronous suspension>
#1053   TestWidgetsFlutterBinding._runTestBody (package:flutter_test/src/binding.dart:1682:5)
<asynchronous suspension>
<asynchronous suspension>
(elided 9 frames from dart:async and package:stack_trace)

ΓòÉΓòÉΓòÉΓòÉΓòÉΓòÉΓòÉΓòÉΓòÉΓòÉΓòÉΓòÉΓòÉΓòÉΓòÉΓòÉΓòÉΓòÉΓòÉΓòÉΓòÉΓòÉΓòÉΓòÉΓòÉΓòÉΓòÉΓòÉΓòÉΓòÉΓòÉΓòÉΓòÉΓòÉΓòÉΓòÉΓòÉΓòÉΓòÉΓòÉΓòÉΓòÉΓòÉΓòÉΓòÉΓòÉΓòÉΓòÉΓòÉΓòÉΓòÉΓòÉΓòÉΓòÉΓòÉΓòÉΓòÉΓòÉΓòÉΓòÉΓòÉΓòÉΓòÉΓòÉΓòÉΓòÉΓòÉΓòÉΓòÉΓòÉΓòÉΓòÉΓòÉΓòÉΓòÉΓòÉΓòÉΓòÉΓòÉΓòÉΓòÉΓòÉΓòÉΓòÉΓòÉΓòÉΓòÉΓòÉΓòÉΓòÉΓòÉΓòÉΓòÉΓòÉΓòÉΓòÉΓòÉΓòÉΓòÉΓòÉ
ΓòÉΓòÉΓòí EXCEPTION CAUGHT BY WIDGETS LIBRARY Γò₧ΓòÉΓòÉΓòÉΓòÉΓòÉΓòÉΓòÉΓòÉΓòÉΓòÉΓòÉΓòÉΓòÉΓòÉΓòÉΓòÉΓòÉΓòÉΓòÉΓòÉΓòÉΓòÉΓòÉΓòÉΓòÉΓòÉΓòÉΓòÉΓòÉΓòÉΓòÉΓòÉΓòÉΓòÉΓòÉΓòÉΓòÉΓòÉΓòÉΓòÉΓòÉΓòÉΓòÉΓòÉΓòÉΓòÉΓòÉΓòÉΓòÉΓòÉΓòÉΓòÉΓòÉΓòÉΓòÉΓòÉΓòÉΓòÉΓòÉ
The following assertion was thrown building
RawGestureDetector-[LabeledGlobalKey<RawGestureDetectorState>#5de2d](state:
RawGestureDetectorState#4c2a1(gestures: <none>, behavior: opaque)):
A RenderViewport expected a child of type RenderSliver but received a child of type RenderErrorBox.
RenderObjects expect specific types of children because they coordinate with their children during
layout and paint. For example, a RenderSliver cannot be the child of a RenderBox because a
RenderSliver does not understand the RenderBox layout protocol.

The RenderViewport that expected a RenderSliver child was created by:
  Viewport

The RenderErrorBox that did not match the expected child type was created by:
  ErrorWidget-[#e17c8]

The relevant error-causing widget was:
  CustomScrollView
  CustomScrollView:file:///D:/Projects/SportsApp/test/widgets/league_group_test.dart:11:15

When the exception was thrown, this was the stack:
#0      ContainerRenderObjectMixin.debugValidateChild.<anonymous closure> (package:flutter/src/rendering/object.dart:4274:9)
#1      ContainerRenderObjectMixin.debugValidateChild (package:flutter/src/rendering/object.dart:4301:6)
#2      MultiChildRenderObjectElement.insertRenderObjectChild (package:flutter/src/widgets/framework.dart:7192:25)
#3      _ViewportElement.insertRenderObjectChild (package:flutter/src/widgets/viewport.dart:295:11)
#4      RenderObjectElement.attachRenderObject (package:flutter/src/widgets/framework.dart:6941:35)
#5      RenderObjectElement.mount (package:flutter/src/widgets/framework.dart:6801:5)
...     Normal element mounting (7 frames)
#12     Element.inflateWidget (package:flutter/src/widgets/framework.dart:4587:20)
#13     MultiChildRenderObjectElement.inflateWidget (package:flutter/src/widgets/framework.dart:7264:36)
#14     MultiChildRenderObjectElement.mount (package:flutter/src/widgets/framework.dart:7279:32)
#15     _ViewportElement.mount (package:flutter/src/widgets/viewport.dart:254:11)
...     Normal element mounting (117 frames)
#132    Element.inflateWidget (package:flutter/src/widgets/framework.dart:4587:20)
#133    MultiChildRenderObjectElement.inflateWidget (package:flutter/src/widgets/framework.dart:7264:36)
#134    MultiChildRenderObjectElement.mount (package:flutter/src/widgets/framework.dart:7279:32)
...     Normal element mounting (364 frames)
#498    Element.inflateWidget (package:flutter/src/widgets/framework.dart:4587:20)
#499    MultiChildRenderObjectElement.inflateWidget (package:flutter/src/widgets/framework.dart:7264:36)
#500    MultiChildRenderObjectElement.mount (package:flutter/src/widgets/framework.dart:7279:32)
...     Normal element mounting (467 frames)
#967    Element.inflateWidget (package:flutter/src/widgets/framework.dart:4587:20)
#968    Element.updateChild (package:flutter/src/widgets/framework.dart:4053:20)
#969    ComponentElement.performRebuild (package:flutter/src/widgets/framework.dart:5841:16)
#970    Element.rebuild (package:flutter/src/widgets/framework.dart:5529:7)
#971    ProxyElement.update (package:flutter/src/widgets/framework.dart:6149:5)
#972    _InheritedNotifierElement.update (package:flutter/src/widgets/inherited_notifier.dart:108:11)
#973    Element.updateChild (package:flutter/src/widgets/framework.dart:4037:15)
#974    ComponentElement.performRebuild (package:flutter/src/widgets/framework.dart:5841:16)
#975    StatefulElement.performRebuild (package:flutter/src/widgets/framework.dart:5982:11)
#976    Element.rebuild (package:flutter/src/widgets/framework.dart:5529:7)
#977    StatefulElement.update (package:flutter/src/widgets/framework.dart:6007:5)
#978    Element.updateChild (package:flutter/src/widgets/framework.dart:4037:15)
#979    ComponentElement.performRebuild (package:flutter/src/widgets/framework.dart:5841:16)
#980    Element.rebuild (package:flutter/src/widgets/framework.dart:5529:7)
#981    ProxyElement.update (package:flutter/src/widgets/framework.dart:6149:5)
#982    _InheritedNotifierElement.update (package:flutter/src/widgets/inherited_notifier.dart:108:11)
#983    Element.updateChild (package:flutter/src/widgets/framework.dart:4037:15)
#984    ComponentElement.performRebuild (package:flutter/src/widgets/framework.dart:5841:16)
#985    StatefulElement.performRebuild (package:flutter/src/widgets/framework.dart:5982:11)
#986    Element.rebuild (package:flutter/src/widgets/framework.dart:5529:7)
#987    StatefulElement.update (package:flutter/src/widgets/framework.dart:6007:5)
#988    Element.updateChild (package:flutter/src/widgets/framework.dart:4037:15)
#989    ComponentElement.performRebuild (package:flutter/src/widgets/framework.dart:5841:16)
#990    StatefulElement.performRebuild (package:flutter/src/widgets/framework.dart:5982:11)
#991    Element.rebuild (package:flutter/src/widgets/framework.dart:5529:7)
#992    StatefulElement.update (package:flutter/src/widgets/framework.dart:6007:5)
#993    Element.updateChild (package:flutter/src/widgets/framework.dart:4037:15)
#994    ComponentElement.performRebuild (package:flutter/src/widgets/framework.dart:5841:16)
#995    Element.rebuild (package:flutter/src/widgets/framework.dart:5529:7)
#996    ProxyElement.update (package:flutter/src/widgets/framework.dart:6149:5)
#997    Element.updateChild (package:flutter/src/widgets/framework.dart:4037:15)
#998    ComponentElement.performRebuild (package:flutter/src/widgets/framework.dart:5841:16)
#999    StatefulElement.performRebuild (package:flutter/src/widgets/framework.dart:5982:11)
#1000   Element.rebuild (package:flutter/src/widgets/framework.dart:5529:7)
#1001   StatefulElement.update (package:flutter/src/widgets/framework.dart:6007:5)
#1002   Element.updateChild (package:flutter/src/widgets/framework.dart:4037:15)
#1003   ComponentElement.performRebuild (package:flutter/src/widgets/framework.dart:5841:16)
#1004   Element.rebuild (package:flutter/src/widgets/framework.dart:5529:7)
#1005   ProxyElement.update (package:flutter/src/widgets/framework.dart:6149:5)
#1006   Element.updateChild (package:flutter/src/widgets/framework.dart:4037:15)
#1007   ComponentElement.performRebuild (package:flutter/src/widgets/framework.dart:5841:16)
#1008   Element.rebuild (package:flutter/src/widgets/framework.dart:5529:7)
#1009   ProxyElement.update (package:flutter/src/widgets/framework.dart:6149:5)
#1010   Element.updateChild (package:flutter/src/widgets/framework.dart:4037:15)
#1011   _RawViewElement._updateChild (package:flutter/src/widgets/view.dart:481:16)
#1012   _RawViewElement.update (package:flutter/src/widgets/view.dart:568:5)
#1013   Element.updateChild (package:flutter/src/widgets/framework.dart:4037:15)
#1014   ComponentElement.performRebuild (package:flutter/src/widgets/framework.dart:5841:16)
#1015   Element.rebuild (package:flutter/src/widgets/framework.dart:5529:7)
#1016   StatelessElement.update (package:flutter/src/widgets/framework.dart:5895:5)
#1017   Element.updateChild (package:flutter/src/widgets/framework.dart:4037:15)
#1018   ComponentElement.performRebuild (package:flutter/src/widgets/framework.dart:5841:16)
#1019   StatefulElement.performRebuild (package:flutter/src/widgets/framework.dart:5982:11)
#1020   Element.rebuild (package:flutter/src/widgets/framework.dart:5529:7)
#1021   StatefulElement.update (package:flutter/src/widgets/framework.dart:6007:5)
#1022   Element.updateChild (package:flutter/src/widgets/framework.dart:4037:15)
#1023   RootElement._rebuild (package:flutter/src/widgets/binding.dart:1822:16)
#1024   RootElement.update (package:flutter/src/widgets/binding.dart:1800:5)
#1025   RootElement.performRebuild (package:flutter/src/widgets/binding.dart:1814:7)
#1026   Element.rebuild (package:flutter/src/widgets/framework.dart:5529:7)
#1027   BuildScope._tryRebuild (package:flutter/src/widgets/framework.dart:2750:15)
#1028   BuildScope._flushDirtyElements (package:flutter/src/widgets/framework.dart:2807:11)
#1029   BuildOwner.buildScope (package:flutter/src/widgets/framework.dart:3111:18)
#1030   AutomatedTestWidgetsFlutterBinding.drawFrame (package:flutter_test/src/binding.dart:2131:19)
#1031   RendererBinding._handlePersistentFrameCallback (package:flutter/src/rendering/binding.dart:495:5)
#1032   SchedulerBinding._invokeFrameCallback (package:flutter/src/scheduler/binding.dart:1430:15)
#1033   SchedulerBinding.handleDrawFrame (package:flutter/src/scheduler/binding.dart:1345:9)
#1034   AutomatedTestWidgetsFlutterBinding.pump.<anonymous closure> (package:flutter_test/src/binding.dart:1960:9)
#1037   TestAsyncUtils.guard (package:flutter_test/src/test_async_utils.dart:74:41)
#1038   AutomatedTestWidgetsFlutterBinding.pump (package:flutter_test/src/binding.dart:1949:27)
#1039   WidgetTester.pumpWidget.<anonymous closure> (package:flutter_test/src/widget_tester.dart:598:22)
#1042   TestAsyncUtils.guard (package:flutter_test/src/test_async_utils.dart:74:41)
#1043   WidgetTester.pumpWidget (package:flutter_test/src/widget_tester.dart:595:27)
#1044   main.<anonymous closure>.<anonymous closure>.<anonymous closure> (file:///D:/Projects/SportsApp/test/widgets/league_group_test.dart:24:22)
#1049   HttpOverrides.runZoned (dart:_http/overrides.dart:59:23)
#1050   mockNetworkImagesFor (package:network_image_mock/src/network_image_mock.dart:9:24)
#1051   main.<anonymous closure>.<anonymous closure> (file:///D:/Projects/SportsApp/test/widgets/league_group_test.dart:20:13)
#1052   testWidgets.<anonymous closure>.<anonymous closure> (package:flutter_test/src/widget_tester.dart:192:29)
<asynchronous suspension>
#1053   TestWidgetsFlutterBinding._runTestBody (package:flutter_test/src/binding.dart:1682:5)
<asynchronous suspension>
<asynchronous suspension>
(elided 9 frames from dart:async and package:stack_trace)

ΓòÉΓòÉΓòÉΓòÉΓòÉΓòÉΓòÉΓòÉΓòÉΓòÉΓòÉΓòÉΓòÉΓòÉΓòÉΓòÉΓòÉΓòÉΓòÉΓòÉΓòÉΓòÉΓòÉΓòÉΓòÉΓòÉΓòÉΓòÉΓòÉΓòÉΓòÉΓòÉΓòÉΓòÉΓòÉΓòÉΓòÉΓòÉΓòÉΓòÉΓòÉΓòÉΓòÉΓòÉΓòÉΓòÉΓòÉΓòÉΓòÉΓòÉΓòÉΓòÉΓòÉΓòÉΓòÉΓòÉΓòÉΓòÉΓòÉΓòÉΓòÉΓòÉΓòÉΓòÉΓòÉΓòÉΓòÉΓòÉΓòÉΓòÉΓòÉΓòÉΓòÉΓòÉΓòÉΓòÉΓòÉΓòÉΓòÉΓòÉΓòÉΓòÉΓòÉΓòÉΓòÉΓòÉΓòÉΓòÉΓòÉΓòÉΓòÉΓòÉΓòÉΓòÉΓòÉΓòÉΓòÉΓòÉΓòÉΓòÉ
ΓòÉΓòÉΓòí EXCEPTION CAUGHT BY FLUTTER TEST FRAMEWORK Γò₧ΓòÉΓòÉΓòÉΓòÉΓòÉΓòÉΓòÉΓòÉΓòÉΓòÉΓòÉΓòÉΓòÉΓòÉΓòÉΓòÉΓòÉΓòÉΓòÉΓòÉΓòÉΓòÉΓòÉΓòÉΓòÉΓòÉΓòÉΓòÉΓòÉΓòÉΓòÉΓòÉΓòÉΓòÉΓòÉΓòÉΓòÉΓòÉΓòÉΓòÉΓòÉΓòÉΓòÉΓòÉΓòÉΓòÉΓòÉΓòÉΓòÉΓòÉΓòÉΓòÉ
The following TestFailure was thrown running a test:
Expected: exactly one matching candidate
  Actual: _TextWidgetFinder:<Found 0 widgets with text "Test Super League": []>
   Which: means none were found but one was expected

When the exception was thrown, this was the stack:
#4      main.<anonymous closure>.<anonymous closure>.<anonymous closure> (file:///D:/Projects/SportsApp/test/widgets/league_group_test.dart:33:9)
<asynchronous suspension>
#5      main.<anonymous closure>.<anonymous closure> (file:///D:/Projects/SportsApp/test/widgets/league_group_test.dart:20:7)
<asynchronous suspension>
#6      testWidgets.<anonymous closure>.<anonymous closure> (package:flutter_test/src/widget_tester.dart:192:15)
<asynchronous suspension>
#7      TestWidgetsFlutterBinding._runTestBody (package:flutter_test/src/binding.dart:1682:5)
<asynchronous suspension>
<asynchronous suspension>
(elided one frame from package:stack_trace)

This was caught by the test expectation on the following line:
  file:///D:/Projects/SportsApp/test/widgets/league_group_test.dart line 33
The test description was:
  renders league header and match count
ΓòÉΓòÉΓòÉΓòÉΓòÉΓòÉΓòÉΓòÉΓòÉΓòÉΓòÉΓòÉΓòÉΓòÉΓòÉΓòÉΓòÉΓòÉΓòÉΓòÉΓòÉΓòÉΓòÉΓòÉΓòÉΓòÉΓòÉΓòÉΓòÉΓòÉΓòÉΓòÉΓòÉΓòÉΓòÉΓòÉΓòÉΓòÉΓòÉΓòÉΓòÉΓòÉΓòÉΓòÉΓòÉΓòÉΓòÉΓòÉΓòÉΓòÉΓòÉΓòÉΓòÉΓòÉΓòÉΓòÉΓòÉΓòÉΓòÉΓòÉΓòÉΓòÉΓòÉΓòÉΓòÉΓòÉΓòÉΓòÉΓòÉΓòÉΓòÉΓòÉΓòÉΓòÉΓòÉΓòÉΓòÉΓòÉΓòÉΓòÉΓòÉΓòÉΓòÉΓòÉΓòÉΓòÉΓòÉΓòÉΓòÉΓòÉΓòÉΓòÉΓòÉΓòÉΓòÉΓòÉΓòÉΓòÉΓòÉΓòÉ
ΓòÉΓòÉΓòí EXCEPTION CAUGHT BY FLUTTER TEST FRAMEWORK Γò₧ΓòÉΓòÉΓòÉΓòÉΓòÉΓòÉΓòÉΓòÉΓòÉΓòÉΓòÉΓòÉΓòÉΓòÉΓòÉΓòÉΓòÉΓòÉΓòÉΓòÉΓòÉΓòÉΓòÉΓòÉΓòÉΓòÉΓòÉΓòÉΓòÉΓòÉΓòÉΓòÉΓòÉΓòÉΓòÉΓòÉΓòÉΓòÉΓòÉΓòÉΓòÉΓòÉΓòÉΓòÉΓòÉΓòÉΓòÉΓòÉΓòÉΓòÉΓòÉΓòÉ
The following message was thrown:
Multiple exceptions (4) were detected during the running of the current test, and at least one was
unexpected.
ΓòÉΓòÉΓòÉΓòÉΓòÉΓòÉΓòÉΓòÉΓòÉΓòÉΓòÉΓòÉΓòÉΓòÉΓòÉΓòÉΓòÉΓòÉΓòÉΓòÉΓòÉΓòÉΓòÉΓòÉΓòÉΓòÉΓòÉΓòÉΓòÉΓòÉΓòÉΓòÉΓòÉΓòÉΓòÉΓòÉΓòÉΓòÉΓòÉΓòÉΓòÉΓòÉΓòÉΓòÉΓòÉΓòÉΓòÉΓòÉΓòÉΓòÉΓòÉΓòÉΓòÉΓòÉΓòÉΓòÉΓòÉΓòÉΓòÉΓòÉΓòÉΓòÉΓòÉΓòÉΓòÉΓòÉΓòÉΓòÉΓòÉΓòÉΓòÉΓòÉΓòÉΓòÉΓòÉΓòÉΓòÉΓòÉΓòÉΓòÉΓòÉΓòÉΓòÉΓòÉΓòÉΓòÉΓòÉΓòÉΓòÉΓòÉΓòÉΓòÉΓòÉΓòÉΓòÉΓòÉΓòÉΓòÉΓòÉΓòÉ
00:02 +29 -6: D:/Projects/SportsApp/test/widgets/match_card_test.dart: MatchCard Widget renders live match correctly
00:02 +29 -6: D:/Projects/SportsApp/test/widgets/league_group_test.dart: LeagueGroup Widget renders league header and match count [E]
  Test failed. See exception logs above.
  The test description was: renders league header and match count
  
00:02 +29 -6: D:/Projects/SportsApp/test/widgets/league_group_test.dart: LeagueGroup Widget calls onToggle when header is tapped
ΓòÉΓòÉΓòí EXCEPTION CAUGHT BY WIDGETS LIBRARY Γò₧ΓòÉΓòÉΓòÉΓòÉΓòÉΓòÉΓòÉΓòÉΓòÉΓòÉΓòÉΓòÉΓòÉΓòÉΓòÉΓòÉΓòÉΓòÉΓòÉΓòÉΓòÉΓòÉΓòÉΓòÉΓòÉΓòÉΓòÉΓòÉΓòÉΓòÉΓòÉΓòÉΓòÉΓòÉΓòÉΓòÉΓòÉΓòÉΓòÉΓòÉΓòÉΓòÉΓòÉΓòÉΓòÉΓòÉΓòÉΓòÉΓòÉΓòÉΓòÉΓòÉΓòÉΓòÉΓòÉΓòÉΓòÉΓòÉΓòÉ
The following _TypeError was thrown building LeagueGroup(dirty, dependencies:
[InheritedCupertinoTheme, _InheritedTheme, _LocalizationsScope-[GlobalKey#3483b]]):
Null check operator used on a null value

The relevant error-causing widget was:
  LeagueGroup LeagueGroup:file:///D:/Projects/SportsApp/test/widgets/league_group_test.dart:46:11

When the exception was thrown, this was the stack:
#0      ThemeContext.colors (package:sports_app/theme/app_theme.dart:4:64)
#1      LeagueGroup.build (package:sports_app/widgets/league_group.dart:36:32)
#2      StatelessElement.build (package:flutter/src/widgets/framework.dart:5889:49)
#3      ComponentElement.performRebuild (package:flutter/src/widgets/framework.dart:5817:15)
#4      Element.rebuild (package:flutter/src/widgets/framework.dart:5529:7)
#5      ComponentElement._firstBuild (package:flutter/src/widgets/framework.dart:5799:5)
#6      ComponentElement.mount (package:flutter/src/widgets/framework.dart:5793:5)
#7      Element.inflateWidget (package:flutter/src/widgets/framework.dart:4587:20)
#8      MultiChildRenderObjectElement.inflateWidget (package:flutter/src/widgets/framework.dart:7264:36)
#9      MultiChildRenderObjectElement.mount (package:flutter/src/widgets/framework.dart:7279:32)
#10     _ViewportElement.mount (package:flutter/src/widgets/viewport.dart:254:11)
...     Normal element mounting (117 frames)
#127    Element.inflateWidget (package:flutter/src/widgets/framework.dart:4587:20)
#128    MultiChildRenderObjectElement.inflateWidget (package:flutter/src/widgets/framework.dart:7264:36)
#129    MultiChildRenderObjectElement.mount (package:flutter/src/widgets/framework.dart:7279:32)
...     Normal element mounting (364 frames)
#493    Element.inflateWidget (package:flutter/src/widgets/framework.dart:4587:20)
#494    MultiChildRenderObjectElement.inflateWidget (package:flutter/src/widgets/framework.dart:7264:36)
#495    MultiChildRenderObjectElement.mount (package:flutter/src/widgets/framework.dart:7279:32)
...     Normal element mounting (467 frames)
#962    Element.inflateWidget (package:flutter/src/widgets/framework.dart:4587:20)
#963    Element.updateChild (package:flutter/src/widgets/framework.dart:4053:20)
#964    ComponentElement.performRebuild (package:flutter/src/widgets/framework.dart:5841:16)
#965    Element.rebuild (package:flutter/src/widgets/framework.dart:5529:7)
#966    ProxyElement.update (package:flutter/src/widgets/framework.dart:6149:5)
#967    _InheritedNotifierElement.update (package:flutter/src/widgets/inherited_notifier.dart:108:11)
#968    Element.updateChild (package:flutter/src/widgets/framework.dart:4037:15)
#969    ComponentElement.performRebuild (package:flutter/src/widgets/framework.dart:5841:16)
#970    StatefulElement.performRebuild (package:flutter/src/widgets/framework.dart:5982:11)
#971    Element.rebuild (package:flutter/src/widgets/framework.dart:5529:7)
#972    StatefulElement.update (package:flutter/src/widgets/framework.dart:6007:5)
#973    Element.updateChild (package:flutter/src/widgets/framework.dart:4037:15)
#974    ComponentElement.performRebuild (package:flutter/src/widgets/framework.dart:5841:16)
#975    Element.rebuild (package:flutter/src/widgets/framework.dart:5529:7)
#976    ProxyElement.update (package:flutter/src/widgets/framework.dart:6149:5)
#977    _InheritedNotifierElement.update (package:flutter/src/widgets/inherited_notifier.dart:108:11)
#978    Element.updateChild (package:flutter/src/widgets/framework.dart:4037:15)
#979    ComponentElement.performRebuild (package:flutter/src/widgets/framework.dart:5841:16)
#980    StatefulElement.performRebuild (package:flutter/src/widgets/framework.dart:5982:11)
#981    Element.rebuild (package:flutter/src/widgets/framework.dart:5529:7)
#982    StatefulElement.update (package:flutter/src/widgets/framework.dart:6007:5)
#983    Element.updateChild (package:flutter/src/widgets/framework.dart:4037:15)
#984    ComponentElement.performRebuild (package:flutter/src/widgets/framework.dart:5841:16)
#985    StatefulElement.performRebuild (package:flutter/src/widgets/framework.dart:5982:11)
#986    Element.rebuild (package:flutter/src/widgets/framework.dart:5529:7)
#987    StatefulElement.update (package:flutter/src/widgets/framework.dart:6007:5)
#988    Element.updateChild (package:flutter/src/widgets/framework.dart:4037:15)
#989    ComponentElement.performRebuild (package:flutter/src/widgets/framework.dart:5841:16)
#990    Element.rebuild (package:flutter/src/widgets/framework.dart:5529:7)
#991    ProxyElement.update (package:flutter/src/widgets/framework.dart:6149:5)
#992    Element.updateChild (package:flutter/src/widgets/framework.dart:4037:15)
#993    ComponentElement.performRebuild (package:flutter/src/widgets/framework.dart:5841:16)
#994    StatefulElement.performRebuild (package:flutter/src/widgets/framework.dart:5982:11)
#995    Element.rebuild (package:flutter/src/widgets/framework.dart:5529:7)
#996    StatefulElement.update (package:flutter/src/widgets/framework.dart:6007:5)
#997    Element.updateChild (package:flutter/src/widgets/framework.dart:4037:15)
#998    ComponentElement.performRebuild (package:flutter/src/widgets/framework.dart:5841:16)
#999    Element.rebuild (package:flutter/src/widgets/framework.dart:5529:7)
#1000   ProxyElement.update (package:flutter/src/widgets/framework.dart:6149:5)
#1001   Element.updateChild (package:flutter/src/widgets/framework.dart:4037:15)
#1002   ComponentElement.performRebuild (package:flutter/src/widgets/framework.dart:5841:16)
#1003   Element.rebuild (package:flutter/src/widgets/framework.dart:5529:7)
#1004   ProxyElement.update (package:flutter/src/widgets/framework.dart:6149:5)
#1005   Element.updateChild (package:flutter/src/widgets/framework.dart:4037:15)
#1006   _RawViewElement._updateChild (package:flutter/src/widgets/view.dart:481:16)
#1007   _RawViewElement.update (package:flutter/src/widgets/view.dart:568:5)
#1008   Element.updateChild (package:flutter/src/widgets/framework.dart:4037:15)
#1009   ComponentElement.performRebuild (package:flutter/src/widgets/framework.dart:5841:16)
#1010   Element.rebuild (package:flutter/src/widgets/framework.dart:5529:7)
#1011   StatelessElement.update (package:flutter/src/widgets/framework.dart:5895:5)
#1012   Element.updateChild (package:flutter/src/widgets/framework.dart:4037:15)
#1013   ComponentElement.performRebuild (package:flutter/src/widgets/framework.dart:5841:16)
#1014   StatefulElement.performRebuild (package:flutter/src/widgets/framework.dart:5982:11)
#1015   Element.rebuild (package:flutter/src/widgets/framework.dart:5529:7)
#1016   StatefulElement.update (package:flutter/src/widgets/framework.dart:6007:5)
#1017   Element.updateChild (package:flutter/src/widgets/framework.dart:4037:15)
#1018   RootElement._rebuild (package:flutter/src/widgets/binding.dart:1822:16)
#1019   RootElement.update (package:flutter/src/widgets/binding.dart:1800:5)
#1020   RootElement.performRebuild (package:flutter/src/widgets/binding.dart:1814:7)
#1021   Element.rebuild (package:flutter/src/widgets/framework.dart:5529:7)
#1022   BuildScope._tryRebuild (package:flutter/src/widgets/framework.dart:2750:15)
#1023   BuildScope._flushDirtyElements (package:flutter/src/widgets/framework.dart:2807:11)
#1024   BuildOwner.buildScope (package:flutter/src/widgets/framework.dart:3111:18)
#1025   AutomatedTestWidgetsFlutterBinding.drawFrame (package:flutter_test/src/binding.dart:2131:19)
#1026   RendererBinding._handlePersistentFrameCallback (package:flutter/src/rendering/binding.dart:495:5)
#1027   SchedulerBinding._invokeFrameCallback (package:flutter/src/scheduler/binding.dart:1430:15)
#1028   SchedulerBinding.handleDrawFrame (package:flutter/src/scheduler/binding.dart:1345:9)
#1029   AutomatedTestWidgetsFlutterBinding.pump.<anonymous closure> (package:flutter_test/src/binding.dart:1960:9)
#1032   TestAsyncUtils.guard (package:flutter_test/src/test_async_utils.dart:74:41)
#1033   AutomatedTestWidgetsFlutterBinding.pump (package:flutter_test/src/binding.dart:1949:27)
#1034   WidgetTester.pumpWidget.<anonymous closure> (package:flutter_test/src/widget_tester.dart:598:22)
#1037   TestAsyncUtils.guard (package:flutter_test/src/test_async_utils.dart:74:41)
#1038   WidgetTester.pumpWidget (package:flutter_test/src/widget_tester.dart:595:27)
#1039   main.<anonymous closure>.<anonymous closure>.<anonymous closure> (file:///D:/Projects/SportsApp/test/widgets/league_group_test.dart:45:22)
#1044   HttpOverrides.runZoned (dart:_http/overrides.dart:59:23)
#1045   mockNetworkImagesFor (package:network_image_mock/src/network_image_mock.dart:9:24)
#1046   main.<anonymous closure>.<anonymous closure> (file:///D:/Projects/SportsApp/test/widgets/league_group_test.dart:40:13)
#1047   testWidgets.<anonymous closure>.<anonymous closure> (package:flutter_test/src/widget_tester.dart:192:29)
<asynchronous suspension>
#1048   TestWidgetsFlutterBinding._runTestBody (package:flutter_test/src/binding.dart:1682:5)
<asynchronous suspension>
<asynchronous suspension>
(elided 9 frames from dart:async and package:stack_trace)

ΓòÉΓòÉΓòÉΓòÉΓòÉΓòÉΓòÉΓòÉΓòÉΓòÉΓòÉΓòÉΓòÉΓòÉΓòÉΓòÉΓòÉΓòÉΓòÉΓòÉΓòÉΓòÉΓòÉΓòÉΓòÉΓòÉΓòÉΓòÉΓòÉΓòÉΓòÉΓòÉΓòÉΓòÉΓòÉΓòÉΓòÉΓòÉΓòÉΓòÉΓòÉΓòÉΓòÉΓòÉΓòÉΓòÉΓòÉΓòÉΓòÉΓòÉΓòÉΓòÉΓòÉΓòÉΓòÉΓòÉΓòÉΓòÉΓòÉΓòÉΓòÉΓòÉΓòÉΓòÉΓòÉΓòÉΓòÉΓòÉΓòÉΓòÉΓòÉΓòÉΓòÉΓòÉΓòÉΓòÉΓòÉΓòÉΓòÉΓòÉΓòÉΓòÉΓòÉΓòÉΓòÉΓòÉΓòÉΓòÉΓòÉΓòÉΓòÉΓòÉΓòÉΓòÉΓòÉΓòÉΓòÉΓòÉΓòÉΓòÉ
ΓòÉΓòÉΓòí EXCEPTION CAUGHT BY WIDGETS LIBRARY Γò₧ΓòÉΓòÉΓòÉΓòÉΓòÉΓòÉΓòÉΓòÉΓòÉΓòÉΓòÉΓòÉΓòÉΓòÉΓòÉΓòÉΓòÉΓòÉΓòÉΓòÉΓòÉΓòÉΓòÉΓòÉΓòÉΓòÉΓòÉΓòÉΓòÉΓòÉΓòÉΓòÉΓòÉΓòÉΓòÉΓòÉΓòÉΓòÉΓòÉΓòÉΓòÉΓòÉΓòÉΓòÉΓòÉΓòÉΓòÉΓòÉΓòÉΓòÉΓòÉΓòÉΓòÉΓòÉΓòÉΓòÉΓòÉΓòÉΓòÉ
The following assertion was thrown building LeagueGroup(dependencies: [InheritedCupertinoTheme,
_InheritedTheme, _LocalizationsScope-[GlobalKey#3483b]]):
A RenderViewport expected a child of type RenderSliver but received a child of type RenderErrorBox.
RenderObjects expect specific types of children because they coordinate with their children during
layout and paint. For example, a RenderSliver cannot be the child of a RenderBox because a
RenderSliver does not understand the RenderBox layout protocol.

The RenderViewport that expected a RenderSliver child was created by:
  Viewport ΓåÉ IgnorePointer-[GlobalKey#2fdb9] ΓåÉ Semantics ΓåÉ Listener ΓåÉ _GestureSemantics ΓåÉ
  RawGestureDetector-[LabeledGlobalKey<RawGestureDetectorState>#05c48] ΓåÉ Listener ΓåÉ _ScrollableScope
  ΓåÉ _ScrollSemantics-[GlobalKey#2d616] ΓåÉ NotificationListener<ScrollMetricsNotification> ΓåÉ Transform
  ΓåÉ StretchEffect ΓåÉ Γï»

The RenderErrorBox that did not match the expected child type was created by:
  ErrorWidget-[#78132]

The relevant error-causing widget was:
  LeagueGroup LeagueGroup:file:///D:/Projects/SportsApp/test/widgets/league_group_test.dart:46:11

When the exception was thrown, this was the stack:
#0      ContainerRenderObjectMixin.debugValidateChild.<anonymous closure> (package:flutter/src/rendering/object.dart:4274:9)
#1      ContainerRenderObjectMixin.debugValidateChild (package:flutter/src/rendering/object.dart:4301:6)
#2      MultiChildRenderObjectElement.insertRenderObjectChild (package:flutter/src/widgets/framework.dart:7192:25)
#3      _ViewportElement.insertRenderObjectChild (package:flutter/src/widgets/viewport.dart:295:11)
#4      RenderObjectElement.attachRenderObject (package:flutter/src/widgets/framework.dart:6941:35)
#5      RenderObjectElement.mount (package:flutter/src/widgets/framework.dart:6801:5)
...     Normal element mounting (7 frames)
#12     Element.inflateWidget (package:flutter/src/widgets/framework.dart:4587:20)
#13     MultiChildRenderObjectElement.inflateWidget (package:flutter/src/widgets/framework.dart:7264:36)
#14     MultiChildRenderObjectElement.mount (package:flutter/src/widgets/framework.dart:7279:32)
#15     _ViewportElement.mount (package:flutter/src/widgets/viewport.dart:254:11)
...     Normal element mounting (117 frames)
#132    Element.inflateWidget (package:flutter/src/widgets/framework.dart:4587:20)
#133    MultiChildRenderObjectElement.inflateWidget (package:flutter/src/widgets/framework.dart:7264:36)
#134    MultiChildRenderObjectElement.mount (package:flutter/src/widgets/framework.dart:7279:32)
...     Normal element mounting (364 frames)
#498    Element.inflateWidget (package:flutter/src/widgets/framework.dart:4587:20)
#499    MultiChildRenderObjectElement.inflateWidget (package:flutter/src/widgets/framework.dart:7264:36)
#500    MultiChildRenderObjectElement.mount (package:flutter/src/widgets/framework.dart:7279:32)
...     Normal element mounting (467 frames)
#967    Element.inflateWidget (package:flutter/src/widgets/framework.dart:4587:20)
#968    Element.updateChild (package:flutter/src/widgets/framework.dart:4053:20)
#969    ComponentElement.performRebuild (package:flutter/src/widgets/framework.dart:5841:16)
#970    Element.rebuild (package:flutter/src/widgets/framework.dart:5529:7)
#971    ProxyElement.update (package:flutter/src/widgets/framework.dart:6149:5)
#972    _InheritedNotifierElement.update (package:flutter/src/widgets/inherited_notifier.dart:108:11)
#973    Element.updateChild (package:flutter/src/widgets/framework.dart:4037:15)
#974    ComponentElement.performRebuild (package:flutter/src/widgets/framework.dart:5841:16)
#975    StatefulElement.performRebuild (package:flutter/src/widgets/framework.dart:5982:11)
#976    Element.rebuild (package:flutter/src/widgets/framework.dart:5529:7)
#977    StatefulElement.update (package:flutter/src/widgets/framework.dart:6007:5)
#978    Element.updateChild (package:flutter/src/widgets/framework.dart:4037:15)
#979    ComponentElement.performRebuild (package:flutter/src/widgets/framework.dart:5841:16)
#980    Element.rebuild (package:flutter/src/widgets/framework.dart:5529:7)
#981    ProxyElement.update (package:flutter/src/widgets/framework.dart:6149:5)
#982    _InheritedNotifierElement.update (package:flutter/src/widgets/inherited_notifier.dart:108:11)
#983    Element.updateChild (package:flutter/src/widgets/framework.dart:4037:15)
#984    ComponentElement.performRebuild (package:flutter/src/widgets/framework.dart:5841:16)
#985    StatefulElement.performRebuild (package:flutter/src/widgets/framework.dart:5982:11)
#986    Element.rebuild (package:flutter/src/widgets/framework.dart:5529:7)
#987    StatefulElement.update (package:flutter/src/widgets/framework.dart:6007:5)
#988    Element.updateChild (package:flutter/src/widgets/framework.dart:4037:15)
#989    ComponentElement.performRebuild (package:flutter/src/widgets/framework.dart:5841:16)
#990    StatefulElement.performRebuild (package:flutter/src/widgets/framework.dart:5982:11)
#991    Element.rebuild (package:flutter/src/widgets/framework.dart:5529:7)
#992    StatefulElement.update (package:flutter/src/widgets/framework.dart:6007:5)
#993    Element.updateChild (package:flutter/src/widgets/framework.dart:4037:15)
#994    ComponentElement.performRebuild (package:flutter/src/widgets/framework.dart:5841:16)
#995    Element.rebuild (package:flutter/src/widgets/framework.dart:5529:7)
#996    ProxyElement.update (package:flutter/src/widgets/framework.dart:6149:5)
#997    Element.updateChild (package:flutter/src/widgets/framework.dart:4037:15)
#998    ComponentElement.performRebuild (package:flutter/src/widgets/framework.dart:5841:16)
#999    StatefulElement.performRebuild (package:flutter/src/widgets/framework.dart:5982:11)
#1000   Element.rebuild (package:flutter/src/widgets/framework.dart:5529:7)
#1001   StatefulElement.update (package:flutter/src/widgets/framework.dart:6007:5)
#1002   Element.updateChild (package:flutter/src/widgets/framework.dart:4037:15)
#1003   ComponentElement.performRebuild (package:flutter/src/widgets/framework.dart:5841:16)
#1004   Element.rebuild (package:flutter/src/widgets/framework.dart:5529:7)
#1005   ProxyElement.update (package:flutter/src/widgets/framework.dart:6149:5)
#1006   Element.updateChild (package:flutter/src/widgets/framework.dart:4037:15)
#1007   ComponentElement.performRebuild (package:flutter/src/widgets/framework.dart:5841:16)
#1008   Element.rebuild (package:flutter/src/widgets/framework.dart:5529:7)
#1009   ProxyElement.update (package:flutter/src/widgets/framework.dart:6149:5)
#1010   Element.updateChild (package:flutter/src/widgets/framework.dart:4037:15)
#1011   _RawViewElement._updateChild (package:flutter/src/widgets/view.dart:481:16)
#1012   _RawViewElement.update (package:flutter/src/widgets/view.dart:568:5)
#1013   Element.updateChild (package:flutter/src/widgets/framework.dart:4037:15)
#1014   ComponentElement.performRebuild (package:flutter/src/widgets/framework.dart:5841:16)
#1015   Element.rebuild (package:flutter/src/widgets/framework.dart:5529:7)
#1016   StatelessElement.update (package:flutter/src/widgets/framework.dart:5895:5)
#1017   Element.updateChild (package:flutter/src/widgets/framework.dart:4037:15)
#1018   ComponentElement.performRebuild (package:flutter/src/widgets/framework.dart:5841:16)
#1019   StatefulElement.performRebuild (package:flutter/src/widgets/framework.dart:5982:11)
#1020   Element.rebuild (package:flutter/src/widgets/framework.dart:5529:7)
#1021   StatefulElement.update (package:flutter/src/widgets/framework.dart:6007:5)
#1022   Element.updateChild (package:flutter/src/widgets/framework.dart:4037:15)
#1023   RootElement._rebuild (package:flutter/src/widgets/binding.dart:1822:16)
#1024   RootElement.update (package:flutter/src/widgets/binding.dart:1800:5)
#1025   RootElement.performRebuild (package:flutter/src/widgets/binding.dart:1814:7)
#1026   Element.rebuild (package:flutter/src/widgets/framework.dart:5529:7)
#1027   BuildScope._tryRebuild (package:flutter/src/widgets/framework.dart:2750:15)
#1028   BuildScope._flushDirtyElements (package:flutter/src/widgets/framework.dart:2807:11)
#1029   BuildOwner.buildScope (package:flutter/src/widgets/framework.dart:3111:18)
#1030   AutomatedTestWidgetsFlutterBinding.drawFrame (package:flutter_test/src/binding.dart:2131:19)
#1031   RendererBinding._handlePersistentFrameCallback (package:flutter/src/rendering/binding.dart:495:5)
#1032   SchedulerBinding._invokeFrameCallback (package:flutter/src/scheduler/binding.dart:1430:15)
#1033   SchedulerBinding.handleDrawFrame (package:flutter/src/scheduler/binding.dart:1345:9)
#1034   AutomatedTestWidgetsFlutterBinding.pump.<anonymous closure> (package:flutter_test/src/binding.dart:1960:9)
#1037   TestAsyncUtils.guard (package:flutter_test/src/test_async_utils.dart:74:41)
#1038   AutomatedTestWidgetsFlutterBinding.pump (package:flutter_test/src/binding.dart:1949:27)
#1039   WidgetTester.pumpWidget.<anonymous closure> (package:flutter_test/src/widget_tester.dart:598:22)
#1042   TestAsyncUtils.guard (package:flutter_test/src/test_async_utils.dart:74:41)
#1043   WidgetTester.pumpWidget (package:flutter_test/src/widget_tester.dart:595:27)
#1044   main.<anonymous closure>.<anonymous closure>.<anonymous closure> (file:///D:/Projects/SportsApp/test/widgets/league_group_test.dart:45:22)
#1049   HttpOverrides.runZoned (dart:_http/overrides.dart:59:23)
#1050   mockNetworkImagesFor (package:network_image_mock/src/network_image_mock.dart:9:24)
#1051   main.<anonymous closure>.<anonymous closure> (file:///D:/Projects/SportsApp/test/widgets/league_group_test.dart:40:13)
#1052   testWidgets.<anonymous closure>.<anonymous closure> (package:flutter_test/src/widget_tester.dart:192:29)
<asynchronous suspension>
#1053   TestWidgetsFlutterBinding._runTestBody (package:flutter_test/src/binding.dart:1682:5)
<asynchronous suspension>
<asynchronous suspension>
(elided 9 frames from dart:async and package:stack_trace)

ΓòÉΓòÉΓòÉΓòÉΓòÉΓòÉΓòÉΓòÉΓòÉΓòÉΓòÉΓòÉΓòÉΓòÉΓòÉΓòÉΓòÉΓòÉΓòÉΓòÉΓòÉΓòÉΓòÉΓòÉΓòÉΓòÉΓòÉΓòÉΓòÉΓòÉΓòÉΓòÉΓòÉΓòÉΓòÉΓòÉΓòÉΓòÉΓòÉΓòÉΓòÉΓòÉΓòÉΓòÉΓòÉΓòÉΓòÉΓòÉΓòÉΓòÉΓòÉΓòÉΓòÉΓòÉΓòÉΓòÉΓòÉΓòÉΓòÉΓòÉΓòÉΓòÉΓòÉΓòÉΓòÉΓòÉΓòÉΓòÉΓòÉΓòÉΓòÉΓòÉΓòÉΓòÉΓòÉΓòÉΓòÉΓòÉΓòÉΓòÉΓòÉΓòÉΓòÉΓòÉΓòÉΓòÉΓòÉΓòÉΓòÉΓòÉΓòÉΓòÉΓòÉΓòÉΓòÉΓòÉΓòÉΓòÉΓòÉΓòÉ
ΓòÉΓòÉΓòí EXCEPTION CAUGHT BY WIDGETS LIBRARY Γò₧ΓòÉΓòÉΓòÉΓòÉΓòÉΓòÉΓòÉΓòÉΓòÉΓòÉΓòÉΓòÉΓòÉΓòÉΓòÉΓòÉΓòÉΓòÉΓòÉΓòÉΓòÉΓòÉΓòÉΓòÉΓòÉΓòÉΓòÉΓòÉΓòÉΓòÉΓòÉΓòÉΓòÉΓòÉΓòÉΓòÉΓòÉΓòÉΓòÉΓòÉΓòÉΓòÉΓòÉΓòÉΓòÉΓòÉΓòÉΓòÉΓòÉΓòÉΓòÉΓòÉΓòÉΓòÉΓòÉΓòÉΓòÉΓòÉΓòÉ
The following assertion was thrown building
RawGestureDetector-[LabeledGlobalKey<RawGestureDetectorState>#05c48](state:
RawGestureDetectorState#88f42(gestures: <none>, behavior: opaque)):
A RenderViewport expected a child of type RenderSliver but received a child of type RenderErrorBox.
RenderObjects expect specific types of children because they coordinate with their children during
layout and paint. For example, a RenderSliver cannot be the child of a RenderBox because a
RenderSliver does not understand the RenderBox layout protocol.

The RenderViewport that expected a RenderSliver child was created by:
  Viewport

The RenderErrorBox that did not match the expected child type was created by:
  ErrorWidget-[#df698]

The relevant error-causing widget was:
  CustomScrollView
  CustomScrollView:file:///D:/Projects/SportsApp/test/widgets/league_group_test.dart:11:15

When the exception was thrown, this was the stack:
#0      ContainerRenderObjectMixin.debugValidateChild.<anonymous closure> (package:flutter/src/rendering/object.dart:4274:9)
#1      ContainerRenderObjectMixin.debugValidateChild (package:flutter/src/rendering/object.dart:4301:6)
#2      MultiChildRenderObjectElement.insertRenderObjectChild (package:flutter/src/widgets/framework.dart:7192:25)
#3      _ViewportElement.insertRenderObjectChild (package:flutter/src/widgets/viewport.dart:295:11)
#4      RenderObjectElement.attachRenderObject (package:flutter/src/widgets/framework.dart:6941:35)
#5      RenderObjectElement.mount (package:flutter/src/widgets/framework.dart:6801:5)
...     Normal element mounting (7 frames)
#12     Element.inflateWidget (package:flutter/src/widgets/framework.dart:4587:20)
#13     MultiChildRenderObjectElement.inflateWidget (package:flutter/src/widgets/framework.dart:7264:36)
#14     MultiChildRenderObjectElement.mount (package:flutter/src/widgets/framework.dart:7279:32)
#15     _ViewportElement.mount (package:flutter/src/widgets/viewport.dart:254:11)
...     Normal element mounting (117 frames)
#132    Element.inflateWidget (package:flutter/src/widgets/framework.dart:4587:20)
#133    MultiChildRenderObjectElement.inflateWidget (package:flutter/src/widgets/framework.dart:7264:36)
#134    MultiChildRenderObjectElement.mount (package:flutter/src/widgets/framework.dart:7279:32)
...     Normal element mounting (364 frames)
#498    Element.inflateWidget (package:flutter/src/widgets/framework.dart:4587:20)
#499    MultiChildRenderObjectElement.inflateWidget (package:flutter/src/widgets/framework.dart:7264:36)
#500    MultiChildRenderObjectElement.mount (package:flutter/src/widgets/framework.dart:7279:32)
...     Normal element mounting (467 frames)
#967    Element.inflateWidget (package:flutter/src/widgets/framework.dart:4587:20)
#968    Element.updateChild (package:flutter/src/widgets/framework.dart:4053:20)
#969    ComponentElement.performRebuild (package:flutter/src/widgets/framework.dart:5841:16)
#970    Element.rebuild (package:flutter/src/widgets/framework.dart:5529:7)
#971    ProxyElement.update (package:flutter/src/widgets/framework.dart:6149:5)
#972    _InheritedNotifierElement.update (package:flutter/src/widgets/inherited_notifier.dart:108:11)
#973    Element.updateChild (package:flutter/src/widgets/framework.dart:4037:15)
#974    ComponentElement.performRebuild (package:flutter/src/widgets/framework.dart:5841:16)
#975    StatefulElement.performRebuild (package:flutter/src/widgets/framework.dart:5982:11)
#976    Element.rebuild (package:flutter/src/widgets/framework.dart:5529:7)
#977    StatefulElement.update (package:flutter/src/widgets/framework.dart:6007:5)
#978    Element.updateChild (package:flutter/src/widgets/framework.dart:4037:15)
#979    ComponentElement.performRebuild (package:flutter/src/widgets/framework.dart:5841:16)
#980    Element.rebuild (package:flutter/src/widgets/framework.dart:5529:7)
#981    ProxyElement.update (package:flutter/src/widgets/framework.dart:6149:5)
#982    _InheritedNotifierElement.update (package:flutter/src/widgets/inherited_notifier.dart:108:11)
#983    Element.updateChild (package:flutter/src/widgets/framework.dart:4037:15)
#984    ComponentElement.performRebuild (package:flutter/src/widgets/framework.dart:5841:16)
#985    StatefulElement.performRebuild (package:flutter/src/widgets/framework.dart:5982:11)
#986    Element.rebuild (package:flutter/src/widgets/framework.dart:5529:7)
#987    StatefulElement.update (package:flutter/src/widgets/framework.dart:6007:5)
#988    Element.updateChild (package:flutter/src/widgets/framework.dart:4037:15)
#989    ComponentElement.performRebuild (package:flutter/src/widgets/framework.dart:5841:16)
#990    StatefulElement.performRebuild (package:flutter/src/widgets/framework.dart:5982:11)
#991    Element.rebuild (package:flutter/src/widgets/framework.dart:5529:7)
#992    StatefulElement.update (package:flutter/src/widgets/framework.dart:6007:5)
#993    Element.updateChild (package:flutter/src/widgets/framework.dart:4037:15)
#994    ComponentElement.performRebuild (package:flutter/src/widgets/framework.dart:5841:16)
#995    Element.rebuild (package:flutter/src/widgets/framework.dart:5529:7)
#996    ProxyElement.update (package:flutter/src/widgets/framework.dart:6149:5)
#997    Element.updateChild (package:flutter/src/widgets/framework.dart:4037:15)
#998    ComponentElement.performRebuild (package:flutter/src/widgets/framework.dart:5841:16)
#999    StatefulElement.performRebuild (package:flutter/src/widgets/framework.dart:5982:11)
#1000   Element.rebuild (package:flutter/src/widgets/framework.dart:5529:7)
#1001   StatefulElement.update (package:flutter/src/widgets/framework.dart:6007:5)
#1002   Element.updateChild (package:flutter/src/widgets/framework.dart:4037:15)
#1003   ComponentElement.performRebuild (package:flutter/src/widgets/framework.dart:5841:16)
#1004   Element.rebuild (package:flutter/src/widgets/framework.dart:5529:7)
#1005   ProxyElement.update (package:flutter/src/widgets/framework.dart:6149:5)
#1006   Element.updateChild (package:flutter/src/widgets/framework.dart:4037:15)
#1007   ComponentElement.performRebuild (package:flutter/src/widgets/framework.dart:5841:16)
#1008   Element.rebuild (package:flutter/src/widgets/framework.dart:5529:7)
#1009   ProxyElement.update (package:flutter/src/widgets/framework.dart:6149:5)
#1010   Element.updateChild (package:flutter/src/widgets/framework.dart:4037:15)
#1011   _RawViewElement._updateChild (package:flutter/src/widgets/view.dart:481:16)
#1012   _RawViewElement.update (package:flutter/src/widgets/view.dart:568:5)
#1013   Element.updateChild (package:flutter/src/widgets/framework.dart:4037:15)
#1014   ComponentElement.performRebuild (package:flutter/src/widgets/framework.dart:5841:16)
#1015   Element.rebuild (package:flutter/src/widgets/framework.dart:5529:7)
#1016   StatelessElement.update (package:flutter/src/widgets/framework.dart:5895:5)
#1017   Element.updateChild (package:flutter/src/widgets/framework.dart:4037:15)
#1018   ComponentElement.performRebuild (package:flutter/src/widgets/framework.dart:5841:16)
#1019   StatefulElement.performRebuild (package:flutter/src/widgets/framework.dart:5982:11)
#1020   Element.rebuild (package:flutter/src/widgets/framework.dart:5529:7)
#1021   StatefulElement.update (package:flutter/src/widgets/framework.dart:6007:5)
#1022   Element.updateChild (package:flutter/src/widgets/framework.dart:4037:15)
#1023   RootElement._rebuild (package:flutter/src/widgets/binding.dart:1822:16)
#1024   RootElement.update (package:flutter/src/widgets/binding.dart:1800:5)
#1025   RootElement.performRebuild (package:flutter/src/widgets/binding.dart:1814:7)
#1026   Element.rebuild (package:flutter/src/widgets/framework.dart:5529:7)
#1027   BuildScope._tryRebuild (package:flutter/src/widgets/framework.dart:2750:15)
#1028   BuildScope._flushDirtyElements (package:flutter/src/widgets/framework.dart:2807:11)
#1029   BuildOwner.buildScope (package:flutter/src/widgets/framework.dart:3111:18)
#1030   AutomatedTestWidgetsFlutterBinding.drawFrame (package:flutter_test/src/binding.dart:2131:19)
#1031   RendererBinding._handlePersistentFrameCallback (package:flutter/src/rendering/binding.dart:495:5)
#1032   SchedulerBinding._invokeFrameCallback (package:flutter/src/scheduler/binding.dart:1430:15)
#1033   SchedulerBinding.handleDrawFrame (package:flutter/src/scheduler/binding.dart:1345:9)
#1034   AutomatedTestWidgetsFlutterBinding.pump.<anonymous closure> (package:flutter_test/src/binding.dart:1960:9)
#1037   TestAsyncUtils.guard (package:flutter_test/src/test_async_utils.dart:74:41)
#1038   AutomatedTestWidgetsFlutterBinding.pump (package:flutter_test/src/binding.dart:1949:27)
#1039   WidgetTester.pumpWidget.<anonymous closure> (package:flutter_test/src/widget_tester.dart:598:22)
#1042   TestAsyncUtils.guard (package:flutter_test/src/test_async_utils.dart:74:41)
#1043   WidgetTester.pumpWidget (package:flutter_test/src/widget_tester.dart:595:27)
#1044   main.<anonymous closure>.<anonymous closure>.<anonymous closure> (file:///D:/Projects/SportsApp/test/widgets/league_group_test.dart:45:22)
#1049   HttpOverrides.runZoned (dart:_http/overrides.dart:59:23)
#1050   mockNetworkImagesFor (package:network_image_mock/src/network_image_mock.dart:9:24)
#1051   main.<anonymous closure>.<anonymous closure> (file:///D:/Projects/SportsApp/test/widgets/league_group_test.dart:40:13)
#1052   testWidgets.<anonymous closure>.<anonymous closure> (package:flutter_test/src/widget_tester.dart:192:29)
<asynchronous suspension>
#1053   TestWidgetsFlutterBinding._runTestBody (package:flutter_test/src/binding.dart:1682:5)
<asynchronous suspension>
<asynchronous suspension>
(elided 9 frames from dart:async and package:stack_trace)

ΓòÉΓòÉΓòÉΓòÉΓòÉΓòÉΓòÉΓòÉΓòÉΓòÉΓòÉΓòÉΓòÉΓòÉΓòÉΓòÉΓòÉΓòÉΓòÉΓòÉΓòÉΓòÉΓòÉΓòÉΓòÉΓòÉΓòÉΓòÉΓòÉΓòÉΓòÉΓòÉΓòÉΓòÉΓòÉΓòÉΓòÉΓòÉΓòÉΓòÉΓòÉΓòÉΓòÉΓòÉΓòÉΓòÉΓòÉΓòÉΓòÉΓòÉΓòÉΓòÉΓòÉΓòÉΓòÉΓòÉΓòÉΓòÉΓòÉΓòÉΓòÉΓòÉΓòÉΓòÉΓòÉΓòÉΓòÉΓòÉΓòÉΓòÉΓòÉΓòÉΓòÉΓòÉΓòÉΓòÉΓòÉΓòÉΓòÉΓòÉΓòÉΓòÉΓòÉΓòÉΓòÉΓòÉΓòÉΓòÉΓòÉΓòÉΓòÉΓòÉΓòÉΓòÉΓòÉΓòÉΓòÉΓòÉΓòÉΓòÉ
ΓòÉΓòÉΓòí EXCEPTION CAUGHT BY FLUTTER TEST FRAMEWORK Γò₧ΓòÉΓòÉΓòÉΓòÉΓòÉΓòÉΓòÉΓòÉΓòÉΓòÉΓòÉΓòÉΓòÉΓòÉΓòÉΓòÉΓòÉΓòÉΓòÉΓòÉΓòÉΓòÉΓòÉΓòÉΓòÉΓòÉΓòÉΓòÉΓòÉΓòÉΓòÉΓòÉΓòÉΓòÉΓòÉΓòÉΓòÉΓòÉΓòÉΓòÉΓòÉΓòÉΓòÉΓòÉΓòÉΓòÉΓòÉΓòÉΓòÉΓòÉΓòÉΓòÉ
The following assertion was thrown running a test:
The finder "Found 0 widgets with text "1 Matches": []" (used in a call to "tap()") could not find
any matching widgets.

When the exception was thrown, this was the stack:
#0      WidgetController._getElementPoint (package:flutter_test/src/controller.dart:2090:7)
#1      WidgetController.getCenter (package:flutter_test/src/controller.dart:1942:12)
#2      WidgetController.tap (package:flutter_test/src/controller.dart:1075:7)
#3      main.<anonymous closure>.<anonymous closure>.<anonymous closure> (file:///D:/Projects/SportsApp/test/widgets/league_group_test.dart:56:22)
<asynchronous suspension>
#4      main.<anonymous closure>.<anonymous closure> (file:///D:/Projects/SportsApp/test/widgets/league_group_test.dart:40:7)
<asynchronous suspension>
#5      testWidgets.<anonymous closure>.<anonymous closure> (package:flutter_test/src/widget_tester.dart:192:15)
<asynchronous suspension>
#6      TestWidgetsFlutterBinding._runTestBody (package:flutter_test/src/binding.dart:1682:5)
<asynchronous suspension>
<asynchronous suspension>
(elided one frame from package:stack_trace)

The test description was:
  calls onToggle when header is tapped
ΓòÉΓòÉΓòÉΓòÉΓòÉΓòÉΓòÉΓòÉΓòÉΓòÉΓòÉΓòÉΓòÉΓòÉΓòÉΓòÉΓòÉΓòÉΓòÉΓòÉΓòÉΓòÉΓòÉΓòÉΓòÉΓòÉΓòÉΓòÉΓòÉΓòÉΓòÉΓòÉΓòÉΓòÉΓòÉΓòÉΓòÉΓòÉΓòÉΓòÉΓòÉΓòÉΓòÉΓòÉΓòÉΓòÉΓòÉΓòÉΓòÉΓòÉΓòÉΓòÉΓòÉΓòÉΓòÉΓòÉΓòÉΓòÉΓòÉΓòÉΓòÉΓòÉΓòÉΓòÉΓòÉΓòÉΓòÉΓòÉΓòÉΓòÉΓòÉΓòÉΓòÉΓòÉΓòÉΓòÉΓòÉΓòÉΓòÉΓòÉΓòÉΓòÉΓòÉΓòÉΓòÉΓòÉΓòÉΓòÉΓòÉΓòÉΓòÉΓòÉΓòÉΓòÉΓòÉΓòÉΓòÉΓòÉΓòÉΓòÉ
ΓòÉΓòÉΓòí EXCEPTION CAUGHT BY FLUTTER TEST FRAMEWORK Γò₧ΓòÉΓòÉΓòÉΓòÉΓòÉΓòÉΓòÉΓòÉΓòÉΓòÉΓòÉΓòÉΓòÉΓòÉΓòÉΓòÉΓòÉΓòÉΓòÉΓòÉΓòÉΓòÉΓòÉΓòÉΓòÉΓòÉΓòÉΓòÉΓòÉΓòÉΓòÉΓòÉΓòÉΓòÉΓòÉΓòÉΓòÉΓòÉΓòÉΓòÉΓòÉΓòÉΓòÉΓòÉΓòÉΓòÉΓòÉΓòÉΓòÉΓòÉΓòÉΓòÉ
The following message was thrown:
Multiple exceptions (4) were detected during the running of the current test, and at least one was
unexpected.
ΓòÉΓòÉΓòÉΓòÉΓòÉΓòÉΓòÉΓòÉΓòÉΓòÉΓòÉΓòÉΓòÉΓòÉΓòÉΓòÉΓòÉΓòÉΓòÉΓòÉΓòÉΓòÉΓòÉΓòÉΓòÉΓòÉΓòÉΓòÉΓòÉΓòÉΓòÉΓòÉΓòÉΓòÉΓòÉΓòÉΓòÉΓòÉΓòÉΓòÉΓòÉΓòÉΓòÉΓòÉΓòÉΓòÉΓòÉΓòÉΓòÉΓòÉΓòÉΓòÉΓòÉΓòÉΓòÉΓòÉΓòÉΓòÉΓòÉΓòÉΓòÉΓòÉΓòÉΓòÉΓòÉΓòÉΓòÉΓòÉΓòÉΓòÉΓòÉΓòÉΓòÉΓòÉΓòÉΓòÉΓòÉΓòÉΓòÉΓòÉΓòÉΓòÉΓòÉΓòÉΓòÉΓòÉΓòÉΓòÉΓòÉΓòÉΓòÉΓòÉΓòÉΓòÉΓòÉΓòÉΓòÉΓòÉΓòÉΓòÉ
00:02 +29 -7: D:/Projects/SportsApp/test/widgets/match_card_test.dart: MatchCard Widget renders live match correctly
00:02 +29 -7: D:/Projects/SportsApp/test/widgets/league_group_test.dart: LeagueGroup Widget calls onToggle when header is tapped [E]
  Test failed. See exception logs above.
  The test description was: calls onToggle when header is tapped
  
00:02 +29 -7: D:/Projects/SportsApp/test/widgets/league_group_test.dart: LeagueGroup Widget renders MatchCards when expanded
ΓòÉΓòÉΓòí EXCEPTION CAUGHT BY WIDGETS LIBRARY Γò₧ΓòÉΓòÉΓòÉΓòÉΓòÉΓòÉΓòÉΓòÉΓòÉΓòÉΓòÉΓòÉΓòÉΓòÉΓòÉΓòÉΓòÉΓòÉΓòÉΓòÉΓòÉΓòÉΓòÉΓòÉΓòÉΓòÉΓòÉΓòÉΓòÉΓòÉΓòÉΓòÉΓòÉΓòÉΓòÉΓòÉΓòÉΓòÉΓòÉΓòÉΓòÉΓòÉΓòÉΓòÉΓòÉΓòÉΓòÉΓòÉΓòÉΓòÉΓòÉΓòÉΓòÉΓòÉΓòÉΓòÉΓòÉΓòÉΓòÉ
The following _TypeError was thrown building LeagueGroup(dirty, dependencies:
[InheritedCupertinoTheme, _InheritedTheme, _LocalizationsScope-[GlobalKey#554bd]]):
Null check operator used on a null value

The relevant error-causing widget was:
  LeagueGroup LeagueGroup:file:///D:/Projects/SportsApp/test/widgets/league_group_test.dart:69:11

When the exception was thrown, this was the stack:
#0      ThemeContext.colors (package:sports_app/theme/app_theme.dart:4:64)
#1      LeagueGroup.build (package:sports_app/widgets/league_group.dart:36:32)
#2      StatelessElement.build (package:flutter/src/widgets/framework.dart:5889:49)
#3      ComponentElement.performRebuild (package:flutter/src/widgets/framework.dart:5817:15)
#4      Element.rebuild (package:flutter/src/widgets/framework.dart:5529:7)
#5      ComponentElement._firstBuild (package:flutter/src/widgets/framework.dart:5799:5)
#6      ComponentElement.mount (package:flutter/src/widgets/framework.dart:5793:5)
#7      Element.inflateWidget (package:flutter/src/widgets/framework.dart:4587:20)
#8      MultiChildRenderObjectElement.inflateWidget (package:flutter/src/widgets/framework.dart:7264:36)
#9      MultiChildRenderObjectElement.mount (package:flutter/src/widgets/framework.dart:7279:32)
#10     _ViewportElement.mount (package:flutter/src/widgets/viewport.dart:254:11)
...     Normal element mounting (117 frames)
#127    Element.inflateWidget (package:flutter/src/widgets/framework.dart:4587:20)
#128    MultiChildRenderObjectElement.inflateWidget (package:flutter/src/widgets/framework.dart:7264:36)
#129    MultiChildRenderObjectElement.mount (package:flutter/src/widgets/framework.dart:7279:32)
...     Normal element mounting (364 frames)
#493    Element.inflateWidget (package:flutter/src/widgets/framework.dart:4587:20)
#494    MultiChildRenderObjectElement.inflateWidget (package:flutter/src/widgets/framework.dart:7264:36)
#495    MultiChildRenderObjectElement.mount (package:flutter/src/widgets/framework.dart:7279:32)
...     Normal element mounting (467 frames)
#962    Element.inflateWidget (package:flutter/src/widgets/framework.dart:4587:20)
#963    Element.updateChild (package:flutter/src/widgets/framework.dart:4053:20)
#964    ComponentElement.performRebuild (package:flutter/src/widgets/framework.dart:5841:16)
#965    Element.rebuild (package:flutter/src/widgets/framework.dart:5529:7)
#966    ProxyElement.update (package:flutter/src/widgets/framework.dart:6149:5)
#967    _InheritedNotifierElement.update (package:flutter/src/widgets/inherited_notifier.dart:108:11)
#968    Element.updateChild (package:flutter/src/widgets/framework.dart:4037:15)
#969    ComponentElement.performRebuild (package:flutter/src/widgets/framework.dart:5841:16)
#970    StatefulElement.performRebuild (package:flutter/src/widgets/framework.dart:5982:11)
#971    Element.rebuild (package:flutter/src/widgets/framework.dart:5529:7)
#972    StatefulElement.update (package:flutter/src/widgets/framework.dart:6007:5)
#973    Element.updateChild (package:flutter/src/widgets/framework.dart:4037:15)
#974    ComponentElement.performRebuild (package:flutter/src/widgets/framework.dart:5841:16)
#975    Element.rebuild (package:flutter/src/widgets/framework.dart:5529:7)
#976    ProxyElement.update (package:flutter/src/widgets/framework.dart:6149:5)
#977    _InheritedNotifierElement.update (package:flutter/src/widgets/inherited_notifier.dart:108:11)
#978    Element.updateChild (package:flutter/src/widgets/framework.dart:4037:15)
#979    ComponentElement.performRebuild (package:flutter/src/widgets/framework.dart:5841:16)
#980    StatefulElement.performRebuild (package:flutter/src/widgets/framework.dart:5982:11)
#981    Element.rebuild (package:flutter/src/widgets/framework.dart:5529:7)
#982    StatefulElement.update (package:flutter/src/widgets/framework.dart:6007:5)
#983    Element.updateChild (package:flutter/src/widgets/framework.dart:4037:15)
#984    ComponentElement.performRebuild (package:flutter/src/widgets/framework.dart:5841:16)
#985    StatefulElement.performRebuild (package:flutter/src/widgets/framework.dart:5982:11)
#986    Element.rebuild (package:flutter/src/widgets/framework.dart:5529:7)
#987    StatefulElement.update (package:flutter/src/widgets/framework.dart:6007:5)
#988    Element.updateChild (package:flutter/src/widgets/framework.dart:4037:15)
#989    ComponentElement.performRebuild (package:flutter/src/widgets/framework.dart:5841:16)
#990    Element.rebuild (package:flutter/src/widgets/framework.dart:5529:7)
#991    ProxyElement.update (package:flutter/src/widgets/framework.dart:6149:5)
#992    Element.updateChild (package:flutter/src/widgets/framework.dart:4037:15)
#993    ComponentElement.performRebuild (package:flutter/src/widgets/framework.dart:5841:16)
#994    StatefulElement.performRebuild (package:flutter/src/widgets/framework.dart:5982:11)
#995    Element.rebuild (package:flutter/src/widgets/framework.dart:5529:7)
#996    StatefulElement.update (package:flutter/src/widgets/framework.dart:6007:5)
#997    Element.updateChild (package:flutter/src/widgets/framework.dart:4037:15)
#998    ComponentElement.performRebuild (package:flutter/src/widgets/framework.dart:5841:16)
#999    Element.rebuild (package:flutter/src/widgets/framework.dart:5529:7)
#1000   ProxyElement.update (package:flutter/src/widgets/framework.dart:6149:5)
#1001   Element.updateChild (package:flutter/src/widgets/framework.dart:4037:15)
#1002   ComponentElement.performRebuild (package:flutter/src/widgets/framework.dart:5841:16)
#1003   Element.rebuild (package:flutter/src/widgets/framework.dart:5529:7)
#1004   ProxyElement.update (package:flutter/src/widgets/framework.dart:6149:5)
#1005   Element.updateChild (package:flutter/src/widgets/framework.dart:4037:15)
#1006   _RawViewElement._updateChild (package:flutter/src/widgets/view.dart:481:16)
#1007   _RawViewElement.update (package:flutter/src/widgets/view.dart:568:5)
#1008   Element.updateChild (package:flutter/src/widgets/framework.dart:4037:15)
#1009   ComponentElement.performRebuild (package:flutter/src/widgets/framework.dart:5841:16)
#1010   Element.rebuild (package:flutter/src/widgets/framework.dart:5529:7)
#1011   StatelessElement.update (package:flutter/src/widgets/framework.dart:5895:5)
#1012   Element.updateChild (package:flutter/src/widgets/framework.dart:4037:15)
#1013   ComponentElement.performRebuild (package:flutter/src/widgets/framework.dart:5841:16)
#1014   StatefulElement.performRebuild (package:flutter/src/widgets/framework.dart:5982:11)
#1015   Element.rebuild (package:flutter/src/widgets/framework.dart:5529:7)
#1016   StatefulElement.update (package:flutter/src/widgets/framework.dart:6007:5)
#1017   Element.updateChild (package:flutter/src/widgets/framework.dart:4037:15)
#1018   RootElement._rebuild (package:flutter/src/widgets/binding.dart:1822:16)
#1019   RootElement.update (package:flutter/src/widgets/binding.dart:1800:5)
#1020   RootElement.performRebuild (package:flutter/src/widgets/binding.dart:1814:7)
#1021   Element.rebuild (package:flutter/src/widgets/framework.dart:5529:7)
#1022   BuildScope._tryRebuild (package:flutter/src/widgets/framework.dart:2750:15)
#1023   BuildScope._flushDirtyElements (package:flutter/src/widgets/framework.dart:2807:11)
#1024   BuildOwner.buildScope (package:flutter/src/widgets/framework.dart:3111:18)
#1025   AutomatedTestWidgetsFlutterBinding.drawFrame (package:flutter_test/src/binding.dart:2131:19)
#1026   RendererBinding._handlePersistentFrameCallback (package:flutter/src/rendering/binding.dart:495:5)
#1027   SchedulerBinding._invokeFrameCallback (package:flutter/src/scheduler/binding.dart:1430:15)
#1028   SchedulerBinding.handleDrawFrame (package:flutter/src/scheduler/binding.dart:1345:9)
#1029   AutomatedTestWidgetsFlutterBinding.pump.<anonymous closure> (package:flutter_test/src/binding.dart:1960:9)
#1032   TestAsyncUtils.guard (package:flutter_test/src/test_async_utils.dart:74:41)
#1033   AutomatedTestWidgetsFlutterBinding.pump (package:flutter_test/src/binding.dart:1949:27)
#1034   WidgetTester.pumpWidget.<anonymous closure> (package:flutter_test/src/widget_tester.dart:598:22)
#1037   TestAsyncUtils.guard (package:flutter_test/src/test_async_utils.dart:74:41)
#1038   WidgetTester.pumpWidget (package:flutter_test/src/widget_tester.dart:595:27)
#1039   main.<anonymous closure>.<anonymous closure>.<anonymous closure> (file:///D:/Projects/SportsApp/test/widgets/league_group_test.dart:68:22)
#1044   HttpOverrides.runZoned (dart:_http/overrides.dart:59:23)
#1045   mockNetworkImagesFor (package:network_image_mock/src/network_image_mock.dart:9:24)
#1046   main.<anonymous closure>.<anonymous closure> (file:///D:/Projects/SportsApp/test/widgets/league_group_test.dart:64:13)
#1047   testWidgets.<anonymous closure>.<anonymous closure> (package:flutter_test/src/widget_tester.dart:192:29)
<asynchronous suspension>
#1048   TestWidgetsFlutterBinding._runTestBody (package:flutter_test/src/binding.dart:1682:5)
<asynchronous suspension>
<asynchronous suspension>
(elided 9 frames from dart:async and package:stack_trace)

ΓòÉΓòÉΓòÉΓòÉΓòÉΓòÉΓòÉΓòÉΓòÉΓòÉΓòÉΓòÉΓòÉΓòÉΓòÉΓòÉΓòÉΓòÉΓòÉΓòÉΓòÉΓòÉΓòÉΓòÉΓòÉΓòÉΓòÉΓòÉΓòÉΓòÉΓòÉΓòÉΓòÉΓòÉΓòÉΓòÉΓòÉΓòÉΓòÉΓòÉΓòÉΓòÉΓòÉΓòÉΓòÉΓòÉΓòÉΓòÉΓòÉΓòÉΓòÉΓòÉΓòÉΓòÉΓòÉΓòÉΓòÉΓòÉΓòÉΓòÉΓòÉΓòÉΓòÉΓòÉΓòÉΓòÉΓòÉΓòÉΓòÉΓòÉΓòÉΓòÉΓòÉΓòÉΓòÉΓòÉΓòÉΓòÉΓòÉΓòÉΓòÉΓòÉΓòÉΓòÉΓòÉΓòÉΓòÉΓòÉΓòÉΓòÉΓòÉΓòÉΓòÉΓòÉΓòÉΓòÉΓòÉΓòÉΓòÉΓòÉ
ΓòÉΓòÉΓòí EXCEPTION CAUGHT BY WIDGETS LIBRARY Γò₧ΓòÉΓòÉΓòÉΓòÉΓòÉΓòÉΓòÉΓòÉΓòÉΓòÉΓòÉΓòÉΓòÉΓòÉΓòÉΓòÉΓòÉΓòÉΓòÉΓòÉΓòÉΓòÉΓòÉΓòÉΓòÉΓòÉΓòÉΓòÉΓòÉΓòÉΓòÉΓòÉΓòÉΓòÉΓòÉΓòÉΓòÉΓòÉΓòÉΓòÉΓòÉΓòÉΓòÉΓòÉΓòÉΓòÉΓòÉΓòÉΓòÉΓòÉΓòÉΓòÉΓòÉΓòÉΓòÉΓòÉΓòÉΓòÉΓòÉ
The following assertion was thrown building LeagueGroup(dependencies: [InheritedCupertinoTheme,
_InheritedTheme, _LocalizationsScope-[GlobalKey#554bd]]):
A RenderViewport expected a child of type RenderSliver but received a child of type RenderErrorBox.
RenderObjects expect specific types of children because they coordinate with their children during
layout and paint. For example, a RenderSliver cannot be the child of a RenderBox because a
RenderSliver does not understand the RenderBox layout protocol.

The RenderViewport that expected a RenderSliver child was created by:
  Viewport ΓåÉ IgnorePointer-[GlobalKey#d9c90] ΓåÉ Semantics ΓåÉ Listener ΓåÉ _GestureSemantics ΓåÉ
  RawGestureDetector-[LabeledGlobalKey<RawGestureDetectorState>#9af6d] ΓåÉ Listener ΓåÉ _ScrollableScope
  ΓåÉ _ScrollSemantics-[GlobalKey#c6a90] ΓåÉ NotificationListener<ScrollMetricsNotification> ΓåÉ Transform
  ΓåÉ StretchEffect ΓåÉ Γï»

The RenderErrorBox that did not match the expected child type was created by:
  ErrorWidget-[#1f04c]

The relevant error-causing widget was:
  LeagueGroup LeagueGroup:file:///D:/Projects/SportsApp/test/widgets/league_group_test.dart:69:11

When the exception was thrown, this was the stack:
#0      ContainerRenderObjectMixin.debugValidateChild.<anonymous closure> (package:flutter/src/rendering/object.dart:4274:9)
#1      ContainerRenderObjectMixin.debugValidateChild (package:flutter/src/rendering/object.dart:4301:6)
#2      MultiChildRenderObjectElement.insertRenderObjectChild (package:flutter/src/widgets/framework.dart:7192:25)
#3      _ViewportElement.insertRenderObjectChild (package:flutter/src/widgets/viewport.dart:295:11)
#4      RenderObjectElement.attachRenderObject (package:flutter/src/widgets/framework.dart:6941:35)
#5      RenderObjectElement.mount (package:flutter/src/widgets/framework.dart:6801:5)
...     Normal element mounting (7 frames)
#12     Element.inflateWidget (package:flutter/src/widgets/framework.dart:4587:20)
#13     MultiChildRenderObjectElement.inflateWidget (package:flutter/src/widgets/framework.dart:7264:36)
#14     MultiChildRenderObjectElement.mount (package:flutter/src/widgets/framework.dart:7279:32)
#15     _ViewportElement.mount (package:flutter/src/widgets/viewport.dart:254:11)
...     Normal element mounting (117 frames)
#132    Element.inflateWidget (package:flutter/src/widgets/framework.dart:4587:20)
#133    MultiChildRenderObjectElement.inflateWidget (package:flutter/src/widgets/framework.dart:7264:36)
#134    MultiChildRenderObjectElement.mount (package:flutter/src/widgets/framework.dart:7279:32)
...     Normal element mounting (364 frames)
#498    Element.inflateWidget (package:flutter/src/widgets/framework.dart:4587:20)
#499    MultiChildRenderObjectElement.inflateWidget (package:flutter/src/widgets/framework.dart:7264:36)
#500    MultiChildRenderObjectElement.mount (package:flutter/src/widgets/framework.dart:7279:32)
...     Normal element mounting (467 frames)
#967    Element.inflateWidget (package:flutter/src/widgets/framework.dart:4587:20)
#968    Element.updateChild (package:flutter/src/widgets/framework.dart:4053:20)
#969    ComponentElement.performRebuild (package:flutter/src/widgets/framework.dart:5841:16)
#970    Element.rebuild (package:flutter/src/widgets/framework.dart:5529:7)
#971    ProxyElement.update (package:flutter/src/widgets/framework.dart:6149:5)
#972    _InheritedNotifierElement.update (package:flutter/src/widgets/inherited_notifier.dart:108:11)
#973    Element.updateChild (package:flutter/src/widgets/framework.dart:4037:15)
#974    ComponentElement.performRebuild (package:flutter/src/widgets/framework.dart:5841:16)
#975    StatefulElement.performRebuild (package:flutter/src/widgets/framework.dart:5982:11)
#976    Element.rebuild (package:flutter/src/widgets/framework.dart:5529:7)
#977    StatefulElement.update (package:flutter/src/widgets/framework.dart:6007:5)
#978    Element.updateChild (package:flutter/src/widgets/framework.dart:4037:15)
#979    ComponentElement.performRebuild (package:flutter/src/widgets/framework.dart:5841:16)
#980    Element.rebuild (package:flutter/src/widgets/framework.dart:5529:7)
#981    ProxyElement.update (package:flutter/src/widgets/framework.dart:6149:5)
#982    _InheritedNotifierElement.update (package:flutter/src/widgets/inherited_notifier.dart:108:11)
#983    Element.updateChild (package:flutter/src/widgets/framework.dart:4037:15)
#984    ComponentElement.performRebuild (package:flutter/src/widgets/framework.dart:5841:16)
#985    StatefulElement.performRebuild (package:flutter/src/widgets/framework.dart:5982:11)
#986    Element.rebuild (package:flutter/src/widgets/framework.dart:5529:7)
#987    StatefulElement.update (package:flutter/src/widgets/framework.dart:6007:5)
#988    Element.updateChild (package:flutter/src/widgets/framework.dart:4037:15)
#989    ComponentElement.performRebuild (package:flutter/src/widgets/framework.dart:5841:16)
#990    StatefulElement.performRebuild (package:flutter/src/widgets/framework.dart:5982:11)
#991    Element.rebuild (package:flutter/src/widgets/framework.dart:5529:7)
#992    StatefulElement.update (package:flutter/src/widgets/framework.dart:6007:5)
#993    Element.updateChild (package:flutter/src/widgets/framework.dart:4037:15)
#994    ComponentElement.performRebuild (package:flutter/src/widgets/framework.dart:5841:16)
#995    Element.rebuild (package:flutter/src/widgets/framework.dart:5529:7)
#996    ProxyElement.update (package:flutter/src/widgets/framework.dart:6149:5)
#997    Element.updateChild (package:flutter/src/widgets/framework.dart:4037:15)
#998    ComponentElement.performRebuild (package:flutter/src/widgets/framework.dart:5841:16)
#999    StatefulElement.performRebuild (package:flutter/src/widgets/framework.dart:5982:11)
#1000   Element.rebuild (package:flutter/src/widgets/framework.dart:5529:7)
#1001   StatefulElement.update (package:flutter/src/widgets/framework.dart:6007:5)
#1002   Element.updateChild (package:flutter/src/widgets/framework.dart:4037:15)
#1003   ComponentElement.performRebuild (package:flutter/src/widgets/framework.dart:5841:16)
#1004   Element.rebuild (package:flutter/src/widgets/framework.dart:5529:7)
#1005   ProxyElement.update (package:flutter/src/widgets/framework.dart:6149:5)
#1006   Element.updateChild (package:flutter/src/widgets/framework.dart:4037:15)
#1007   ComponentElement.performRebuild (package:flutter/src/widgets/framework.dart:5841:16)
#1008   Element.rebuild (package:flutter/src/widgets/framework.dart:5529:7)
#1009   ProxyElement.update (package:flutter/src/widgets/framework.dart:6149:5)
#1010   Element.updateChild (package:flutter/src/widgets/framework.dart:4037:15)
#1011   _RawViewElement._updateChild (package:flutter/src/widgets/view.dart:481:16)
#1012   _RawViewElement.update (package:flutter/src/widgets/view.dart:568:5)
#1013   Element.updateChild (package:flutter/src/widgets/framework.dart:4037:15)
#1014   ComponentElement.performRebuild (package:flutter/src/widgets/framework.dart:5841:16)
#1015   Element.rebuild (package:flutter/src/widgets/framework.dart:5529:7)
#1016   StatelessElement.update (package:flutter/src/widgets/framework.dart:5895:5)
#1017   Element.updateChild (package:flutter/src/widgets/framework.dart:4037:15)
#1018   ComponentElement.performRebuild (package:flutter/src/widgets/framework.dart:5841:16)
#1019   StatefulElement.performRebuild (package:flutter/src/widgets/framework.dart:5982:11)
#1020   Element.rebuild (package:flutter/src/widgets/framework.dart:5529:7)
#1021   StatefulElement.update (package:flutter/src/widgets/framework.dart:6007:5)
#1022   Element.updateChild (package:flutter/src/widgets/framework.dart:4037:15)
#1023   RootElement._rebuild (package:flutter/src/widgets/binding.dart:1822:16)
#1024   RootElement.update (package:flutter/src/widgets/binding.dart:1800:5)
#1025   RootElement.performRebuild (package:flutter/src/widgets/binding.dart:1814:7)
#1026   Element.rebuild (package:flutter/src/widgets/framework.dart:5529:7)
#1027   BuildScope._tryRebuild (package:flutter/src/widgets/framework.dart:2750:15)
#1028   BuildScope._flushDirtyElements (package:flutter/src/widgets/framework.dart:2807:11)
#1029   BuildOwner.buildScope (package:flutter/src/widgets/framework.dart:3111:18)
#1030   AutomatedTestWidgetsFlutterBinding.drawFrame (package:flutter_test/src/binding.dart:2131:19)
#1031   RendererBinding._handlePersistentFrameCallback (package:flutter/src/rendering/binding.dart:495:5)
#1032   SchedulerBinding._invokeFrameCallback (package:flutter/src/scheduler/binding.dart:1430:15)
#1033   SchedulerBinding.handleDrawFrame (package:flutter/src/scheduler/binding.dart:1345:9)
#1034   AutomatedTestWidgetsFlutterBinding.pump.<anonymous closure> (package:flutter_test/src/binding.dart:1960:9)
#1037   TestAsyncUtils.guard (package:flutter_test/src/test_async_utils.dart:74:41)
#1038   AutomatedTestWidgetsFlutterBinding.pump (package:flutter_test/src/binding.dart:1949:27)
#1039   WidgetTester.pumpWidget.<anonymous closure> (package:flutter_test/src/widget_tester.dart:598:22)
#1042   TestAsyncUtils.guard (package:flutter_test/src/test_async_utils.dart:74:41)
#1043   WidgetTester.pumpWidget (package:flutter_test/src/widget_tester.dart:595:27)
#1044   main.<anonymous closure>.<anonymous closure>.<anonymous closure> (file:///D:/Projects/SportsApp/test/widgets/league_group_test.dart:68:22)
#1049   HttpOverrides.runZoned (dart:_http/overrides.dart:59:23)
#1050   mockNetworkImagesFor (package:network_image_mock/src/network_image_mock.dart:9:24)
#1051   main.<anonymous closure>.<anonymous closure> (file:///D:/Projects/SportsApp/test/widgets/league_group_test.dart:64:13)
#1052   testWidgets.<anonymous closure>.<anonymous closure> (package:flutter_test/src/widget_tester.dart:192:29)
<asynchronous suspension>
#1053   TestWidgetsFlutterBinding._runTestBody (package:flutter_test/src/binding.dart:1682:5)
<asynchronous suspension>
<asynchronous suspension>
(elided 9 frames from dart:async and package:stack_trace)

ΓòÉΓòÉΓòÉΓòÉΓòÉΓòÉΓòÉΓòÉΓòÉΓòÉΓòÉΓòÉΓòÉΓòÉΓòÉΓòÉΓòÉΓòÉΓòÉΓòÉΓòÉΓòÉΓòÉΓòÉΓòÉΓòÉΓòÉΓòÉΓòÉΓòÉΓòÉΓòÉΓòÉΓòÉΓòÉΓòÉΓòÉΓòÉΓòÉΓòÉΓòÉΓòÉΓòÉΓòÉΓòÉΓòÉΓòÉΓòÉΓòÉΓòÉΓòÉΓòÉΓòÉΓòÉΓòÉΓòÉΓòÉΓòÉΓòÉΓòÉΓòÉΓòÉΓòÉΓòÉΓòÉΓòÉΓòÉΓòÉΓòÉΓòÉΓòÉΓòÉΓòÉΓòÉΓòÉΓòÉΓòÉΓòÉΓòÉΓòÉΓòÉΓòÉΓòÉΓòÉΓòÉΓòÉΓòÉΓòÉΓòÉΓòÉΓòÉΓòÉΓòÉΓòÉΓòÉΓòÉΓòÉΓòÉΓòÉΓòÉ
ΓòÉΓòÉΓòí EXCEPTION CAUGHT BY WIDGETS LIBRARY Γò₧ΓòÉΓòÉΓòÉΓòÉΓòÉΓòÉΓòÉΓòÉΓòÉΓòÉΓòÉΓòÉΓòÉΓòÉΓòÉΓòÉΓòÉΓòÉΓòÉΓòÉΓòÉΓòÉΓòÉΓòÉΓòÉΓòÉΓòÉΓòÉΓòÉΓòÉΓòÉΓòÉΓòÉΓòÉΓòÉΓòÉΓòÉΓòÉΓòÉΓòÉΓòÉΓòÉΓòÉΓòÉΓòÉΓòÉΓòÉΓòÉΓòÉΓòÉΓòÉΓòÉΓòÉΓòÉΓòÉΓòÉΓòÉΓòÉΓòÉ
The following assertion was thrown building
RawGestureDetector-[LabeledGlobalKey<RawGestureDetectorState>#9af6d](state:
RawGestureDetectorState#a45ad(gestures: <none>, behavior: opaque)):
A RenderViewport expected a child of type RenderSliver but received a child of type RenderErrorBox.
RenderObjects expect specific types of children because they coordinate with their children during
layout and paint. For example, a RenderSliver cannot be the child of a RenderBox because a
RenderSliver does not understand the RenderBox layout protocol.

The RenderViewport that expected a RenderSliver child was created by:
  Viewport

The RenderErrorBox that did not match the expected child type was created by:
  ErrorWidget-[#1e183]

The relevant error-causing widget was:
  CustomScrollView
  CustomScrollView:file:///D:/Projects/SportsApp/test/widgets/league_group_test.dart:11:15

When the exception was thrown, this was the stack:
#0      ContainerRenderObjectMixin.debugValidateChild.<anonymous closure> (package:flutter/src/rendering/object.dart:4274:9)
#1      ContainerRenderObjectMixin.debugValidateChild (package:flutter/src/rendering/object.dart:4301:6)
#2      MultiChildRenderObjectElement.insertRenderObjectChild (package:flutter/src/widgets/framework.dart:7192:25)
#3      _ViewportElement.insertRenderObjectChild (package:flutter/src/widgets/viewport.dart:295:11)
#4      RenderObjectElement.attachRenderObject (package:flutter/src/widgets/framework.dart:6941:35)
#5      RenderObjectElement.mount (package:flutter/src/widgets/framework.dart:6801:5)
...     Normal element mounting (7 frames)
#12     Element.inflateWidget (package:flutter/src/widgets/framework.dart:4587:20)
#13     MultiChildRenderObjectElement.inflateWidget (package:flutter/src/widgets/framework.dart:7264:36)
#14     MultiChildRenderObjectElement.mount (package:flutter/src/widgets/framework.dart:7279:32)
#15     _ViewportElement.mount (package:flutter/src/widgets/viewport.dart:254:11)
...     Normal element mounting (117 frames)
#132    Element.inflateWidget (package:flutter/src/widgets/framework.dart:4587:20)
#133    MultiChildRenderObjectElement.inflateWidget (package:flutter/src/widgets/framework.dart:7264:36)
#134    MultiChildRenderObjectElement.mount (package:flutter/src/widgets/framework.dart:7279:32)
...     Normal element mounting (364 frames)
#498    Element.inflateWidget (package:flutter/src/widgets/framework.dart:4587:20)
#499    MultiChildRenderObjectElement.inflateWidget (package:flutter/src/widgets/framework.dart:7264:36)
#500    MultiChildRenderObjectElement.mount (package:flutter/src/widgets/framework.dart:7279:32)
...     Normal element mounting (467 frames)
#967    Element.inflateWidget (package:flutter/src/widgets/framework.dart:4587:20)
#968    Element.updateChild (package:flutter/src/widgets/framework.dart:4053:20)
#969    ComponentElement.performRebuild (package:flutter/src/widgets/framework.dart:5841:16)
#970    Element.rebuild (package:flutter/src/widgets/framework.dart:5529:7)
#971    ProxyElement.update (package:flutter/src/widgets/framework.dart:6149:5)
#972    _InheritedNotifierElement.update (package:flutter/src/widgets/inherited_notifier.dart:108:11)
#973    Element.updateChild (package:flutter/src/widgets/framework.dart:4037:15)
#974    ComponentElement.performRebuild (package:flutter/src/widgets/framework.dart:5841:16)
#975    StatefulElement.performRebuild (package:flutter/src/widgets/framework.dart:5982:11)
#976    Element.rebuild (package:flutter/src/widgets/framework.dart:5529:7)
#977    StatefulElement.update (package:flutter/src/widgets/framework.dart:6007:5)
#978    Element.updateChild (package:flutter/src/widgets/framework.dart:4037:15)
#979    ComponentElement.performRebuild (package:flutter/src/widgets/framework.dart:5841:16)
#980    Element.rebuild (package:flutter/src/widgets/framework.dart:5529:7)
#981    ProxyElement.update (package:flutter/src/widgets/framework.dart:6149:5)
#982    _InheritedNotifierElement.update (package:flutter/src/widgets/inherited_notifier.dart:108:11)
#983    Element.updateChild (package:flutter/src/widgets/framework.dart:4037:15)
#984    ComponentElement.performRebuild (package:flutter/src/widgets/framework.dart:5841:16)
#985    StatefulElement.performRebuild (package:flutter/src/widgets/framework.dart:5982:11)
#986    Element.rebuild (package:flutter/src/widgets/framework.dart:5529:7)
#987    StatefulElement.update (package:flutter/src/widgets/framework.dart:6007:5)
#988    Element.updateChild (package:flutter/src/widgets/framework.dart:4037:15)
#989    ComponentElement.performRebuild (package:flutter/src/widgets/framework.dart:5841:16)
#990    StatefulElement.performRebuild (package:flutter/src/widgets/framework.dart:5982:11)
#991    Element.rebuild (package:flutter/src/widgets/framework.dart:5529:7)
#992    StatefulElement.update (package:flutter/src/widgets/framework.dart:6007:5)
#993    Element.updateChild (package:flutter/src/widgets/framework.dart:4037:15)
#994    ComponentElement.performRebuild (package:flutter/src/widgets/framework.dart:5841:16)
#995    Element.rebuild (package:flutter/src/widgets/framework.dart:5529:7)
#996    ProxyElement.update (package:flutter/src/widgets/framework.dart:6149:5)
#997    Element.updateChild (package:flutter/src/widgets/framework.dart:4037:15)
#998    ComponentElement.performRebuild (package:flutter/src/widgets/framework.dart:5841:16)
#999    StatefulElement.performRebuild (package:flutter/src/widgets/framework.dart:5982:11)
#1000   Element.rebuild (package:flutter/src/widgets/framework.dart:5529:7)
#1001   StatefulElement.update (package:flutter/src/widgets/framework.dart:6007:5)
#1002   Element.updateChild (package:flutter/src/widgets/framework.dart:4037:15)
#1003   ComponentElement.performRebuild (package:flutter/src/widgets/framework.dart:5841:16)
#1004   Element.rebuild (package:flutter/src/widgets/framework.dart:5529:7)
#1005   ProxyElement.update (package:flutter/src/widgets/framework.dart:6149:5)
#1006   Element.updateChild (package:flutter/src/widgets/framework.dart:4037:15)
#1007   ComponentElement.performRebuild (package:flutter/src/widgets/framework.dart:5841:16)
#1008   Element.rebuild (package:flutter/src/widgets/framework.dart:5529:7)
#1009   ProxyElement.update (package:flutter/src/widgets/framework.dart:6149:5)
#1010   Element.updateChild (package:flutter/src/widgets/framework.dart:4037:15)
#1011   _RawViewElement._updateChild (package:flutter/src/widgets/view.dart:481:16)
#1012   _RawViewElement.update (package:flutter/src/widgets/view.dart:568:5)
#1013   Element.updateChild (package:flutter/src/widgets/framework.dart:4037:15)
#1014   ComponentElement.performRebuild (package:flutter/src/widgets/framework.dart:5841:16)
#1015   Element.rebuild (package:flutter/src/widgets/framework.dart:5529:7)
#1016   StatelessElement.update (package:flutter/src/widgets/framework.dart:5895:5)
#1017   Element.updateChild (package:flutter/src/widgets/framework.dart:4037:15)
#1018   ComponentElement.performRebuild (package:flutter/src/widgets/framework.dart:5841:16)
#1019   StatefulElement.performRebuild (package:flutter/src/widgets/framework.dart:5982:11)
#1020   Element.rebuild (package:flutter/src/widgets/framework.dart:5529:7)
#1021   StatefulElement.update (package:flutter/src/widgets/framework.dart:6007:5)
#1022   Element.updateChild (package:flutter/src/widgets/framework.dart:4037:15)
#1023   RootElement._rebuild (package:flutter/src/widgets/binding.dart:1822:16)
#1024   RootElement.update (package:flutter/src/widgets/binding.dart:1800:5)
#1025   RootElement.performRebuild (package:flutter/src/widgets/binding.dart:1814:7)
#1026   Element.rebuild (package:flutter/src/widgets/framework.dart:5529:7)
#1027   BuildScope._tryRebuild (package:flutter/src/widgets/framework.dart:2750:15)
#1028   BuildScope._flushDirtyElements (package:flutter/src/widgets/framework.dart:2807:11)
#1029   BuildOwner.buildScope (package:flutter/src/widgets/framework.dart:3111:18)
#1030   AutomatedTestWidgetsFlutterBinding.drawFrame (package:flutter_test/src/binding.dart:2131:19)
#1031   RendererBinding._handlePersistentFrameCallback (package:flutter/src/rendering/binding.dart:495:5)
#1032   SchedulerBinding._invokeFrameCallback (package:flutter/src/scheduler/binding.dart:1430:15)
#1033   SchedulerBinding.handleDrawFrame (package:flutter/src/scheduler/binding.dart:1345:9)
#1034   AutomatedTestWidgetsFlutterBinding.pump.<anonymous closure> (package:flutter_test/src/binding.dart:1960:9)
#1037   TestAsyncUtils.guard (package:flutter_test/src/test_async_utils.dart:74:41)
#1038   AutomatedTestWidgetsFlutterBinding.pump (package:flutter_test/src/binding.dart:1949:27)
#1039   WidgetTester.pumpWidget.<anonymous closure> (package:flutter_test/src/widget_tester.dart:598:22)
#1042   TestAsyncUtils.guard (package:flutter_test/src/test_async_utils.dart:74:41)
#1043   WidgetTester.pumpWidget (package:flutter_test/src/widget_tester.dart:595:27)
#1044   main.<anonymous closure>.<anonymous closure>.<anonymous closure> (file:///D:/Projects/SportsApp/test/widgets/league_group_test.dart:68:22)
#1049   HttpOverrides.runZoned (dart:_http/overrides.dart:59:23)
#1050   mockNetworkImagesFor (package:network_image_mock/src/network_image_mock.dart:9:24)
#1051   main.<anonymous closure>.<anonymous closure> (file:///D:/Projects/SportsApp/test/widgets/league_group_test.dart:64:13)
#1052   testWidgets.<anonymous closure>.<anonymous closure> (package:flutter_test/src/widget_tester.dart:192:29)
<asynchronous suspension>
#1053   TestWidgetsFlutterBinding._runTestBody (package:flutter_test/src/binding.dart:1682:5)
<asynchronous suspension>
<asynchronous suspension>
(elided 9 frames from dart:async and package:stack_trace)

ΓòÉΓòÉΓòÉΓòÉΓòÉΓòÉΓòÉΓòÉΓòÉΓòÉΓòÉΓòÉΓòÉΓòÉΓòÉΓòÉΓòÉΓòÉΓòÉΓòÉΓòÉΓòÉΓòÉΓòÉΓòÉΓòÉΓòÉΓòÉΓòÉΓòÉΓòÉΓòÉΓòÉΓòÉΓòÉΓòÉΓòÉΓòÉΓòÉΓòÉΓòÉΓòÉΓòÉΓòÉΓòÉΓòÉΓòÉΓòÉΓòÉΓòÉΓòÉΓòÉΓòÉΓòÉΓòÉΓòÉΓòÉΓòÉΓòÉΓòÉΓòÉΓòÉΓòÉΓòÉΓòÉΓòÉΓòÉΓòÉΓòÉΓòÉΓòÉΓòÉΓòÉΓòÉΓòÉΓòÉΓòÉΓòÉΓòÉΓòÉΓòÉΓòÉΓòÉΓòÉΓòÉΓòÉΓòÉΓòÉΓòÉΓòÉΓòÉΓòÉΓòÉΓòÉΓòÉΓòÉΓòÉΓòÉΓòÉΓòÉ
ΓòÉΓòÉΓòí EXCEPTION CAUGHT BY FLUTTER TEST FRAMEWORK Γò₧ΓòÉΓòÉΓòÉΓòÉΓòÉΓòÉΓòÉΓòÉΓòÉΓòÉΓòÉΓòÉΓòÉΓòÉΓòÉΓòÉΓòÉΓòÉΓòÉΓòÉΓòÉΓòÉΓòÉΓòÉΓòÉΓòÉΓòÉΓòÉΓòÉΓòÉΓòÉΓòÉΓòÉΓòÉΓòÉΓòÉΓòÉΓòÉΓòÉΓòÉΓòÉΓòÉΓòÉΓòÉΓòÉΓòÉΓòÉΓòÉΓòÉΓòÉΓòÉΓòÉ
The following TestFailure was thrown running a test:
Expected: exactly one matching candidate
  Actual: _TextWidgetFinder:<Found 0 widgets with text "Unique Home Team": []>
   Which: means none were found but one was expected

When the exception was thrown, this was the stack:
#4      main.<anonymous closure>.<anonymous closure>.<anonymous closure> (file:///D:/Projects/SportsApp/test/widgets/league_group_test.dart:77:9)
<asynchronous suspension>
#5      main.<anonymous closure>.<anonymous closure> (file:///D:/Projects/SportsApp/test/widgets/league_group_test.dart:64:7)
<asynchronous suspension>
#6      testWidgets.<anonymous closure>.<anonymous closure> (package:flutter_test/src/widget_tester.dart:192:15)
<asynchronous suspension>
#7      TestWidgetsFlutterBinding._runTestBody (package:flutter_test/src/binding.dart:1682:5)
<asynchronous suspension>
<asynchronous suspension>
(elided one frame from package:stack_trace)

This was caught by the test expectation on the following line:
  file:///D:/Projects/SportsApp/test/widgets/league_group_test.dart line 77
The test description was:
  renders MatchCards when expanded
ΓòÉΓòÉΓòÉΓòÉΓòÉΓòÉΓòÉΓòÉΓòÉΓòÉΓòÉΓòÉΓòÉΓòÉΓòÉΓòÉΓòÉΓòÉΓòÉΓòÉΓòÉΓòÉΓòÉΓòÉΓòÉΓòÉΓòÉΓòÉΓòÉΓòÉΓòÉΓòÉΓòÉΓòÉΓòÉΓòÉΓòÉΓòÉΓòÉΓòÉΓòÉΓòÉΓòÉΓòÉΓòÉΓòÉΓòÉΓòÉΓòÉΓòÉΓòÉΓòÉΓòÉΓòÉΓòÉΓòÉΓòÉΓòÉΓòÉΓòÉΓòÉΓòÉΓòÉΓòÉΓòÉΓòÉΓòÉΓòÉΓòÉΓòÉΓòÉΓòÉΓòÉΓòÉΓòÉΓòÉΓòÉΓòÉΓòÉΓòÉΓòÉΓòÉΓòÉΓòÉΓòÉΓòÉΓòÉΓòÉΓòÉΓòÉΓòÉΓòÉΓòÉΓòÉΓòÉΓòÉΓòÉΓòÉΓòÉΓòÉ
ΓòÉΓòÉΓòí EXCEPTION CAUGHT BY FLUTTER TEST FRAMEWORK Γò₧ΓòÉΓòÉΓòÉΓòÉΓòÉΓòÉΓòÉΓòÉΓòÉΓòÉΓòÉΓòÉΓòÉΓòÉΓòÉΓòÉΓòÉΓòÉΓòÉΓòÉΓòÉΓòÉΓòÉΓòÉΓòÉΓòÉΓòÉΓòÉΓòÉΓòÉΓòÉΓòÉΓòÉΓòÉΓòÉΓòÉΓòÉΓòÉΓòÉΓòÉΓòÉΓòÉΓòÉΓòÉΓòÉΓòÉΓòÉΓòÉΓòÉΓòÉΓòÉΓòÉ
The following message was thrown:
Multiple exceptions (4) were detected during the running of the current test, and at least one was
unexpected.
ΓòÉΓòÉΓòÉΓòÉΓòÉΓòÉΓòÉΓòÉΓòÉΓòÉΓòÉΓòÉΓòÉΓòÉΓòÉΓòÉΓòÉΓòÉΓòÉΓòÉΓòÉΓòÉΓòÉΓòÉΓòÉΓòÉΓòÉΓòÉΓòÉΓòÉΓòÉΓòÉΓòÉΓòÉΓòÉΓòÉΓòÉΓòÉΓòÉΓòÉΓòÉΓòÉΓòÉΓòÉΓòÉΓòÉΓòÉΓòÉΓòÉΓòÉΓòÉΓòÉΓòÉΓòÉΓòÉΓòÉΓòÉΓòÉΓòÉΓòÉΓòÉΓòÉΓòÉΓòÉΓòÉΓòÉΓòÉΓòÉΓòÉΓòÉΓòÉΓòÉΓòÉΓòÉΓòÉΓòÉΓòÉΓòÉΓòÉΓòÉΓòÉΓòÉΓòÉΓòÉΓòÉΓòÉΓòÉΓòÉΓòÉΓòÉΓòÉΓòÉΓòÉΓòÉΓòÉΓòÉΓòÉΓòÉΓòÉΓòÉ
00:02 +29 -8: D:/Projects/SportsApp/test/widgets/match_card_test.dart: MatchCard Widget renders live match correctly
00:02 +29 -8: D:/Projects/SportsApp/test/widgets/league_group_test.dart: LeagueGroup Widget renders MatchCards when expanded [E]
  Test failed. See exception logs above.
  The test description was: renders MatchCards when expanded
  
00:02 +29 -8: D:/Projects/SportsApp/test/widgets/match_card_test.dart: MatchCard Widget renders live match correctly
ΓòÉΓòÉΓòí EXCEPTION CAUGHT BY WIDGETS LIBRARY Γò₧ΓòÉΓòÉΓòÉΓòÉΓòÉΓòÉΓòÉΓòÉΓòÉΓòÉΓòÉΓòÉΓòÉΓòÉΓòÉΓòÉΓòÉΓòÉΓòÉΓòÉΓòÉΓòÉΓòÉΓòÉΓòÉΓòÉΓòÉΓòÉΓòÉΓòÉΓòÉΓòÉΓòÉΓòÉΓòÉΓòÉΓòÉΓòÉΓòÉΓòÉΓòÉΓòÉΓòÉΓòÉΓòÉΓòÉΓòÉΓòÉΓòÉΓòÉΓòÉΓòÉΓòÉΓòÉΓòÉΓòÉΓòÉΓòÉΓòÉ
The following _TypeError was thrown building MatchCard(dirty, dependencies:
[InheritedCupertinoTheme, _InheritedTheme, _LocalizationsScope-[GlobalKey#93509]]):
Null check operator used on a null value

The relevant error-causing widget was:
  MatchCard MatchCard:file:///D:/Projects/SportsApp/test/widgets/match_card_test.dart:30:11

When the exception was thrown, this was the stack:
#0      ThemeContext.colors (package:sports_app/theme/app_theme.dart:4:64)
#1      MatchCard.build (package:sports_app/widgets/match_card.dart:38:116)
#2      StatelessElement.build (package:flutter/src/widgets/framework.dart:5889:49)
#3      ComponentElement.performRebuild (package:flutter/src/widgets/framework.dart:5817:15)
#4      Element.rebuild (package:flutter/src/widgets/framework.dart:5529:7)
#5      ComponentElement._firstBuild (package:flutter/src/widgets/framework.dart:5799:5)
#6      ComponentElement.mount (package:flutter/src/widgets/framework.dart:5793:5)
...     Normal element mounting (25 frames)
#31     Element.inflateWidget (package:flutter/src/widgets/framework.dart:4587:20)
#32     MultiChildRenderObjectElement.inflateWidget (package:flutter/src/widgets/framework.dart:7264:36)
#33     MultiChildRenderObjectElement.mount (package:flutter/src/widgets/framework.dart:7279:32)
...     Normal element mounting (364 frames)
#397    Element.inflateWidget (package:flutter/src/widgets/framework.dart:4587:20)
#398    MultiChildRenderObjectElement.inflateWidget (package:flutter/src/widgets/framework.dart:7264:36)
#399    MultiChildRenderObjectElement.mount (package:flutter/src/widgets/framework.dart:7279:32)
...     Normal element mounting (467 frames)
#866    Element.inflateWidget (package:flutter/src/widgets/framework.dart:4587:20)
#867    Element.updateChild (package:flutter/src/widgets/framework.dart:4053:20)
#868    ComponentElement.performRebuild (package:flutter/src/widgets/framework.dart:5841:16)
#869    Element.rebuild (package:flutter/src/widgets/framework.dart:5529:7)
#870    ProxyElement.update (package:flutter/src/widgets/framework.dart:6149:5)
#871    _InheritedNotifierElement.update (package:flutter/src/widgets/inherited_notifier.dart:108:11)
#872    Element.updateChild (package:flutter/src/widgets/framework.dart:4037:15)
#873    ComponentElement.performRebuild (package:flutter/src/widgets/framework.dart:5841:16)
#874    StatefulElement.performRebuild (package:flutter/src/widgets/framework.dart:5982:11)
#875    Element.rebuild (package:flutter/src/widgets/framework.dart:5529:7)
#876    StatefulElement.update (package:flutter/src/widgets/framework.dart:6007:5)
#877    Element.updateChild (package:flutter/src/widgets/framework.dart:4037:15)
#878    ComponentElement.performRebuild (package:flutter/src/widgets/framework.dart:5841:16)
#879    Element.rebuild (package:flutter/src/widgets/framework.dart:5529:7)
#880    ProxyElement.update (package:flutter/src/widgets/framework.dart:6149:5)
#881    _InheritedNotifierElement.update (package:flutter/src/widgets/inherited_notifier.dart:108:11)
#882    Element.updateChild (package:flutter/src/widgets/framework.dart:4037:15)
#883    ComponentElement.performRebuild (package:flutter/src/widgets/framework.dart:5841:16)
#884    StatefulElement.performRebuild (package:flutter/src/widgets/framework.dart:5982:11)
#885    Element.rebuild (package:flutter/src/widgets/framework.dart:5529:7)
#886    StatefulElement.update (package:flutter/src/widgets/framework.dart:6007:5)
#887    Element.updateChild (package:flutter/src/widgets/framework.dart:4037:15)
#888    ComponentElement.performRebuild (package:flutter/src/widgets/framework.dart:5841:16)
#889    StatefulElement.performRebuild (package:flutter/src/widgets/framework.dart:5982:11)
#890    Element.rebuild (package:flutter/src/widgets/framework.dart:5529:7)
#891    StatefulElement.update (package:flutter/src/widgets/framework.dart:6007:5)
#892    Element.updateChild (package:flutter/src/widgets/framework.dart:4037:15)
#893    ComponentElement.performRebuild (package:flutter/src/widgets/framework.dart:5841:16)
#894    Element.rebuild (package:flutter/src/widgets/framework.dart:5529:7)
#895    ProxyElement.update (package:flutter/src/widgets/framework.dart:6149:5)
#896    Element.updateChild (package:flutter/src/widgets/framework.dart:4037:15)
#897    ComponentElement.performRebuild (package:flutter/src/widgets/framework.dart:5841:16)
#898    StatefulElement.performRebuild (package:flutter/src/widgets/framework.dart:5982:11)
#899    Element.rebuild (package:flutter/src/widgets/framework.dart:5529:7)
#900    StatefulElement.update (package:flutter/src/widgets/framework.dart:6007:5)
#901    Element.updateChild (package:flutter/src/widgets/framework.dart:4037:15)
#902    ComponentElement.performRebuild (package:flutter/src/widgets/framework.dart:5841:16)
#903    Element.rebuild (package:flutter/src/widgets/framework.dart:5529:7)
#904    ProxyElement.update (package:flutter/src/widgets/framework.dart:6149:5)
#905    Element.updateChild (package:flutter/src/widgets/framework.dart:4037:15)
#906    ComponentElement.performRebuild (package:flutter/src/widgets/framework.dart:5841:16)
#907    Element.rebuild (package:flutter/src/widgets/framework.dart:5529:7)
#908    ProxyElement.update (package:flutter/src/widgets/framework.dart:6149:5)
#909    Element.updateChild (package:flutter/src/widgets/framework.dart:4037:15)
#910    _RawViewElement._updateChild (package:flutter/src/widgets/view.dart:481:16)
#911    _RawViewElement.update (package:flutter/src/widgets/view.dart:568:5)
#912    Element.updateChild (package:flutter/src/widgets/framework.dart:4037:15)
#913    ComponentElement.performRebuild (package:flutter/src/widgets/framework.dart:5841:16)
#914    Element.rebuild (package:flutter/src/widgets/framework.dart:5529:7)
#915    StatelessElement.update (package:flutter/src/widgets/framework.dart:5895:5)
#916    Element.updateChild (package:flutter/src/widgets/framework.dart:4037:15)
#917    ComponentElement.performRebuild (package:flutter/src/widgets/framework.dart:5841:16)
#918    StatefulElement.performRebuild (package:flutter/src/widgets/framework.dart:5982:11)
#919    Element.rebuild (package:flutter/src/widgets/framework.dart:5529:7)
#920    StatefulElement.update (package:flutter/src/widgets/framework.dart:6007:5)
#921    Element.updateChild (package:flutter/src/widgets/framework.dart:4037:15)
#922    RootElement._rebuild (package:flutter/src/widgets/binding.dart:1822:16)
#923    RootElement.update (package:flutter/src/widgets/binding.dart:1800:5)
#924    RootElement.performRebuild (package:flutter/src/widgets/binding.dart:1814:7)
#925    Element.rebuild (package:flutter/src/widgets/framework.dart:5529:7)
#926    BuildScope._tryRebuild (package:flutter/src/widgets/framework.dart:2750:15)
#927    BuildScope._flushDirtyElements (package:flutter/src/widgets/framework.dart:2807:11)
#928    BuildOwner.buildScope (package:flutter/src/widgets/framework.dart:3111:18)
#929    AutomatedTestWidgetsFlutterBinding.drawFrame (package:flutter_test/src/binding.dart:2131:19)
#930    RendererBinding._handlePersistentFrameCallback (package:flutter/src/rendering/binding.dart:495:5)
#931    SchedulerBinding._invokeFrameCallback (package:flutter/src/scheduler/binding.dart:1430:15)
#932    SchedulerBinding.handleDrawFrame (package:flutter/src/scheduler/binding.dart:1345:9)
#933    AutomatedTestWidgetsFlutterBinding.pump.<anonymous closure> (package:flutter_test/src/binding.dart:1960:9)
#936    TestAsyncUtils.guard (package:flutter_test/src/test_async_utils.dart:74:41)
#937    AutomatedTestWidgetsFlutterBinding.pump (package:flutter_test/src/binding.dart:1949:27)
#938    WidgetTester.pumpWidget.<anonymous closure> (package:flutter_test/src/widget_tester.dart:598:22)
#941    TestAsyncUtils.guard (package:flutter_test/src/test_async_utils.dart:74:41)
#942    WidgetTester.pumpWidget (package:flutter_test/src/widget_tester.dart:595:27)
#943    main.<anonymous closure>.<anonymous closure>.<anonymous closure> (file:///D:/Projects/SportsApp/test/widgets/match_card_test.dart:29:22)
#948    HttpOverrides.runZoned (dart:_http/overrides.dart:59:23)
#949    mockNetworkImagesFor (package:network_image_mock/src/network_image_mock.dart:9:24)
#950    main.<anonymous closure>.<anonymous closure> (file:///D:/Projects/SportsApp/test/widgets/match_card_test.dart:19:13)
#951    testWidgets.<anonymous closure>.<anonymous closure> (package:flutter_test/src/widget_tester.dart:192:29)
<asynchronous suspension>
#952    TestWidgetsFlutterBinding._runTestBody (package:flutter_test/src/binding.dart:1682:5)
<asynchronous suspension>
<asynchronous suspension>
(elided 9 frames from dart:async and package:stack_trace)

ΓòÉΓòÉΓòÉΓòÉΓòÉΓòÉΓòÉΓòÉΓòÉΓòÉΓòÉΓòÉΓòÉΓòÉΓòÉΓòÉΓòÉΓòÉΓòÉΓòÉΓòÉΓòÉΓòÉΓòÉΓòÉΓòÉΓòÉΓòÉΓòÉΓòÉΓòÉΓòÉΓòÉΓòÉΓòÉΓòÉΓòÉΓòÉΓòÉΓòÉΓòÉΓòÉΓòÉΓòÉΓòÉΓòÉΓòÉΓòÉΓòÉΓòÉΓòÉΓòÉΓòÉΓòÉΓòÉΓòÉΓòÉΓòÉΓòÉΓòÉΓòÉΓòÉΓòÉΓòÉΓòÉΓòÉΓòÉΓòÉΓòÉΓòÉΓòÉΓòÉΓòÉΓòÉΓòÉΓòÉΓòÉΓòÉΓòÉΓòÉΓòÉΓòÉΓòÉΓòÉΓòÉΓòÉΓòÉΓòÉΓòÉΓòÉΓòÉΓòÉΓòÉΓòÉΓòÉΓòÉΓòÉΓòÉΓòÉΓòÉ
ΓòÉΓòÉΓòí EXCEPTION CAUGHT BY FLUTTER TEST FRAMEWORK Γò₧ΓòÉΓòÉΓòÉΓòÉΓòÉΓòÉΓòÉΓòÉΓòÉΓòÉΓòÉΓòÉΓòÉΓòÉΓòÉΓòÉΓòÉΓòÉΓòÉΓòÉΓòÉΓòÉΓòÉΓòÉΓòÉΓòÉΓòÉΓòÉΓòÉΓòÉΓòÉΓòÉΓòÉΓòÉΓòÉΓòÉΓòÉΓòÉΓòÉΓòÉΓòÉΓòÉΓòÉΓòÉΓòÉΓòÉΓòÉΓòÉΓòÉΓòÉΓòÉΓòÉ
The following TestFailure was thrown running a test:
Expected: exactly one matching candidate
  Actual: _TextWidgetFinder:<Found 0 widgets with text "Arsenal": []>
   Which: means none were found but one was expected

When the exception was thrown, this was the stack:
#4      main.<anonymous closure>.<anonymous closure>.<anonymous closure> (file:///D:/Projects/SportsApp/test/widgets/match_card_test.dart:33:9)
<asynchronous suspension>
#5      main.<anonymous closure>.<anonymous closure> (file:///D:/Projects/SportsApp/test/widgets/match_card_test.dart:19:7)
<asynchronous suspension>
#6      testWidgets.<anonymous closure>.<anonymous closure> (package:flutter_test/src/widget_tester.dart:192:15)
<asynchronous suspension>
#7      TestWidgetsFlutterBinding._runTestBody (package:flutter_test/src/binding.dart:1682:5)
<asynchronous suspension>
<asynchronous suspension>
(elided one frame from package:stack_trace)

This was caught by the test expectation on the following line:
  file:///D:/Projects/SportsApp/test/widgets/match_card_test.dart line 33
The test description was:
  renders live match correctly
ΓòÉΓòÉΓòÉΓòÉΓòÉΓòÉΓòÉΓòÉΓòÉΓòÉΓòÉΓòÉΓòÉΓòÉΓòÉΓòÉΓòÉΓòÉΓòÉΓòÉΓòÉΓòÉΓòÉΓòÉΓòÉΓòÉΓòÉΓòÉΓòÉΓòÉΓòÉΓòÉΓòÉΓòÉΓòÉΓòÉΓòÉΓòÉΓòÉΓòÉΓòÉΓòÉΓòÉΓòÉΓòÉΓòÉΓòÉΓòÉΓòÉΓòÉΓòÉΓòÉΓòÉΓòÉΓòÉΓòÉΓòÉΓòÉΓòÉΓòÉΓòÉΓòÉΓòÉΓòÉΓòÉΓòÉΓòÉΓòÉΓòÉΓòÉΓòÉΓòÉΓòÉΓòÉΓòÉΓòÉΓòÉΓòÉΓòÉΓòÉΓòÉΓòÉΓòÉΓòÉΓòÉΓòÉΓòÉΓòÉΓòÉΓòÉΓòÉΓòÉΓòÉΓòÉΓòÉΓòÉΓòÉΓòÉΓòÉΓòÉ
ΓòÉΓòÉΓòí EXCEPTION CAUGHT BY FLUTTER TEST FRAMEWORK Γò₧ΓòÉΓòÉΓòÉΓòÉΓòÉΓòÉΓòÉΓòÉΓòÉΓòÉΓòÉΓòÉΓòÉΓòÉΓòÉΓòÉΓòÉΓòÉΓòÉΓòÉΓòÉΓòÉΓòÉΓòÉΓòÉΓòÉΓòÉΓòÉΓòÉΓòÉΓòÉΓòÉΓòÉΓòÉΓòÉΓòÉΓòÉΓòÉΓòÉΓòÉΓòÉΓòÉΓòÉΓòÉΓòÉΓòÉΓòÉΓòÉΓòÉΓòÉΓòÉΓòÉ
The following message was thrown:
Multiple exceptions (2) were detected during the running of the current test, and at least one was
unexpected.
ΓòÉΓòÉΓòÉΓòÉΓòÉΓòÉΓòÉΓòÉΓòÉΓòÉΓòÉΓòÉΓòÉΓòÉΓòÉΓòÉΓòÉΓòÉΓòÉΓòÉΓòÉΓòÉΓòÉΓòÉΓòÉΓòÉΓòÉΓòÉΓòÉΓòÉΓòÉΓòÉΓòÉΓòÉΓòÉΓòÉΓòÉΓòÉΓòÉΓòÉΓòÉΓòÉΓòÉΓòÉΓòÉΓòÉΓòÉΓòÉΓòÉΓòÉΓòÉΓòÉΓòÉΓòÉΓòÉΓòÉΓòÉΓòÉΓòÉΓòÉΓòÉΓòÉΓòÉΓòÉΓòÉΓòÉΓòÉΓòÉΓòÉΓòÉΓòÉΓòÉΓòÉΓòÉΓòÉΓòÉΓòÉΓòÉΓòÉΓòÉΓòÉΓòÉΓòÉΓòÉΓòÉΓòÉΓòÉΓòÉΓòÉΓòÉΓòÉΓòÉΓòÉΓòÉΓòÉΓòÉΓòÉΓòÉΓòÉΓòÉ
00:02 +29 -9: D:/Projects/SportsApp/test/widgets/match_card_test.dart: MatchCard Widget renders live match correctly [E]
  Test failed. See exception logs above.
  The test description was: renders live match correctly
  
00:02 +29 -9: D:/Projects/SportsApp/test/widgets/match_card_test.dart: MatchCard Widget renders finished match correctly
ΓòÉΓòÉΓòí EXCEPTION CAUGHT BY WIDGETS LIBRARY Γò₧ΓòÉΓòÉΓòÉΓòÉΓòÉΓòÉΓòÉΓòÉΓòÉΓòÉΓòÉΓòÉΓòÉΓòÉΓòÉΓòÉΓòÉΓòÉΓòÉΓòÉΓòÉΓòÉΓòÉΓòÉΓòÉΓòÉΓòÉΓòÉΓòÉΓòÉΓòÉΓòÉΓòÉΓòÉΓòÉΓòÉΓòÉΓòÉΓòÉΓòÉΓòÉΓòÉΓòÉΓòÉΓòÉΓòÉΓòÉΓòÉΓòÉΓòÉΓòÉΓòÉΓòÉΓòÉΓòÉΓòÉΓòÉΓòÉΓòÉ
The following _TypeError was thrown building MatchCard(dirty, dependencies:
[InheritedCupertinoTheme, _InheritedTheme, _LocalizationsScope-[GlobalKey#06438]]):
Null check operator used on a null value

The relevant error-causing widget was:
  MatchCard MatchCard:file:///D:/Projects/SportsApp/test/widgets/match_card_test.dart:48:11

When the exception was thrown, this was the stack:
#0      ThemeContext.colors (package:sports_app/theme/app_theme.dart:4:64)
#1      MatchCard.build (package:sports_app/widgets/match_card.dart:39:172)
#2      StatelessElement.build (package:flutter/src/widgets/framework.dart:5889:49)
#3      ComponentElement.performRebuild (package:flutter/src/widgets/framework.dart:5817:15)
#4      Element.rebuild (package:flutter/src/widgets/framework.dart:5529:7)
#5      ComponentElement._firstBuild (package:flutter/src/widgets/framework.dart:5799:5)
#6      ComponentElement.mount (package:flutter/src/widgets/framework.dart:5793:5)
...     Normal element mounting (25 frames)
#31     Element.inflateWidget (package:flutter/src/widgets/framework.dart:4587:20)
#32     MultiChildRenderObjectElement.inflateWidget (package:flutter/src/widgets/framework.dart:7264:36)
#33     MultiChildRenderObjectElement.mount (package:flutter/src/widgets/framework.dart:7279:32)
...     Normal element mounting (364 frames)
#397    Element.inflateWidget (package:flutter/src/widgets/framework.dart:4587:20)
#398    MultiChildRenderObjectElement.inflateWidget (package:flutter/src/widgets/framework.dart:7264:36)
#399    MultiChildRenderObjectElement.mount (package:flutter/src/widgets/framework.dart:7279:32)
...     Normal element mounting (467 frames)
#866    Element.inflateWidget (package:flutter/src/widgets/framework.dart:4587:20)
#867    Element.updateChild (package:flutter/src/widgets/framework.dart:4053:20)
#868    ComponentElement.performRebuild (package:flutter/src/widgets/framework.dart:5841:16)
#869    Element.rebuild (package:flutter/src/widgets/framework.dart:5529:7)
#870    ProxyElement.update (package:flutter/src/widgets/framework.dart:6149:5)
#871    _InheritedNotifierElement.update (package:flutter/src/widgets/inherited_notifier.dart:108:11)
#872    Element.updateChild (package:flutter/src/widgets/framework.dart:4037:15)
#873    ComponentElement.performRebuild (package:flutter/src/widgets/framework.dart:5841:16)
#874    StatefulElement.performRebuild (package:flutter/src/widgets/framework.dart:5982:11)
#875    Element.rebuild (package:flutter/src/widgets/framework.dart:5529:7)
#876    StatefulElement.update (package:flutter/src/widgets/framework.dart:6007:5)
#877    Element.updateChild (package:flutter/src/widgets/framework.dart:4037:15)
#878    ComponentElement.performRebuild (package:flutter/src/widgets/framework.dart:5841:16)
#879    Element.rebuild (package:flutter/src/widgets/framework.dart:5529:7)
#880    ProxyElement.update (package:flutter/src/widgets/framework.dart:6149:5)
#881    _InheritedNotifierElement.update (package:flutter/src/widgets/inherited_notifier.dart:108:11)
#882    Element.updateChild (package:flutter/src/widgets/framework.dart:4037:15)
#883    ComponentElement.performRebuild (package:flutter/src/widgets/framework.dart:5841:16)
#884    StatefulElement.performRebuild (package:flutter/src/widgets/framework.dart:5982:11)
#885    Element.rebuild (package:flutter/src/widgets/framework.dart:5529:7)
#886    StatefulElement.update (package:flutter/src/widgets/framework.dart:6007:5)
#887    Element.updateChild (package:flutter/src/widgets/framework.dart:4037:15)
#888    ComponentElement.performRebuild (package:flutter/src/widgets/framework.dart:5841:16)
#889    StatefulElement.performRebuild (package:flutter/src/widgets/framework.dart:5982:11)
#890    Element.rebuild (package:flutter/src/widgets/framework.dart:5529:7)
#891    StatefulElement.update (package:flutter/src/widgets/framework.dart:6007:5)
#892    Element.updateChild (package:flutter/src/widgets/framework.dart:4037:15)
#893    ComponentElement.performRebuild (package:flutter/src/widgets/framework.dart:5841:16)
#894    Element.rebuild (package:flutter/src/widgets/framework.dart:5529:7)
#895    ProxyElement.update (package:flutter/src/widgets/framework.dart:6149:5)
#896    Element.updateChild (package:flutter/src/widgets/framework.dart:4037:15)
#897    ComponentElement.performRebuild (package:flutter/src/widgets/framework.dart:5841:16)
#898    StatefulElement.performRebuild (package:flutter/src/widgets/framework.dart:5982:11)
#899    Element.rebuild (package:flutter/src/widgets/framework.dart:5529:7)
#900    StatefulElement.update (package:flutter/src/widgets/framework.dart:6007:5)
#901    Element.updateChild (package:flutter/src/widgets/framework.dart:4037:15)
#902    ComponentElement.performRebuild (package:flutter/src/widgets/framework.dart:5841:16)
#903    Element.rebuild (package:flutter/src/widgets/framework.dart:5529:7)
#904    ProxyElement.update (package:flutter/src/widgets/framework.dart:6149:5)
#905    Element.updateChild (package:flutter/src/widgets/framework.dart:4037:15)
#906    ComponentElement.performRebuild (package:flutter/src/widgets/framework.dart:5841:16)
#907    Element.rebuild (package:flutter/src/widgets/framework.dart:5529:7)
#908    ProxyElement.update (package:flutter/src/widgets/framework.dart:6149:5)
#909    Element.updateChild (package:flutter/src/widgets/framework.dart:4037:15)
#910    _RawViewElement._updateChild (package:flutter/src/widgets/view.dart:481:16)
#911    _RawViewElement.update (package:flutter/src/widgets/view.dart:568:5)
#912    Element.updateChild (package:flutter/src/widgets/framework.dart:4037:15)
#913    ComponentElement.performRebuild (package:flutter/src/widgets/framework.dart:5841:16)
#914    Element.rebuild (package:flutter/src/widgets/framework.dart:5529:7)
#915    StatelessElement.update (package:flutter/src/widgets/framework.dart:5895:5)
#916    Element.updateChild (package:flutter/src/widgets/framework.dart:4037:15)
#917    ComponentElement.performRebuild (package:flutter/src/widgets/framework.dart:5841:16)
#918    StatefulElement.performRebuild (package:flutter/src/widgets/framework.dart:5982:11)
#919    Element.rebuild (package:flutter/src/widgets/framework.dart:5529:7)
#920    StatefulElement.update (package:flutter/src/widgets/framework.dart:6007:5)
#921    Element.updateChild (package:flutter/src/widgets/framework.dart:4037:15)
#922    RootElement._rebuild (package:flutter/src/widgets/binding.dart:1822:16)
#923    RootElement.update (package:flutter/src/widgets/binding.dart:1800:5)
#924    RootElement.performRebuild (package:flutter/src/widgets/binding.dart:1814:7)
#925    Element.rebuild (package:flutter/src/widgets/framework.dart:5529:7)
#926    BuildScope._tryRebuild (package:flutter/src/widgets/framework.dart:2750:15)
#927    BuildScope._flushDirtyElements (package:flutter/src/widgets/framework.dart:2807:11)
#928    BuildOwner.buildScope (package:flutter/src/widgets/framework.dart:3111:18)
#929    AutomatedTestWidgetsFlutterBinding.drawFrame (package:flutter_test/src/binding.dart:2131:19)
#930    RendererBinding._handlePersistentFrameCallback (package:flutter/src/rendering/binding.dart:495:5)
#931    SchedulerBinding._invokeFrameCallback (package:flutter/src/scheduler/binding.dart:1430:15)
#932    SchedulerBinding.handleDrawFrame (package:flutter/src/scheduler/binding.dart:1345:9)
#933    AutomatedTestWidgetsFlutterBinding.pump.<anonymous closure> (package:flutter_test/src/binding.dart:1960:9)
#936    TestAsyncUtils.guard (package:flutter_test/src/test_async_utils.dart:74:41)
#937    AutomatedTestWidgetsFlutterBinding.pump (package:flutter_test/src/binding.dart:1949:27)
#938    WidgetTester.pumpWidget.<anonymous closure> (package:flutter_test/src/widget_tester.dart:598:22)
#941    TestAsyncUtils.guard (package:flutter_test/src/test_async_utils.dart:74:41)
#942    WidgetTester.pumpWidget (package:flutter_test/src/widget_tester.dart:595:27)
#943    main.<anonymous closure>.<anonymous closure>.<anonymous closure> (file:///D:/Projects/SportsApp/test/widgets/match_card_test.dart:47:22)
#948    HttpOverrides.runZoned (dart:_http/overrides.dart:59:23)
#949    mockNetworkImagesFor (package:network_image_mock/src/network_image_mock.dart:9:24)
#950    main.<anonymous closure>.<anonymous closure> (file:///D:/Projects/SportsApp/test/widgets/match_card_test.dart:44:13)
#951    testWidgets.<anonymous closure>.<anonymous closure> (package:flutter_test/src/widget_tester.dart:192:29)
<asynchronous suspension>
#952    TestWidgetsFlutterBinding._runTestBody (package:flutter_test/src/binding.dart:1682:5)
<asynchronous suspension>
<asynchronous suspension>
(elided 9 frames from dart:async and package:stack_trace)

ΓòÉΓòÉΓòÉΓòÉΓòÉΓòÉΓòÉΓòÉΓòÉΓòÉΓòÉΓòÉΓòÉΓòÉΓòÉΓòÉΓòÉΓòÉΓòÉΓòÉΓòÉΓòÉΓòÉΓòÉΓòÉΓòÉΓòÉΓòÉΓòÉΓòÉΓòÉΓòÉΓòÉΓòÉΓòÉΓòÉΓòÉΓòÉΓòÉΓòÉΓòÉΓòÉΓòÉΓòÉΓòÉΓòÉΓòÉΓòÉΓòÉΓòÉΓòÉΓòÉΓòÉΓòÉΓòÉΓòÉΓòÉΓòÉΓòÉΓòÉΓòÉΓòÉΓòÉΓòÉΓòÉΓòÉΓòÉΓòÉΓòÉΓòÉΓòÉΓòÉΓòÉΓòÉΓòÉΓòÉΓòÉΓòÉΓòÉΓòÉΓòÉΓòÉΓòÉΓòÉΓòÉΓòÉΓòÉΓòÉΓòÉΓòÉΓòÉΓòÉΓòÉΓòÉΓòÉΓòÉΓòÉΓòÉΓòÉΓòÉ
ΓòÉΓòÉΓòí EXCEPTION CAUGHT BY FLUTTER TEST FRAMEWORK Γò₧ΓòÉΓòÉΓòÉΓòÉΓòÉΓòÉΓòÉΓòÉΓòÉΓòÉΓòÉΓòÉΓòÉΓòÉΓòÉΓòÉΓòÉΓòÉΓòÉΓòÉΓòÉΓòÉΓòÉΓòÉΓòÉΓòÉΓòÉΓòÉΓòÉΓòÉΓòÉΓòÉΓòÉΓòÉΓòÉΓòÉΓòÉΓòÉΓòÉΓòÉΓòÉΓòÉΓòÉΓòÉΓòÉΓòÉΓòÉΓòÉΓòÉΓòÉΓòÉΓòÉ
The following TestFailure was thrown running a test:
Expected: exactly one matching candidate
  Actual: _TextWidgetFinder:<Found 0 widgets with text "Full
          Time": []>
   Which: means none were found but one was expected

When the exception was thrown, this was the stack:
#4      main.<anonymous closure>.<anonymous closure>.<anonymous closure> (file:///D:/Projects/SportsApp/test/widgets/match_card_test.dart:51:9)
<asynchronous suspension>
#5      main.<anonymous closure>.<anonymous closure> (file:///D:/Projects/SportsApp/test/widgets/match_card_test.dart:44:7)
<asynchronous suspension>
#6      testWidgets.<anonymous closure>.<anonymous closure> (package:flutter_test/src/widget_tester.dart:192:15)
<asynchronous suspension>
#7      TestWidgetsFlutterBinding._runTestBody (package:flutter_test/src/binding.dart:1682:5)
<asynchronous suspension>
<asynchronous suspension>
(elided one frame from package:stack_trace)

This was caught by the test expectation on the following line:
  file:///D:/Projects/SportsApp/test/widgets/match_card_test.dart line 51
The test description was:
  renders finished match correctly
ΓòÉΓòÉΓòÉΓòÉΓòÉΓòÉΓòÉΓòÉΓòÉΓòÉΓòÉΓòÉΓòÉΓòÉΓòÉΓòÉΓòÉΓòÉΓòÉΓòÉΓòÉΓòÉΓòÉΓòÉΓòÉΓòÉΓòÉΓòÉΓòÉΓòÉΓòÉΓòÉΓòÉΓòÉΓòÉΓòÉΓòÉΓòÉΓòÉΓòÉΓòÉΓòÉΓòÉΓòÉΓòÉΓòÉΓòÉΓòÉΓòÉΓòÉΓòÉΓòÉΓòÉΓòÉΓòÉΓòÉΓòÉΓòÉΓòÉΓòÉΓòÉΓòÉΓòÉΓòÉΓòÉΓòÉΓòÉΓòÉΓòÉΓòÉΓòÉΓòÉΓòÉΓòÉΓòÉΓòÉΓòÉΓòÉΓòÉΓòÉΓòÉΓòÉΓòÉΓòÉΓòÉΓòÉΓòÉΓòÉΓòÉΓòÉΓòÉΓòÉΓòÉΓòÉΓòÉΓòÉΓòÉΓòÉΓòÉΓòÉ
ΓòÉΓòÉΓòí EXCEPTION CAUGHT BY FLUTTER TEST FRAMEWORK Γò₧ΓòÉΓòÉΓòÉΓòÉΓòÉΓòÉΓòÉΓòÉΓòÉΓòÉΓòÉΓòÉΓòÉΓòÉΓòÉΓòÉΓòÉΓòÉΓòÉΓòÉΓòÉΓòÉΓòÉΓòÉΓòÉΓòÉΓòÉΓòÉΓòÉΓòÉΓòÉΓòÉΓòÉΓòÉΓòÉΓòÉΓòÉΓòÉΓòÉΓòÉΓòÉΓòÉΓòÉΓòÉΓòÉΓòÉΓòÉΓòÉΓòÉΓòÉΓòÉΓòÉ
The following message was thrown:
Multiple exceptions (2) were detected during the running of the current test, and at least one was
unexpected.
ΓòÉΓòÉΓòÉΓòÉΓòÉΓòÉΓòÉΓòÉΓòÉΓòÉΓòÉΓòÉΓòÉΓòÉΓòÉΓòÉΓòÉΓòÉΓòÉΓòÉΓòÉΓòÉΓòÉΓòÉΓòÉΓòÉΓòÉΓòÉΓòÉΓòÉΓòÉΓòÉΓòÉΓòÉΓòÉΓòÉΓòÉΓòÉΓòÉΓòÉΓòÉΓòÉΓòÉΓòÉΓòÉΓòÉΓòÉΓòÉΓòÉΓòÉΓòÉΓòÉΓòÉΓòÉΓòÉΓòÉΓòÉΓòÉΓòÉΓòÉΓòÉΓòÉΓòÉΓòÉΓòÉΓòÉΓòÉΓòÉΓòÉΓòÉΓòÉΓòÉΓòÉΓòÉΓòÉΓòÉΓòÉΓòÉΓòÉΓòÉΓòÉΓòÉΓòÉΓòÉΓòÉΓòÉΓòÉΓòÉΓòÉΓòÉΓòÉΓòÉΓòÉΓòÉΓòÉΓòÉΓòÉΓòÉΓòÉΓòÉ
00:03 +29 -10: D:/Projects/SportsApp/test/widgets/match_card_test.dart: MatchCard Widget renders finished match correctly [E]
  Test failed. See exception logs above.
  The test description was: renders finished match correctly
  
00:03 +29 -10: D:/Projects/SportsApp/test/widgets/match_card_test.dart: MatchCard Widget renders upcoming match correctly with time and ODDS
ΓòÉΓòÉΓòí EXCEPTION CAUGHT BY WIDGETS LIBRARY Γò₧ΓòÉΓòÉΓòÉΓòÉΓòÉΓòÉΓòÉΓòÉΓòÉΓòÉΓòÉΓòÉΓòÉΓòÉΓòÉΓòÉΓòÉΓòÉΓòÉΓòÉΓòÉΓòÉΓòÉΓòÉΓòÉΓòÉΓòÉΓòÉΓòÉΓòÉΓòÉΓòÉΓòÉΓòÉΓòÉΓòÉΓòÉΓòÉΓòÉΓòÉΓòÉΓòÉΓòÉΓòÉΓòÉΓòÉΓòÉΓòÉΓòÉΓòÉΓòÉΓòÉΓòÉΓòÉΓòÉΓòÉΓòÉΓòÉΓòÉ
The following _TypeError was thrown building MatchCard(dirty, dependencies:
[InheritedCupertinoTheme, _InheritedTheme, _LocalizationsScope-[GlobalKey#413bc]]):
Null check operator used on a null value

The relevant error-causing widget was:
  MatchCard MatchCard:file:///D:/Projects/SportsApp/test/widgets/match_card_test.dart:65:11

When the exception was thrown, this was the stack:
#0      ThemeContext.colors (package:sports_app/theme/app_theme.dart:4:64)
#1      MatchCard.build (package:sports_app/widgets/match_card.dart:39:172)
#2      StatelessElement.build (package:flutter/src/widgets/framework.dart:5889:49)
#3      ComponentElement.performRebuild (package:flutter/src/widgets/framework.dart:5817:15)
#4      Element.rebuild (package:flutter/src/widgets/framework.dart:5529:7)
#5      ComponentElement._firstBuild (package:flutter/src/widgets/framework.dart:5799:5)
#6      ComponentElement.mount (package:flutter/src/widgets/framework.dart:5793:5)
...     Normal element mounting (25 frames)
#31     Element.inflateWidget (package:flutter/src/widgets/framework.dart:4587:20)
#32     MultiChildRenderObjectElement.inflateWidget (package:flutter/src/widgets/framework.dart:7264:36)
#33     MultiChildRenderObjectElement.mount (package:flutter/src/widgets/framework.dart:7279:32)
...     Normal element mounting (364 frames)
#397    Element.inflateWidget (package:flutter/src/widgets/framework.dart:4587:20)
#398    MultiChildRenderObjectElement.inflateWidget (package:flutter/src/widgets/framework.dart:7264:36)
#399    MultiChildRenderObjectElement.mount (package:flutter/src/widgets/framework.dart:7279:32)
...     Normal element mounting (467 frames)
#866    Element.inflateWidget (package:flutter/src/widgets/framework.dart:4587:20)
#867    Element.updateChild (package:flutter/src/widgets/framework.dart:4053:20)
#868    ComponentElement.performRebuild (package:flutter/src/widgets/framework.dart:5841:16)
#869    Element.rebuild (package:flutter/src/widgets/framework.dart:5529:7)
#870    ProxyElement.update (package:flutter/src/widgets/framework.dart:6149:5)
#871    _InheritedNotifierElement.update (package:flutter/src/widgets/inherited_notifier.dart:108:11)
#872    Element.updateChild (package:flutter/src/widgets/framework.dart:4037:15)
#873    ComponentElement.performRebuild (package:flutter/src/widgets/framework.dart:5841:16)
#874    StatefulElement.performRebuild (package:flutter/src/widgets/framework.dart:5982:11)
#875    Element.rebuild (package:flutter/src/widgets/framework.dart:5529:7)
#876    StatefulElement.update (package:flutter/src/widgets/framework.dart:6007:5)
#877    Element.updateChild (package:flutter/src/widgets/framework.dart:4037:15)
#878    ComponentElement.performRebuild (package:flutter/src/widgets/framework.dart:5841:16)
#879    Element.rebuild (package:flutter/src/widgets/framework.dart:5529:7)
#880    ProxyElement.update (package:flutter/src/widgets/framework.dart:6149:5)
#881    _InheritedNotifierElement.update (package:flutter/src/widgets/inherited_notifier.dart:108:11)
#882    Element.updateChild (package:flutter/src/widgets/framework.dart:4037:15)
#883    ComponentElement.performRebuild (package:flutter/src/widgets/framework.dart:5841:16)
#884    StatefulElement.performRebuild (package:flutter/src/widgets/framework.dart:5982:11)
#885    Element.rebuild (package:flutter/src/widgets/framework.dart:5529:7)
#886    StatefulElement.update (package:flutter/src/widgets/framework.dart:6007:5)
#887    Element.updateChild (package:flutter/src/widgets/framework.dart:4037:15)
#888    ComponentElement.performRebuild (package:flutter/src/widgets/framework.dart:5841:16)
#889    StatefulElement.performRebuild (package:flutter/src/widgets/framework.dart:5982:11)
#890    Element.rebuild (package:flutter/src/widgets/framework.dart:5529:7)
#891    StatefulElement.update (package:flutter/src/widgets/framework.dart:6007:5)
#892    Element.updateChild (package:flutter/src/widgets/framework.dart:4037:15)
#893    ComponentElement.performRebuild (package:flutter/src/widgets/framework.dart:5841:16)
#894    Element.rebuild (package:flutter/src/widgets/framework.dart:5529:7)
#895    ProxyElement.update (package:flutter/src/widgets/framework.dart:6149:5)
#896    Element.updateChild (package:flutter/src/widgets/framework.dart:4037:15)
#897    ComponentElement.performRebuild (package:flutter/src/widgets/framework.dart:5841:16)
#898    StatefulElement.performRebuild (package:flutter/src/widgets/framework.dart:5982:11)
#899    Element.rebuild (package:flutter/src/widgets/framework.dart:5529:7)
#900    StatefulElement.update (package:flutter/src/widgets/framework.dart:6007:5)
#901    Element.updateChild (package:flutter/src/widgets/framework.dart:4037:15)
#902    ComponentElement.performRebuild (package:flutter/src/widgets/framework.dart:5841:16)
#903    Element.rebuild (package:flutter/src/widgets/framework.dart:5529:7)
#904    ProxyElement.update (package:flutter/src/widgets/framework.dart:6149:5)
#905    Element.updateChild (package:flutter/src/widgets/framework.dart:4037:15)
#906    ComponentElement.performRebuild (package:flutter/src/widgets/framework.dart:5841:16)
#907    Element.rebuild (package:flutter/src/widgets/framework.dart:5529:7)
#908    ProxyElement.update (package:flutter/src/widgets/framework.dart:6149:5)
#909    Element.updateChild (package:flutter/src/widgets/framework.dart:4037:15)
#910    _RawViewElement._updateChild (package:flutter/src/widgets/view.dart:481:16)
#911    _RawViewElement.update (package:flutter/src/widgets/view.dart:568:5)
#912    Element.updateChild (package:flutter/src/widgets/framework.dart:4037:15)
#913    ComponentElement.performRebuild (package:flutter/src/widgets/framework.dart:5841:16)
#914    Element.rebuild (package:flutter/src/widgets/framework.dart:5529:7)
#915    StatelessElement.update (package:flutter/src/widgets/framework.dart:5895:5)
#916    Element.updateChild (package:flutter/src/widgets/framework.dart:4037:15)
#917    ComponentElement.performRebuild (package:flutter/src/widgets/framework.dart:5841:16)
#918    StatefulElement.performRebuild (package:flutter/src/widgets/framework.dart:5982:11)
#919    Element.rebuild (package:flutter/src/widgets/framework.dart:5529:7)
#920    StatefulElement.update (package:flutter/src/widgets/framework.dart:6007:5)
#921    Element.updateChild (package:flutter/src/widgets/framework.dart:4037:15)
#922    RootElement._rebuild (package:flutter/src/widgets/binding.dart:1822:16)
#923    RootElement.update (package:flutter/src/widgets/binding.dart:1800:5)
#924    RootElement.performRebuild (package:flutter/src/widgets/binding.dart:1814:7)
#925    Element.rebuild (package:flutter/src/widgets/framework.dart:5529:7)
#926    BuildScope._tryRebuild (package:flutter/src/widgets/framework.dart:2750:15)
#927    BuildScope._flushDirtyElements (package:flutter/src/widgets/framework.dart:2807:11)
#928    BuildOwner.buildScope (package:flutter/src/widgets/framework.dart:3111:18)
#929    AutomatedTestWidgetsFlutterBinding.drawFrame (package:flutter_test/src/binding.dart:2131:19)
#930    RendererBinding._handlePersistentFrameCallback (package:flutter/src/rendering/binding.dart:495:5)
#931    SchedulerBinding._invokeFrameCallback (package:flutter/src/scheduler/binding.dart:1430:15)
#932    SchedulerBinding.handleDrawFrame (package:flutter/src/scheduler/binding.dart:1345:9)
#933    AutomatedTestWidgetsFlutterBinding.pump.<anonymous closure> (package:flutter_test/src/binding.dart:1960:9)
#936    TestAsyncUtils.guard (package:flutter_test/src/test_async_utils.dart:74:41)
#937    AutomatedTestWidgetsFlutterBinding.pump (package:flutter_test/src/binding.dart:1949:27)
#938    WidgetTester.pumpWidget.<anonymous closure> (package:flutter_test/src/widget_tester.dart:598:22)
#941    TestAsyncUtils.guard (package:flutter_test/src/test_async_utils.dart:74:41)
#942    WidgetTester.pumpWidget (package:flutter_test/src/widget_tester.dart:595:27)
#943    main.<anonymous closure>.<anonymous closure>.<anonymous closure> (file:///D:/Projects/SportsApp/test/widgets/match_card_test.dart:64:22)
#948    HttpOverrides.runZoned (dart:_http/overrides.dart:59:23)
#949    mockNetworkImagesFor (package:network_image_mock/src/network_image_mock.dart:9:24)
#950    main.<anonymous closure>.<anonymous closure> (file:///D:/Projects/SportsApp/test/widgets/match_card_test.dart:58:13)
#951    testWidgets.<anonymous closure>.<anonymous closure> (package:flutter_test/src/widget_tester.dart:192:29)
<asynchronous suspension>
#952    TestWidgetsFlutterBinding._runTestBody (package:flutter_test/src/binding.dart:1682:5)
<asynchronous suspension>
<asynchronous suspension>
(elided 9 frames from dart:async and package:stack_trace)

ΓòÉΓòÉΓòÉΓòÉΓòÉΓòÉΓòÉΓòÉΓòÉΓòÉΓòÉΓòÉΓòÉΓòÉΓòÉΓòÉΓòÉΓòÉΓòÉΓòÉΓòÉΓòÉΓòÉΓòÉΓòÉΓòÉΓòÉΓòÉΓòÉΓòÉΓòÉΓòÉΓòÉΓòÉΓòÉΓòÉΓòÉΓòÉΓòÉΓòÉΓòÉΓòÉΓòÉΓòÉΓòÉΓòÉΓòÉΓòÉΓòÉΓòÉΓòÉΓòÉΓòÉΓòÉΓòÉΓòÉΓòÉΓòÉΓòÉΓòÉΓòÉΓòÉΓòÉΓòÉΓòÉΓòÉΓòÉΓòÉΓòÉΓòÉΓòÉΓòÉΓòÉΓòÉΓòÉΓòÉΓòÉΓòÉΓòÉΓòÉΓòÉΓòÉΓòÉΓòÉΓòÉΓòÉΓòÉΓòÉΓòÉΓòÉΓòÉΓòÉΓòÉΓòÉΓòÉΓòÉΓòÉΓòÉΓòÉΓòÉ
ΓòÉΓòÉΓòí EXCEPTION CAUGHT BY FLUTTER TEST FRAMEWORK Γò₧ΓòÉΓòÉΓòÉΓòÉΓòÉΓòÉΓòÉΓòÉΓòÉΓòÉΓòÉΓòÉΓòÉΓòÉΓòÉΓòÉΓòÉΓòÉΓòÉΓòÉΓòÉΓòÉΓòÉΓòÉΓòÉΓòÉΓòÉΓòÉΓòÉΓòÉΓòÉΓòÉΓòÉΓòÉΓòÉΓòÉΓòÉΓòÉΓòÉΓòÉΓòÉΓòÉΓòÉΓòÉΓòÉΓòÉΓòÉΓòÉΓòÉΓòÉΓòÉΓòÉ
The following TestFailure was thrown running a test:
Expected: exactly one matching candidate
  Actual: _TextWidgetFinder:<Found 0 widgets with text "ODDS 2.10": []>
   Which: means none were found but one was expected

When the exception was thrown, this was the stack:
#4      main.<anonymous closure>.<anonymous closure>.<anonymous closure> (file:///D:/Projects/SportsApp/test/widgets/match_card_test.dart:68:9)
<asynchronous suspension>
#5      main.<anonymous closure>.<anonymous closure> (file:///D:/Projects/SportsApp/test/widgets/match_card_test.dart:58:7)
<asynchronous suspension>
#6      testWidgets.<anonymous closure>.<anonymous closure> (package:flutter_test/src/widget_tester.dart:192:15)
<asynchronous suspension>
#7      TestWidgetsFlutterBinding._runTestBody (package:flutter_test/src/binding.dart:1682:5)
<asynchronous suspension>
<asynchronous suspension>
(elided one frame from package:stack_trace)

This was caught by the test expectation on the following line:
  file:///D:/Projects/SportsApp/test/widgets/match_card_test.dart line 68
The test description was:
  renders upcoming match correctly with time and ODDS
ΓòÉΓòÉΓòÉΓòÉΓòÉΓòÉΓòÉΓòÉΓòÉΓòÉΓòÉΓòÉΓòÉΓòÉΓòÉΓòÉΓòÉΓòÉΓòÉΓòÉΓòÉΓòÉΓòÉΓòÉΓòÉΓòÉΓòÉΓòÉΓòÉΓòÉΓòÉΓòÉΓòÉΓòÉΓòÉΓòÉΓòÉΓòÉΓòÉΓòÉΓòÉΓòÉΓòÉΓòÉΓòÉΓòÉΓòÉΓòÉΓòÉΓòÉΓòÉΓòÉΓòÉΓòÉΓòÉΓòÉΓòÉΓòÉΓòÉΓòÉΓòÉΓòÉΓòÉΓòÉΓòÉΓòÉΓòÉΓòÉΓòÉΓòÉΓòÉΓòÉΓòÉΓòÉΓòÉΓòÉΓòÉΓòÉΓòÉΓòÉΓòÉΓòÉΓòÉΓòÉΓòÉΓòÉΓòÉΓòÉΓòÉΓòÉΓòÉΓòÉΓòÉΓòÉΓòÉΓòÉΓòÉΓòÉΓòÉΓòÉ
ΓòÉΓòÉΓòí EXCEPTION CAUGHT BY FLUTTER TEST FRAMEWORK Γò₧ΓòÉΓòÉΓòÉΓòÉΓòÉΓòÉΓòÉΓòÉΓòÉΓòÉΓòÉΓòÉΓòÉΓòÉΓòÉΓòÉΓòÉΓòÉΓòÉΓòÉΓòÉΓòÉΓòÉΓòÉΓòÉΓòÉΓòÉΓòÉΓòÉΓòÉΓòÉΓòÉΓòÉΓòÉΓòÉΓòÉΓòÉΓòÉΓòÉΓòÉΓòÉΓòÉΓòÉΓòÉΓòÉΓòÉΓòÉΓòÉΓòÉΓòÉΓòÉΓòÉ
The following message was thrown:
Multiple exceptions (2) were detected during the running of the current test, and at least one was
unexpected.
ΓòÉΓòÉΓòÉΓòÉΓòÉΓòÉΓòÉΓòÉΓòÉΓòÉΓòÉΓòÉΓòÉΓòÉΓòÉΓòÉΓòÉΓòÉΓòÉΓòÉΓòÉΓòÉΓòÉΓòÉΓòÉΓòÉΓòÉΓòÉΓòÉΓòÉΓòÉΓòÉΓòÉΓòÉΓòÉΓòÉΓòÉΓòÉΓòÉΓòÉΓòÉΓòÉΓòÉΓòÉΓòÉΓòÉΓòÉΓòÉΓòÉΓòÉΓòÉΓòÉΓòÉΓòÉΓòÉΓòÉΓòÉΓòÉΓòÉΓòÉΓòÉΓòÉΓòÉΓòÉΓòÉΓòÉΓòÉΓòÉΓòÉΓòÉΓòÉΓòÉΓòÉΓòÉΓòÉΓòÉΓòÉΓòÉΓòÉΓòÉΓòÉΓòÉΓòÉΓòÉΓòÉΓòÉΓòÉΓòÉΓòÉΓòÉΓòÉΓòÉΓòÉΓòÉΓòÉΓòÉΓòÉΓòÉΓòÉΓòÉ
00:03 +29 -11: D:/Projects/SportsApp/test/widgets/match_card_test.dart: MatchCard Widget renders upcoming match correctly with time and ODDS [E]
  Test failed. See exception logs above.
  The test description was: renders upcoming match correctly with time and ODDS
  
00:03 +29 -11: Some tests failed.
